{
    "Should run with a specified number of HVGs": {
        "content": [
            {
                "SCANPY_HVGS": {
                    "python": "3.13.12",
                    "scanpy": "1.12"
                }
            },
            "n_obs: 38234\nn_vars: 100\nobs:\n  index: _index\n  columns:\n    - sample\nvar:\n  index: _index\n  columns:\n    - dispersions\n    - dispersions_norm\n    - highly_variable\n    - means\nlayers:\nobsm:\nvarm:\nobsp:\nvarp:\nuns:\n  - hvg\n  - log1p\n"
        ],
        "timestamp": "2026-03-25T15:44:54.05696891",
        "meta": {
            "nf-test": "0.9.4",
            "nextflow": "25.10.2"
        }
    },
    "Should run without a specified number of HVGs": {
        "content": [
            {
                "SCANPY_HVGS": {
                    "python": "3.13.12",
                    "scanpy": "1.12"
                }
            },
            "n_obs: 38234\nn_vars: 251\nobs:\n  index: _index\n  columns:\n    - sample\nvar:\n  index: _index\n  columns:\n    - dispersions\n    - dispersions_norm\n    - highly_variable\n    - means\nlayers:\nobsm:\nvarm:\nobsp:\nvarp:\nuns:\n  - hvg\n  - log1p\n"
        ],
        "timestamp": "2026-03-25T15:44:22.933975481",
        "meta": {
            "nf-test": "0.9.4",
            "nextflow": "25.10.2"
        }
    },
    "Should run without failures - stub": {
        "content": [
            {
                "0": [
                    [
                        {
                            "id": "test"
                        },
                        "test_hvg.h5ad:md5,d41d8cd98f00b204e9800998ecf8427e"
                    ]
                ],
                "1": [
                    "test_hvg.pkl:md5,d41d8cd98f00b204e9800998ecf8427e"
                ],
                "2": [
                    "versions.yml:md5,d41d8cd98f00b204e9800998ecf8427e"
                ],
                "h5ad": [
                    [
                        {
                            "id": "test"
                        },
                        "test_hvg.h5ad:md5,d41d8cd98f00b204e9800998ecf8427e"
                    ]
                ],
                "var": [
                    "test_hvg.pkl:md5,d41d8cd98f00b204e9800998ecf8427e"
                ],
                "versions": [
                    "versions.yml:md5,d41d8cd98f00b204e9800998ecf8427e"
                ]
            }
        ],
        "timestamp": "2026-03-25T15:46:02.052667216",
        "meta": {
            "nf-test": "0.9.4",
            "nextflow": "25.10.2"
        }
    },
    "Should run with a list of genes excluded from integration": {
        "content": [
            {
                "SCANPY_HVGS": {
                    "python": "3.13.12",
                    "scanpy": "1.12"
                }
            },
            "n_obs: 38234\nn_vars: 100\nobs:\n  index: _index\n  columns:\n    - sample\nvar:\n  index: _index\n  columns:\n    - dispersions\n    - dispersions_norm\n    - highly_variable\n    - means\nlayers:\nobsm:\nvarm:\nobsp:\nvarp:\nuns:\n  - hvg\n  - log1p\n"
        ],
        "timestamp": "2026-03-25T15:45:40.075913692",
        "meta": {
            "nf-test": "0.9.4",
            "nextflow": "25.10.2"
        }
    }
}