{
    "Should run with a specified number of HVGs": {
        "content": [
            [
                "versions.yml:md5,082c751136be043b260385c9829a571d"
            ]
        ],
        "timestamp": "2026-03-24T22:39:20.219700483",
        "meta": {
            "nf-test": "0.9.4",
            "nextflow": "25.10.2"
        }
    },
    "Should run without a specified number of HVGs": {
        "content": [
            [
                "versions.yml:md5,082c751136be043b260385c9829a571d"
            ]
        ],
        "timestamp": "2026-03-24T22:38:55.263409625",
        "meta": {
            "nf-test": "0.9.4",
            "nextflow": "25.10.2"
        }
    },
    "Should run without failures - stub": {
        "content": [
            {
                "0": [
                    [
                        {
                            "id": "test"
                        },
                        "test_hvg.h5ad:md5,d41d8cd98f00b204e9800998ecf8427e"
                    ]
                ],
                "1": [
                    "test_hvg.pkl:md5,d41d8cd98f00b204e9800998ecf8427e"
                ],
                "2": [
                    "versions.yml:md5,d41d8cd98f00b204e9800998ecf8427e"
                ],
                "h5ad": [
                    [
                        {
                            "id": "test"
                        },
                        "test_hvg.h5ad:md5,d41d8cd98f00b204e9800998ecf8427e"
                    ]
                ],
                "var": [
                    "test_hvg.pkl:md5,d41d8cd98f00b204e9800998ecf8427e"
                ],
                "versions": [
                    "versions.yml:md5,d41d8cd98f00b204e9800998ecf8427e"
                ]
            }
        ],
        "timestamp": "2025-06-03T07:49:56.630416945",
        "meta": {
            "nf-test": "0.9.0",
            "nextflow": "25.04.2"
        }
    },
    "Should run with a list of genes excluded from integration": {
        "content": [
            [
                "versions.yml:md5,082c751136be043b260385c9829a571d"
            ]
        ],
        "timestamp": "2026-03-24T22:39:44.588148179",
        "meta": {
            "nf-test": "0.9.4",
            "nextflow": "25.10.2"
        }
    }
}