{
    "Should run with a specified number of HVGs": {
        "content": [
            {
                "0": [
                    [
                        {
                            "id": "test"
                        },
                        "test_hvg.h5ad:md5,9b4a85affd9e528002212b7ad303b326"
                    ]
                ],
                "1": [
                    "test_hvg.pkl:md5,6e7304cb50e936bf78b69ad70b29495e"
                ],
                "2": [
                    "versions.yml:md5,0dd6121b661ca9111145ac517cbdbac6"
                ],
                "h5ad": [
                    [
                        {
                            "id": "test"
                        },
                        "test_hvg.h5ad:md5,9b4a85affd9e528002212b7ad303b326"
                    ]
                ],
                "var": [
                    "test_hvg.pkl:md5,6e7304cb50e936bf78b69ad70b29495e"
                ],
                "versions": [
                    "versions.yml:md5,0dd6121b661ca9111145ac517cbdbac6"
                ]
            }
        ],
        "meta": {
            "nf-test": "0.9.3",
            "nextflow": "25.10.0"
        },
        "timestamp": "2025-11-06T16:27:17.031827508"
    },
    "Should run without a specified number of HVGs": {
        "content": [
            {
                "0": [
                    [
                        {
                            "id": "test"
                        },
                        "test_hvg.h5ad:md5,d0f0107af7a6eee8d06606e7487e2695"
                    ]
                ],
                "1": [
                    "test_hvg.pkl:md5,82f4f37286430dbfbe76a531a53b867d"
                ],
                "2": [
                    "versions.yml:md5,0dd6121b661ca9111145ac517cbdbac6"
                ],
                "h5ad": [
                    [
                        {
                            "id": "test"
                        },
                        "test_hvg.h5ad:md5,d0f0107af7a6eee8d06606e7487e2695"
                    ]
                ],
                "var": [
                    "test_hvg.pkl:md5,82f4f37286430dbfbe76a531a53b867d"
                ],
                "versions": [
                    "versions.yml:md5,0dd6121b661ca9111145ac517cbdbac6"
                ]
            }
        ],
        "meta": {
            "nf-test": "0.9.3",
            "nextflow": "25.10.0"
        },
        "timestamp": "2025-11-06T16:22:50.026974206"
    },
    "Should run without failures - stub": {
        "content": [
            {
                "0": [
                    [
                        {
                            "id": "test"
                        },
                        "test_hvg.h5ad:md5,d41d8cd98f00b204e9800998ecf8427e"
                    ]
                ],
                "1": [
                    "test_hvg.pkl:md5,d41d8cd98f00b204e9800998ecf8427e"
                ],
                "2": [
                    "versions.yml:md5,d41d8cd98f00b204e9800998ecf8427e"
                ],
                "h5ad": [
                    [
                        {
                            "id": "test"
                        },
                        "test_hvg.h5ad:md5,d41d8cd98f00b204e9800998ecf8427e"
                    ]
                ],
                "var": [
                    "test_hvg.pkl:md5,d41d8cd98f00b204e9800998ecf8427e"
                ],
                "versions": [
                    "versions.yml:md5,d41d8cd98f00b204e9800998ecf8427e"
                ]
            }
        ],
        "meta": {
            "nf-test": "0.9.0",
            "nextflow": "25.04.2"
        },
        "timestamp": "2025-06-03T07:49:56.630416945"
    },
    "Should run with a list of genes excluded from integration": {
        "content": [
            {
                "0": [
                    [
                        {
                            "id": "test"
                        },
                        "test_hvg.h5ad:md5,a284845d9f9df76c64439b85677a5908"
                    ]
                ],
                "1": [
                    "test_hvg.pkl:md5,e7432bf749f3ff633369d0b3199a24c4"
                ],
                "2": [
                    "versions.yml:md5,b2cac28d98d45ab02ed7d68691c897e7"
                ],
                "h5ad": [
                    [
                        {
                            "id": "test"
                        },
                        "test_hvg.h5ad:md5,a284845d9f9df76c64439b85677a5908"
                    ]
                ],
                "var": [
                    "test_hvg.pkl:md5,e7432bf749f3ff633369d0b3199a24c4"
                ],
                "versions": [
                    "versions.yml:md5,b2cac28d98d45ab02ed7d68691c897e7"
                ]
            }
        ],
        "meta": {
            "nf-test": "0.9.3",
            "nextflow": "25.10.0"
        },
        "timestamp": "2025-11-06T16:32:08.083057647"
    }
}