{
    "Should run without failures - stub": {
        "content": [
            {
                "0": [
                    [
                        {
                            "id": "test"
                        },
                        "test_leiden.h5ad:md5,d41d8cd98f00b204e9800998ecf8427e"
                    ]
                ],
                "1": [
                    "test_leiden.pkl:md5,d41d8cd98f00b204e9800998ecf8427e"
                ],
                "2": [
                    
                ],
                "3": [
                    
                ],
                "4": [
                    "versions.yml:md5,d41d8cd98f00b204e9800998ecf8427e"
                ],
                "h5ad": [
                    [
                        {
                            "id": "test"
                        },
                        "test_leiden.h5ad:md5,d41d8cd98f00b204e9800998ecf8427e"
                    ]
                ],
                "multiqc_files": [
                    
                ],
                "obs": [
                    "test_leiden.pkl:md5,d41d8cd98f00b204e9800998ecf8427e"
                ],
                "plots": [
                    
                ],
                "versions": [
                    "versions.yml:md5,d41d8cd98f00b204e9800998ecf8427e"
                ]
            }
        ],
        "meta": {
            "nf-test": "0.9.2",
            "nextflow": "25.04.3"
        },
        "timestamp": "2025-06-22T16:15:11.414904265"
    },
    "Should run without failures": {
        "content": [
            {
                "0": [
                    [
                        {
                            "id": "test"
                        },
                        "test_leiden.h5ad:md5,e9c58f2cb8e7d6085461abc8353ed704"
                    ]
                ],
                "1": [
                    "test_leiden.pkl:md5,5af626f8508811356c83d60fd7c6e13a"
                ],
                "2": [
                    
                ],
                "3": [
                    
                ],
                "4": [
                    "versions.yml:md5,d9877a66ed7fe1620ae9c989401cc39d"
                ],
                "h5ad": [
                    [
                        {
                            "id": "test"
                        },
                        "test_leiden.h5ad:md5,e9c58f2cb8e7d6085461abc8353ed704"
                    ]
                ],
                "multiqc_files": [
                    
                ],
                "obs": [
                    "test_leiden.pkl:md5,5af626f8508811356c83d60fd7c6e13a"
                ],
                "plots": [
                    
                ],
                "versions": [
                    "versions.yml:md5,d9877a66ed7fe1620ae9c989401cc39d"
                ]
            }
        ],
        "meta": {
            "nf-test": "0.9.2",
            "nextflow": "25.04.6"
        },
        "timestamp": "2025-08-01T13:25:57.728739105"
    }
}