{
    "Should run without failures - stub": {
        "content": [
            {
                "0": [
                    [
                        {
                            "id": "test"
                        },
                        "test_leiden.h5ad:md5,d41d8cd98f00b204e9800998ecf8427e"
                    ]
                ],
                "1": [
                    "test_leiden.pkl:md5,d41d8cd98f00b204e9800998ecf8427e"
                ],
                "2": [
                    
                ],
                "3": [
                    
                ],
                "4": [
                    "versions.yml:md5,d41d8cd98f00b204e9800998ecf8427e"
                ],
                "h5ad": [
                    [
                        {
                            "id": "test"
                        },
                        "test_leiden.h5ad:md5,d41d8cd98f00b204e9800998ecf8427e"
                    ]
                ],
                "multiqc_files": [
                    
                ],
                "obs": [
                    "test_leiden.pkl:md5,d41d8cd98f00b204e9800998ecf8427e"
                ],
                "plots": [
                    
                ],
                "versions": [
                    "versions.yml:md5,d41d8cd98f00b204e9800998ecf8427e"
                ]
            }
        ],
        "meta": {
            "nf-test": "0.9.2",
            "nextflow": "25.04.3"
        },
        "timestamp": "2025-06-22T16:15:11.414904265"
    },
    "Should run without failures": {
        "content": [
            {
                "0": [
                    [
                        {
                            "id": "test"
                        },
                        "test_leiden.h5ad:md5,1d6ff56d64ab9a23f4f9cbccd6bd844e"
                    ]
                ],
                "1": [
                    "test_leiden.pkl:md5,67d1ac852f9022c1d3af3c361b57f11f"
                ],
                "2": [
                    
                ],
                "3": [
                    
                ],
                "4": [
                    "versions.yml:md5,33a224d2c3ddf18c03987f4a40ea668c"
                ],
                "h5ad": [
                    [
                        {
                            "id": "test"
                        },
                        "test_leiden.h5ad:md5,1d6ff56d64ab9a23f4f9cbccd6bd844e"
                    ]
                ],
                "multiqc_files": [
                    
                ],
                "obs": [
                    "test_leiden.pkl:md5,67d1ac852f9022c1d3af3c361b57f11f"
                ],
                "plots": [
                    
                ],
                "versions": [
                    "versions.yml:md5,33a224d2c3ddf18c03987f4a40ea668c"
                ]
            }
        ],
        "meta": {
            "nf-test": "0.9.2",
            "nextflow": "25.04.7"
        },
        "timestamp": "2026-01-21T14:40:37.023349042"
    }
}