{
    "Should run with 'none' ambient correction": {
        "content": [
            [
                
            ],
            1
        ],
        "timestamp": "2026-03-25T15:46:16.218237575",
        "meta": {
            "nf-test": "0.9.4",
            "nextflow": "25.10.2"
        }
    },
    "Should run with 'decontx' ambient correction to 'X'": {
        "content": [
            [
                "versions.yml:md5,f9ea95abb10a7769d50d14fcaa5734ee"
            ],
            "n_obs: 7373\nn_vars: 9887\nobs:\n  index: _index\n  columns:\n    - sample\nvar:\n  index: _index\n  columns:\nlayers:\nobsm:\nvarm:\nobsp:\nvarp:\nuns:\n"
        ],
        "timestamp": "2026-03-25T15:55:43.229893039",
        "meta": {
            "nf-test": "0.9.4",
            "nextflow": "25.10.2"
        }
    },
    "Should run with 'decontx' ambient correction and no batch column": {
        "content": [
            [
                "versions.yml:md5,f9ea95abb10a7769d50d14fcaa5734ee"
            ],
            "n_obs: 7373\nn_vars: 9887\nobs:\n  index: _index\n  columns:\n    - sample\nvar:\n  index: _index\n  columns:\nlayers:\n  - ambient_corrected_decontx\nobsm:\nvarm:\nobsp:\nvarp:\nuns:\n"
        ],
        "timestamp": "2026-03-25T15:49:17.935387052",
        "meta": {
            "nf-test": "0.9.4",
            "nextflow": "25.10.2"
        }
    },
    "Should run with 'cellbender' ambient correction to 'X'": {
        "content": [
            [
                "versions.yml:md5,1d70371b0f0ca5e50f7ba70335f8946f",
                "versions.yml:md5,e6e98e83cbc9a2924c66e901445bbc4f"
            ],
            "n_obs: 7373\nn_vars: 9887\nobs:\n  index: _index\n  columns:\n    - sample\nvar:\n  index: _index\n  columns:\nlayers:\nobsm:\nvarm:\nobsp:\nvarp:\nuns:\n"
        ],
        "timestamp": "2026-03-25T16:00:43.278473562",
        "meta": {
            "nf-test": "0.9.4",
            "nextflow": "25.10.2"
        }
    },
    "Should run with 'decontx' ambient correction": {
        "content": [
            [
                "versions.yml:md5,f9ea95abb10a7769d50d14fcaa5734ee"
            ],
            "n_obs: 7373\nn_vars: 9887\nobs:\n  index: _index\n  columns:\n    - sample\nvar:\n  index: _index\n  columns:\nlayers:\n  - ambient_corrected_decontx\nobsm:\nvarm:\nobsp:\nvarp:\nuns:\n"
        ],
        "timestamp": "2026-03-25T15:48:15.985988809",
        "meta": {
            "nf-test": "0.9.4",
            "nextflow": "25.10.2"
        }
    },
    "Should run with 'soupx' ambient correction to 'X'": {
        "content": [
            [
                "versions.yml:md5,0266faf0b40a7b86ec9f2b1948f8c7aa"
            ],
            "n_obs: 7373\nn_vars: 9887\nobs:\n  index: _index\n  columns:\n    - sample\nvar:\n  index: _index\n  columns:\nlayers:\nobsm:\nvarm:\nobsp:\nvarp:\nuns:\n"
        ],
        "timestamp": "2026-03-25T15:56:25.809642699",
        "meta": {
            "nf-test": "0.9.4",
            "nextflow": "25.10.2"
        }
    },
    "Should not do anything if ambient correction is disabled in meta": {
        "content": [
            [
                
            ],
            1
        ],
        "timestamp": "2026-03-25T15:46:46.64367644",
        "meta": {
            "nf-test": "0.9.4",
            "nextflow": "25.10.2"
        }
    },
    "Should run with 'scar' ambient correction": {
        "content": [
            [
                "versions.yml:md5,2717cb5f250a65aec0a76a456f7028ba"
            ],
            "n_obs: 7373\nn_vars: 9887\nobs:\n  index: _index\n  columns:\n    - _scvi_batch\n    - _scvi_labels\n    - sample\nvar:\n  index: _index\n  columns:\nlayers:\n  - ambient_corrected_scar\nobsm:\nvarm:\n  - ambient_profile\nobsp:\nvarp:\nuns:\n"
        ],
        "timestamp": "2026-03-25T15:51:33.678378475",
        "meta": {
            "nf-test": "0.9.4",
            "nextflow": "25.10.2"
        }
    },
    "Should run with 'cellbender' ambient correction": {
        "content": [
            [
                "versions.yml:md5,1d70371b0f0ca5e50f7ba70335f8946f",
                "versions.yml:md5,e6e98e83cbc9a2924c66e901445bbc4f"
            ],
            "n_obs: 7373\nn_vars: 9887\nobs:\n  index: _index\n  columns:\n    - sample\nvar:\n  index: _index\n  columns:\nlayers:\n  - ambient_corrected_cellbender\nobsm:\nvarm:\nobsp:\nvarp:\nuns:\n"
        ],
        "timestamp": "2026-03-25T15:54:46.503094206",
        "meta": {
            "nf-test": "0.9.4",
            "nextflow": "25.10.2"
        }
    },
    "Should run with 'soupx' ambient correction": {
        "content": [
            [
                "versions.yml:md5,0266faf0b40a7b86ec9f2b1948f8c7aa"
            ],
            "n_obs: 7373\nn_vars: 9887\nobs:\n  index: _index\n  columns:\n    - sample\nvar:\n  index: _index\n  columns:\nlayers:\n  - ambient_corrected_soupx\nobsm:\nvarm:\nobsp:\nvarp:\nuns:\n"
        ],
        "timestamp": "2026-03-25T15:50:04.360822128",
        "meta": {
            "nf-test": "0.9.4",
            "nextflow": "25.10.2"
        }
    },
    "Should run with 'scar' ambient correction to 'X'": {
        "content": [
            [
                "versions.yml:md5,2717cb5f250a65aec0a76a456f7028ba"
            ],
            "n_obs: 7373\nn_vars: 9887\nobs:\n  index: _index\n  columns:\n    - _scvi_batch\n    - _scvi_labels\n    - sample\nvar:\n  index: _index\n  columns:\nlayers:\nobsm:\nvarm:\n  - ambient_profile\nobsp:\nvarp:\nuns:\n"
        ],
        "timestamp": "2026-03-25T15:57:30.785675292",
        "meta": {
            "nf-test": "0.9.4",
            "nextflow": "25.10.2"
        }
    }
}