{
    "Should run without failures - stub": {
        "content": [
            {
                "0": [
                    [
                        {
                            "id": "test"
                        },
                        "test.h5ad:md5,d41d8cd98f00b204e9800998ecf8427e"
                    ]
                ],
                "1": [
                    "test.pkl:md5,d41d8cd98f00b204e9800998ecf8427e"
                ],
                "2": [
                    "test.png:md5,d41d8cd98f00b204e9800998ecf8427e"
                ],
                "3": [
                    "test_mqc.json:md5,d41d8cd98f00b204e9800998ecf8427e"
                ],
                "4": [
                    "versions.yml:md5,d41d8cd98f00b204e9800998ecf8427e"
                ],
                "h5ad": [
                    [
                        {
                            "id": "test"
                        },
                        "test.h5ad:md5,d41d8cd98f00b204e9800998ecf8427e"
                    ]
                ],
                "multiqc_files": [
                    "test_mqc.json:md5,d41d8cd98f00b204e9800998ecf8427e"
                ],
                "obs": [
                    "test.pkl:md5,d41d8cd98f00b204e9800998ecf8427e"
                ],
                "plots": [
                    "test.png:md5,d41d8cd98f00b204e9800998ecf8427e"
                ],
                "versions": [
                    "versions.yml:md5,d41d8cd98f00b204e9800998ecf8427e"
                ]
            }
        ],
        "meta": {
            "nf-test": "0.9.0",
            "nextflow": "25.04.2"
        },
        "timestamp": "2025-06-01T14:05:53.82643051"
    },
    "Should run without failures": {
        "content": [
            {
                "0": [
                    [
                        {
                            "id": "test"
                        },
                        "test.h5ad:md5,e1375b394b6f9882af11692487519d85"
                    ]
                ],
                "1": [
                    "test.pkl:md5,7aa02adc690f5308a85b278e8f045b39"
                ],
                "2": [
                    
                ],
                "3": [
                    
                ],
                "4": [
                    "versions.yml:md5,a9e6c712c3f0f7d6323e312384d7e922"
                ],
                "h5ad": [
                    [
                        {
                            "id": "test"
                        },
                        "test.h5ad:md5,e1375b394b6f9882af11692487519d85"
                    ]
                ],
                "multiqc_files": [
                    
                ],
                "obs": [
                    "test.pkl:md5,7aa02adc690f5308a85b278e8f045b39"
                ],
                "plots": [
                    
                ],
                "versions": [
                    "versions.yml:md5,a9e6c712c3f0f7d6323e312384d7e922"
                ]
            }
        ],
        "meta": {
            "nf-test": "0.9.0",
            "nextflow": "25.04.2"
        },
        "timestamp": "2025-06-01T14:05:37.495623977"
    }
}