{
    "Should run after celldex reference is fetched": {
        "content": [
            {
                "0": [
                    [
                        {
                            "id": "test"
                        },
                        "test_predictions.csv:md5,2b189f92b19bdd77f7fa202573a74b35"
                    ]
                ],
                "1": [
                    [
                        {
                            "id": "test"
                        },
                        [
                            "test_distribution.pdf:md5,6d065aa6035c758ef7578b08c2adc2c3",
                            "test_heatmap.pdf:md5,6e7ea83b6a7debdfa0b7e261fd9cc4fa"
                        ]
                    ]
                ],
                "2": [
                    "versions.yml:md5,448f2705ce813b3f6e93bb74b092a60c"
                ],
                "obs": [
                    [
                        {
                            "id": "test"
                        },
                        "test_predictions.csv:md5,2b189f92b19bdd77f7fa202573a74b35"
                    ]
                ],
                "pdf": [
                    [
                        {
                            "id": "test"
                        },
                        [
                            "test_distribution.pdf:md5,6d065aa6035c758ef7578b08c2adc2c3",
                            "test_heatmap.pdf:md5,6e7ea83b6a7debdfa0b7e261fd9cc4fa"
                        ]
                    ]
                ],
                "versions": [
                    "versions.yml:md5,448f2705ce813b3f6e93bb74b092a60c"
                ]
            }
        ],
        "meta": {
            "nf-test": "0.9.2",
            "nextflow": "25.04.6"
        },
        "timestamp": "2025-07-13T11:54:30.446368041"
    },
    "Should run with a single reference": {
        "content": [
            {
                "0": [
                    [
                        {
                            "id": "test"
                        },
                        "test_predictions.csv:md5,b696e09b649235ac083de0d51a5f05fc"
                    ]
                ],
                "1": [
                    [
                        {
                            "id": "test"
                        },
                        [
                            "hpca_distribution.pdf:md5,63d8a66ff112ff66a0d6935425dd221b",
                            "hpca_heatmap.pdf:md5,4eb0188dc8b24638f7579ada52ece04c"
                        ]
                    ]
                ],
                "2": [
                    "versions.yml:md5,448f2705ce813b3f6e93bb74b092a60c"
                ],
                "obs": [
                    [
                        {
                            "id": "test"
                        },
                        "test_predictions.csv:md5,b696e09b649235ac083de0d51a5f05fc"
                    ]
                ],
                "pdf": [
                    [
                        {
                            "id": "test"
                        },
                        [
                            "hpca_distribution.pdf:md5,63d8a66ff112ff66a0d6935425dd221b",
                            "hpca_heatmap.pdf:md5,4eb0188dc8b24638f7579ada52ece04c"
                        ]
                    ]
                ],
                "versions": [
                    "versions.yml:md5,448f2705ce813b3f6e93bb74b092a60c"
                ]
            }
        ],
        "meta": {
            "nf-test": "0.9.2",
            "nextflow": "25.04.6"
        },
        "timestamp": "2025-07-13T11:59:58.362958476"
    },
    "Should run with a single reference - stub": {
        "content": [
            {
                "0": [
                    [
                        {
                            "id": "test"
                        },
                        "test.csv:md5,d41d8cd98f00b204e9800998ecf8427e"
                    ]
                ],
                "1": [
                    [
                        {
                            "id": "test"
                        },
                        "test.pdf:md5,d41d8cd98f00b204e9800998ecf8427e"
                    ]
                ],
                "2": [
                    "versions.yml:md5,d41d8cd98f00b204e9800998ecf8427e"
                ],
                "obs": [
                    [
                        {
                            "id": "test"
                        },
                        "test.csv:md5,d41d8cd98f00b204e9800998ecf8427e"
                    ]
                ],
                "pdf": [
                    [
                        {
                            "id": "test"
                        },
                        "test.pdf:md5,d41d8cd98f00b204e9800998ecf8427e"
                    ]
                ],
                "versions": [
                    "versions.yml:md5,d41d8cd98f00b204e9800998ecf8427e"
                ]
            }
        ],
        "meta": {
            "nf-test": "0.9.2",
            "nextflow": "25.04.6"
        },
        "timestamp": "2025-07-13T12:06:03.320334686"
    },
    "Should run with two references": {
        "content": [
            {
                "0": [
                    [
                        {
                            "id": "test"
                        },
                        "test_predictions.csv:md5,11a52bcaca3f7e8ad88a9fe7d26b49c5"
                    ]
                ],
                "1": [
                    [
                        {
                            "id": "test"
                        },
                        [
                            "hpca_distribution.pdf:md5,2016c534363f4b09c6fb52f185db4998",
                            "hpca_heatmap.pdf:md5,06b2ab40750a933055b608cf60fa20ac",
                            "monaco_immune_distribution.pdf:md5,96a2d1d1f0e420ff70231ad3e63ec406",
                            "monaco_immune_heatmap.pdf:md5,13227f2dbf3f496af3192ab65e90c34c"
                        ]
                    ]
                ],
                "2": [
                    "versions.yml:md5,448f2705ce813b3f6e93bb74b092a60c"
                ],
                "obs": [
                    [
                        {
                            "id": "test"
                        },
                        "test_predictions.csv:md5,11a52bcaca3f7e8ad88a9fe7d26b49c5"
                    ]
                ],
                "pdf": [
                    [
                        {
                            "id": "test"
                        },
                        [
                            "hpca_distribution.pdf:md5,2016c534363f4b09c6fb52f185db4998",
                            "hpca_heatmap.pdf:md5,06b2ab40750a933055b608cf60fa20ac",
                            "monaco_immune_distribution.pdf:md5,96a2d1d1f0e420ff70231ad3e63ec406",
                            "monaco_immune_heatmap.pdf:md5,13227f2dbf3f496af3192ab65e90c34c"
                        ]
                    ]
                ],
                "versions": [
                    "versions.yml:md5,448f2705ce813b3f6e93bb74b092a60c"
                ]
            }
        ],
        "meta": {
            "nf-test": "0.9.2",
            "nextflow": "25.04.6"
        },
        "timestamp": "2025-07-13T12:05:45.655495688"
    }
}