{
    "Should run without failures - single sample": {
        "content": [
            {
                "0": [
                    [
                        {
                            "id": "test"
                        },
                        "test_hugounifier.h5ad:md5,6a2e97a4b371b8774d6b8c22634eaa4b"
                    ]
                ],
                "1": [
                    "versions.yml:md5,a25a9f067f9ece70fa40d51efbcdbdee",
                    "versions.yml:md5,ff9e30a2b6a2a38e584c66fc01f53b5e"
                ],
                "h5ad": [
                    [
                        {
                            "id": "test"
                        },
                        "test_hugounifier.h5ad:md5,6a2e97a4b371b8774d6b8c22634eaa4b"
                    ]
                ],
                "versions": [
                    "versions.yml:md5,a25a9f067f9ece70fa40d51efbcdbdee",
                    "versions.yml:md5,ff9e30a2b6a2a38e584c66fc01f53b5e"
                ]
            }
        ],
        "meta": {
            "nf-test": "0.9.2",
            "nextflow": "25.10.2"
        },
        "timestamp": "2026-02-15T19:00:54.450871132"
    },
    "Should run without failures - multiple samples - stub": {
        "content": [
            {
                "0": [
                    [
                        {
                            "id": "test1"
                        },
                        "test1_hugounifier.h5ad:md5,d41d8cd98f00b204e9800998ecf8427e"
                    ],
                    [
                        {
                            "id": "test2"
                        },
                        "test2_hugounifier.h5ad:md5,d41d8cd98f00b204e9800998ecf8427e"
                    ]
                ],
                "1": [
                    "versions.yml:md5,d41d8cd98f00b204e9800998ecf8427e",
                    "versions.yml:md5,d41d8cd98f00b204e9800998ecf8427e",
                    "versions.yml:md5,d41d8cd98f00b204e9800998ecf8427e"
                ],
                "h5ad": [
                    [
                        {
                            "id": "test1"
                        },
                        "test1_hugounifier.h5ad:md5,d41d8cd98f00b204e9800998ecf8427e"
                    ],
                    [
                        {
                            "id": "test2"
                        },
                        "test2_hugounifier.h5ad:md5,d41d8cd98f00b204e9800998ecf8427e"
                    ]
                ],
                "versions": [
                    "versions.yml:md5,d41d8cd98f00b204e9800998ecf8427e",
                    "versions.yml:md5,d41d8cd98f00b204e9800998ecf8427e",
                    "versions.yml:md5,d41d8cd98f00b204e9800998ecf8427e"
                ]
            }
        ],
        "meta": {
            "nf-test": "0.9.2",
            "nextflow": "25.04.6"
        },
        "timestamp": "2026-01-17T08:57:06.158977694"
    },
    "Should run without failures - single sample - stub": {
        "content": [
            {
                "0": [
                    [
                        {
                            "id": "test"
                        },
                        "test_hugounifier.h5ad:md5,d41d8cd98f00b204e9800998ecf8427e"
                    ]
                ],
                "1": [
                    "versions.yml:md5,d41d8cd98f00b204e9800998ecf8427e",
                    "versions.yml:md5,d41d8cd98f00b204e9800998ecf8427e"
                ],
                "h5ad": [
                    [
                        {
                            "id": "test"
                        },
                        "test_hugounifier.h5ad:md5,d41d8cd98f00b204e9800998ecf8427e"
                    ]
                ],
                "versions": [
                    "versions.yml:md5,d41d8cd98f00b204e9800998ecf8427e",
                    "versions.yml:md5,d41d8cd98f00b204e9800998ecf8427e"
                ]
            }
        ],
        "meta": {
            "nf-test": "0.9.2",
            "nextflow": "25.04.6"
        },
        "timestamp": "2026-01-17T08:56:25.329555915"
    },
    "Should run without failures - multiple samples": {
        "content": [
            {
                "0": [
                    [
                        {
                            "id": "test1"
                        },
                        "test1_hugounifier.h5ad:md5,6a2e97a4b371b8774d6b8c22634eaa4b"
                    ],
                    [
                        {
                            "id": "test2"
                        },
                        "test2_hugounifier.h5ad:md5,6a2e97a4b371b8774d6b8c22634eaa4b"
                    ]
                ],
                "1": [
                    "versions.yml:md5,a25a9f067f9ece70fa40d51efbcdbdee",
                    "versions.yml:md5,ff9e30a2b6a2a38e584c66fc01f53b5e",
                    "versions.yml:md5,ff9e30a2b6a2a38e584c66fc01f53b5e"
                ],
                "h5ad": [
                    [
                        {
                            "id": "test1"
                        },
                        "test1_hugounifier.h5ad:md5,6a2e97a4b371b8774d6b8c22634eaa4b"
                    ],
                    [
                        {
                            "id": "test2"
                        },
                        "test2_hugounifier.h5ad:md5,6a2e97a4b371b8774d6b8c22634eaa4b"
                    ]
                ],
                "versions": [
                    "versions.yml:md5,a25a9f067f9ece70fa40d51efbcdbdee",
                    "versions.yml:md5,ff9e30a2b6a2a38e584c66fc01f53b5e",
                    "versions.yml:md5,ff9e30a2b6a2a38e584c66fc01f53b5e"
                ]
            }
        ],
        "meta": {
            "nf-test": "0.9.2",
            "nextflow": "25.10.2"
        },
        "timestamp": "2026-02-15T19:01:30.565436429"
    }
}