{
    "Should be able to perform subclustering": {
        "content": [
            9,
            {
                "ADATA_SPLITEMBEDDINGS": {
                    "anndata": "0.12.10",
                    "python": "3.13.12"
                },
                "SCANPY_RANKGENESGROUPS": {
                    "pandas": "2.3.3",
                    "python": "3.13.12",
                    "scanpy": "1.12"
                },
                "SPLITCOL": {
                    "anndata": "0.12.10",
                    "python": "3.13.12"
                },
                "Workflow": {
                    "nf-core/scdownstream": "v0.0.1dev"
                }
            },
            [
                "adata",
                "adata/combat.h5ad",
                "adata/harmony.h5ad",
                "adata/scvi.h5ad",
                "per_group",
                "per_group/condition:sample:SRR28679756",
                "per_group/condition:sample:SRR28679756/characteristic_genes",
                "per_group/condition:sample:SRR28679757",
                "per_group/condition:sample:SRR28679757/characteristic_genes",
                "per_group/condition:sample:SRR28679758",
                "per_group/condition:sample:SRR28679758/characteristic_genes",
                "per_group/sample",
                "per_group/sample/characteristic_genes",
                "per_group/sample/characteristic_genes/sample_characteristic_genes.png",
                "pipeline_info",
                "pipeline_info/nf_core_scdownstream_software_mqc_versions.yml",
                "splitcol",
                "splitcol/SRR28679756.h5ad",
                "splitcol/SRR28679757.h5ad",
                "splitcol/SRR28679758.h5ad"
            ],
            [
                
            ]
        ],
        "timestamp": "2026-03-24T20:38:21.169674",
        "meta": {
            "nf-test": "0.9.5",
            "nextflow": "25.10.4"
        }
    }
}