{
    "Should process data from scratch": {
        "content": [
            {
                "Workflow": {
                    "nf-core/scdownstream": "v0.0.1dev"
                }
            },
            [
                "celltypes",
                "celltypes/singler",
                "celltypes/singler/SRR28679756_singler_hpca_celldex_distribution.pdf",
                "celltypes/singler/SRR28679756_singler_hpca_celldex_heatmap.pdf",
                "celltypes/singler/SRR28679756_singler_hpca_direct_distribution.pdf",
                "celltypes/singler/SRR28679756_singler_hpca_direct_heatmap.pdf",
                "celltypes/singler/SRR28679756_singler_immune_celldex_distribution.pdf",
                "celltypes/singler/SRR28679756_singler_immune_celldex_heatmap.pdf",
                "celltypes/singler/SRR28679756_singler_immune_direct_distribution.pdf",
                "celltypes/singler/SRR28679756_singler_immune_direct_heatmap.pdf",
                "celltypes/singler/SRR28679756_singler_predictions.csv",
                "celltypes/singler/SRR28679757_singler_hpca_celldex_distribution.pdf",
                "celltypes/singler/SRR28679757_singler_hpca_celldex_heatmap.pdf",
                "celltypes/singler/SRR28679757_singler_hpca_direct_distribution.pdf",
                "celltypes/singler/SRR28679757_singler_hpca_direct_heatmap.pdf",
                "celltypes/singler/SRR28679757_singler_immune_celldex_distribution.pdf",
                "celltypes/singler/SRR28679757_singler_immune_celldex_heatmap.pdf",
                "celltypes/singler/SRR28679757_singler_immune_direct_distribution.pdf",
                "celltypes/singler/SRR28679757_singler_immune_direct_heatmap.pdf",
                "celltypes/singler/SRR28679757_singler_predictions.csv",
                "celltypes/singler/SRR28679758_singler_hpca_celldex_distribution.pdf",
                "celltypes/singler/SRR28679758_singler_hpca_celldex_heatmap.pdf",
                "celltypes/singler/SRR28679758_singler_hpca_direct_distribution.pdf",
                "celltypes/singler/SRR28679758_singler_hpca_direct_heatmap.pdf",
                "celltypes/singler/SRR28679758_singler_immune_celldex_distribution.pdf",
                "celltypes/singler/SRR28679758_singler_immune_celldex_heatmap.pdf",
                "celltypes/singler/SRR28679758_singler_immune_direct_distribution.pdf",
                "celltypes/singler/SRR28679758_singler_immune_direct_heatmap.pdf",
                "celltypes/singler/SRR28679758_singler_predictions.csv",
                "cluster_dimred",
                "cluster_dimred/bbknn",
                "cluster_dimred/bbknn/entropy",
                "cluster_dimred/bbknn/entropy/bbknn-global-0.5_entropy.png",
                "cluster_dimred/bbknn/entropy/bbknn-global-1.0_entropy.png",
                "cluster_dimred/bbknn/leiden",
                "cluster_dimred/bbknn/leiden/bbknn-global-0.5_leiden.png",
                "cluster_dimred/bbknn/leiden/bbknn-global-1.0_leiden.png",
                "cluster_dimred/bbknn/umap",
                "cluster_dimred/combat",
                "cluster_dimred/combat/entropy",
                "cluster_dimred/combat/entropy/combat-global-0.5_entropy.png",
                "cluster_dimred/combat/entropy/combat-global-1.0_entropy.png",
                "cluster_dimred/combat/leiden",
                "cluster_dimred/combat/leiden/combat-global-0.5_leiden.png",
                "cluster_dimred/combat/leiden/combat-global-1.0_leiden.png",
                "cluster_dimred/combat/umap",
                "cluster_dimred/harmony",
                "cluster_dimred/harmony/entropy",
                "cluster_dimred/harmony/entropy/harmony-global-0.5_entropy.png",
                "cluster_dimred/harmony/entropy/harmony-global-1.0_entropy.png",
                "cluster_dimred/harmony/leiden",
                "cluster_dimred/harmony/leiden/harmony-global-0.5_leiden.png",
                "cluster_dimred/harmony/leiden/harmony-global-1.0_leiden.png",
                "cluster_dimred/harmony/umap",
                "cluster_dimred/scvi",
                "cluster_dimred/scvi/entropy",
                "cluster_dimred/scvi/entropy/scvi-global-0.5_entropy.png",
                "cluster_dimred/scvi/entropy/scvi-global-1.0_entropy.png",
                "cluster_dimred/scvi/leiden",
                "cluster_dimred/scvi/leiden/scvi-global-0.5_leiden.png",
                "cluster_dimred/scvi/leiden/scvi-global-1.0_leiden.png",
                "cluster_dimred/scvi/umap",
                "cluster_dimred/seurat",
                "cluster_dimred/seurat/entropy",
                "cluster_dimred/seurat/entropy/seurat-global-0.5_entropy.png",
                "cluster_dimred/seurat/entropy/seurat-global-1.0_entropy.png",
                "cluster_dimred/seurat/leiden",
                "cluster_dimred/seurat/leiden/seurat-global-0.5_leiden.png",
                "cluster_dimred/seurat/leiden/seurat-global-1.0_leiden.png",
                "cluster_dimred/seurat/umap",
                "combine",
                "combine/integrate",
                "combine/integrate/scvi",
                "combine/integrate/scvi/scvi_model",
                "combine/integrate/scvi/scvi_model/model.pt",
                "combine/merge",
                "combine/merge/upset_genes.png",
                "finalized",
                "finalized/merged.h5ad",
                "finalized/merged_metadata.csv",
                "multiqc",
                "multiqc/multiqc_data",
                "multiqc/multiqc_data/llms-full.txt",
                "multiqc/multiqc_data/multiqc.log",
                "multiqc/multiqc_data/multiqc.parquet",
                "multiqc/multiqc_data/multiqc_citations.txt",
                "multiqc/multiqc_data/multiqc_data.json",
                "multiqc/multiqc_data/multiqc_sizes.txt",
                "multiqc/multiqc_data/multiqc_software_versions.txt",
                "multiqc/multiqc_data/multiqc_sources.txt",
                "multiqc/multiqc_plots",
                "multiqc/multiqc_plots/pdf",
                "multiqc/multiqc_plots/pdf/sizes.pdf",
                "multiqc/multiqc_plots/png",
                "multiqc/multiqc_plots/png/sizes.png",
                "multiqc/multiqc_plots/svg",
                "multiqc/multiqc_plots/svg/sizes.svg",
                "multiqc/multiqc_report.html",
                "per_group",
                "pipeline_info",
                "pipeline_info/nf_core_scdownstream_software_mqc_versions.yml"
            ],
            [
                
            ]
        ],
        "meta": {
            "nf-test": "0.9.2",
            "nextflow": "25.10.2"
        },
        "timestamp": "2026-01-21T15:11:27.4002613"
    }
}