{
    "Should process data from scratch": {
        "content": [
            0,
            {
                "Workflow": {
                    "nf-core/scdownstream": "v0.0.1dev"
                }
            },
            [
                "pipeline_info",
                "pipeline_info/nf_core_scdownstream_software_mqc_versions.yml"
            ],
            [
                
            ]
        ],
        "meta": {
            "nf-test": "0.9.2",
            "nextflow": "25.04.7"
        },
        "timestamp": "2026-01-21T17:23:17.43561563"
    }
}