{
    "Should be able to perform subclustering": {
        "content": [
            {
                "Workflow": {
                    "nf-core/scdownstream": "v0.0.1dev"
                },
                "liana": "1.6.1",
                "python": "3.12.12",
                "scanpy": "1.11.5"
            },
            [
                "pipeline_info",
                "pipeline_info/nf_core_scdownstream_software_mqc_versions.yml"
            ],
            [
                
            ]
        ],
        "timestamp": "2026-03-30T21:35:46.766941546",
        "meta": {
            "nf-test": "0.9.4",
            "nextflow": "25.10.2"
        }
    }
}