{
    "Should run without failures - stub": {
        "content": [
            {
                "0": [
                    [
                        {
                            "id": "test"
                        },
                        "test.h5ad:md5,d41d8cd98f00b204e9800998ecf8427e"
                    ]
                ],
                "1": [
                    "X_test.pkl:md5,d41d8cd98f00b204e9800998ecf8427e"
                ],
                "2": [
                    "versions.yml:md5,d41d8cd98f00b204e9800998ecf8427e"
                ],
                "h5ad": [
                    [
                        {
                            "id": "test"
                        },
                        "test.h5ad:md5,d41d8cd98f00b204e9800998ecf8427e"
                    ]
                ],
                "obsm": [
                    "X_test.pkl:md5,d41d8cd98f00b204e9800998ecf8427e"
                ],
                "versions": [
                    "versions.yml:md5,d41d8cd98f00b204e9800998ecf8427e"
                ]
            }
        ],
        "meta": {
            "nf-test": "0.9.0",
            "nextflow": "25.04.2"
        },
        "timestamp": "2025-06-02T13:10:22.46007578"
    },
    "Should run without failures": {
        "content": [
            {
                "0": [
                    [
                        {
                            "id": "test"
                        },
                        "test.h5ad:md5,6b346fec4a6efe6e1f7d59f231183153"
                    ]
                ],
                "1": [
                    "X_test.pkl:md5,6bbe6ac981a4d37a3c84bb5b15b9b9b6"
                ],
                "2": [
                    "versions.yml:md5,838ea9fdc933b7f41725b510b0a7bc8c"
                ],
                "h5ad": [
                    [
                        {
                            "id": "test"
                        },
                        "test.h5ad:md5,6b346fec4a6efe6e1f7d59f231183153"
                    ]
                ],
                "obsm": [
                    "X_test.pkl:md5,6bbe6ac981a4d37a3c84bb5b15b9b9b6"
                ],
                "versions": [
                    "versions.yml:md5,838ea9fdc933b7f41725b510b0a7bc8c"
                ]
            }
        ],
        "meta": {
            "nf-test": "0.9.0",
            "nextflow": "25.04.2"
        },
        "timestamp": "2025-06-02T13:10:10.009222925"
    }
}