{
    "Should run without failures without batch column": {
        "content": [
            [
                "versions.yml:md5,7aee6256bf034aaa7fef6492db7bcb88"
            ],
            "test_decontx.h5ad"
        ],
        "timestamp": "2026-03-15T21:30:50.325798583",
        "meta": {
            "nf-test": "0.9.4",
            "nextflow": "25.10.4"
        }
    },
    "Should run without failures without raw - single batch": {
        "content": [
            [
                "versions.yml:md5,7aee6256bf034aaa7fef6492db7bcb88"
            ],
            "test_decontx.h5ad"
        ],
        "timestamp": "2026-03-15T21:31:54.44450985",
        "meta": {
            "nf-test": "0.9.4",
            "nextflow": "25.10.4"
        }
    },
    "Should run without failures with raw": {
        "content": [
            [
                "versions.yml:md5,7aee6256bf034aaa7fef6492db7bcb88"
            ],
            true,
            14471228
        ],
        "timestamp": "2026-03-15T21:34:49.311520618",
        "meta": {
            "nf-test": "0.9.4",
            "nextflow": "25.10.4"
        }
    },
    "Should run without failures with raw - stub": {
        "content": [
            {
                "0": [
                    [
                        {
                            "id": "test"
                        },
                        "test_decontx.h5ad:md5,d41d8cd98f00b204e9800998ecf8427e"
                    ]
                ],
                "1": [
                    "versions.yml:md5,d41d8cd98f00b204e9800998ecf8427e"
                ],
                "h5ad": [
                    [
                        {
                            "id": "test"
                        },
                        "test_decontx.h5ad:md5,d41d8cd98f00b204e9800998ecf8427e"
                    ]
                ],
                "versions": [
                    "versions.yml:md5,d41d8cd98f00b204e9800998ecf8427e"
                ]
            }
        ],
        "timestamp": "2026-03-15T21:35:01.416848398",
        "meta": {
            "nf-test": "0.9.4",
            "nextflow": "25.10.4"
        }
    },
    "Should run without failures without raw - multi-batch": {
        "content": [
            [
                "versions.yml:md5,7aee6256bf034aaa7fef6492db7bcb88"
            ],
            true
        ],
        "timestamp": "2026-03-15T21:28:36.997964027",
        "meta": {
            "nf-test": "0.9.4",
            "nextflow": "25.10.4"
        }
    },
    "Should run without failures without raw - stub": {
        "content": [
            {
                "0": [
                    [
                        {
                            "id": "test"
                        },
                        "test_decontx.h5ad:md5,d41d8cd98f00b204e9800998ecf8427e"
                    ]
                ],
                "1": [
                    "versions.yml:md5,d41d8cd98f00b204e9800998ecf8427e"
                ],
                "h5ad": [
                    [
                        {
                            "id": "test"
                        },
                        "test_decontx.h5ad:md5,d41d8cd98f00b204e9800998ecf8427e"
                    ]
                ],
                "versions": [
                    "versions.yml:md5,d41d8cd98f00b204e9800998ecf8427e"
                ]
            }
        ],
        "timestamp": "2026-03-15T21:28:55.554328929",
        "meta": {
            "nf-test": "0.9.4",
            "nextflow": "25.10.4"
        }
    }
}