{
    "Should run without failures - stub": {
        "content": [
            {
                "0": [
                    [
                        {
                            "id": "test"
                        },
                        "test_pca.h5ad:md5,d41d8cd98f00b204e9800998ecf8427e"
                    ]
                ],
                "1": [
                    "X_test_pca.pkl:md5,d41d8cd98f00b204e9800998ecf8427e"
                ],
                "2": [
                    "versions.yml:md5,dc1add0c140202bbbef205a9cc48e097"
                ],
                "h5ad": [
                    [
                        {
                            "id": "test"
                        },
                        "test_pca.h5ad:md5,d41d8cd98f00b204e9800998ecf8427e"
                    ]
                ],
                "obsm": [
                    "X_test_pca.pkl:md5,d41d8cd98f00b204e9800998ecf8427e"
                ],
                "versions": [
                    "versions.yml:md5,dc1add0c140202bbbef205a9cc48e097"
                ]
            }
        ],
        "timestamp": "2026-03-16T15:15:21.536572893",
        "meta": {
            "nf-test": "0.9.4",
            "nextflow": "25.10.4"
        }
    },
    "Should run without failures": {
        "content": [
            {
                "0": [
                    [
                        {
                            "id": "test"
                        },
                        "test_pca.h5ad:md5,6052517edc4a54aac101270776658d6e"
                    ]
                ],
                "1": [
                    "X_test_pca.pkl:md5,4f02452a0e30d7cd0a97c6fc158ff4c7"
                ],
                "2": [
                    "versions.yml:md5,1645b3233d21217bd7e2f01acd4a5892"
                ],
                "h5ad": [
                    [
                        {
                            "id": "test"
                        },
                        "test_pca.h5ad:md5,6052517edc4a54aac101270776658d6e"
                    ]
                ],
                "obsm": [
                    "X_test_pca.pkl:md5,4f02452a0e30d7cd0a97c6fc158ff4c7"
                ],
                "versions": [
                    "versions.yml:md5,1645b3233d21217bd7e2f01acd4a5892"
                ]
            }
        ],
        "timestamp": "2026-03-18T22:07:43.877987187",
        "meta": {
            "nf-test": "0.9.4",
            "nextflow": "25.10.2"
        }
    }
}