{
    "Should run without failures - PAGA only": {
        "content": [
            {
                "0": [
                    "test_paga.pkl:md5,424a194935187c3e86813397c96cb2d1"
                ],
                "1": [
                    "test_paga_mqc.json:md5,6e6a9ce9379de509a0fe287c3209fb1e"
                ],
                "2": [
                    "versions.yml:md5,5b34c4b9386bbb236e0ed6df9506729e"
                ],
                "multiqc_files": [
                    "test_paga_mqc.json:md5,6e6a9ce9379de509a0fe287c3209fb1e"
                ],
                "uns": [
                    "test_paga.pkl:md5,424a194935187c3e86813397c96cb2d1"
                ],
                "versions": [
                    "versions.yml:md5,5b34c4b9386bbb236e0ed6df9506729e"
                ]
            }
        ],
        "meta": {
            "nf-test": "0.9.2",
            "nextflow": "25.04.6"
        },
        "timestamp": "2026-01-17T08:49:57.588483103"
    },
    "Should run without failures - PAGA only - stub": {
        "content": [
            {
                "0": [
                    "test_paga.pkl:md5,d41d8cd98f00b204e9800998ecf8427e"
                ],
                "1": [
                    "test_paga_mqc.json:md5,d41d8cd98f00b204e9800998ecf8427e"
                ],
                "2": [
                    "versions.yml:md5,d41d8cd98f00b204e9800998ecf8427e"
                ],
                "multiqc_files": [
                    "test_paga_mqc.json:md5,d41d8cd98f00b204e9800998ecf8427e"
                ],
                "uns": [
                    "test_paga.pkl:md5,d41d8cd98f00b204e9800998ecf8427e"
                ],
                "versions": [
                    "versions.yml:md5,d41d8cd98f00b204e9800998ecf8427e"
                ]
            }
        ],
        "meta": {
            "nf-test": "0.9.2",
            "nextflow": "25.04.6"
        },
        "timestamp": "2026-01-16T22:47:06.315137465"
    },
    "Should run without failures - full run": {
        "content": [
            {
                "0": [
                    "test_characteristic_genes.pkl:md5,bf28d57aa5f2df8156c6414ad6681405",
                    "test_characteristic_genes.pkl:md5,bf28d57aa5f2df8156c6414ad6681405",
                    "test_paga.pkl:md5,424a194935187c3e86813397c96cb2d1"
                ],
                "1": [
                    "test_characteristic_genes_mqc.json:md5,1144552e6fc999171559e3cdb060d957",
                    "test_characteristic_genes_mqc.json:md5,efe6dc7f01690dcee88fb73e529a87e3",
                    "test_paga_mqc.json:md5,6e6a9ce9379de509a0fe287c3209fb1e"
                ],
                "2": [
                    "versions.yml:md5,44f181a9b2e8bebcda641e7400af14cd",
                    "versions.yml:md5,44f181a9b2e8bebcda641e7400af14cd",
                    "versions.yml:md5,5815b86c9f797f2be948d3e50918f672",
                    "versions.yml:md5,5815b86c9f797f2be948d3e50918f672",
                    "versions.yml:md5,5b34c4b9386bbb236e0ed6df9506729e"
                ],
                "multiqc_files": [
                    "test_characteristic_genes_mqc.json:md5,1144552e6fc999171559e3cdb060d957",
                    "test_characteristic_genes_mqc.json:md5,efe6dc7f01690dcee88fb73e529a87e3",
                    "test_paga_mqc.json:md5,6e6a9ce9379de509a0fe287c3209fb1e"
                ],
                "uns": [
                    "test_characteristic_genes.pkl:md5,bf28d57aa5f2df8156c6414ad6681405",
                    "test_characteristic_genes.pkl:md5,bf28d57aa5f2df8156c6414ad6681405",
                    "test_paga.pkl:md5,424a194935187c3e86813397c96cb2d1"
                ],
                "versions": [
                    "versions.yml:md5,44f181a9b2e8bebcda641e7400af14cd",
                    "versions.yml:md5,44f181a9b2e8bebcda641e7400af14cd",
                    "versions.yml:md5,5815b86c9f797f2be948d3e50918f672",
                    "versions.yml:md5,5815b86c9f797f2be948d3e50918f672",
                    "versions.yml:md5,5b34c4b9386bbb236e0ed6df9506729e"
                ]
            }
        ],
        "meta": {
            "nf-test": "0.9.2",
            "nextflow": "25.04.6"
        },
        "timestamp": "2026-01-17T08:52:28.359525816"
    },
    "Should run without failures - full run - stub": {
        "content": [
            {
                "0": [
                    "test_characteristic_genes.pkl:md5,d41d8cd98f00b204e9800998ecf8427e",
                    "test_characteristic_genes.pkl:md5,d41d8cd98f00b204e9800998ecf8427e",
                    "test_liana.pkl:md5,d41d8cd98f00b204e9800998ecf8427e",
                    "test_liana.pkl:md5,d41d8cd98f00b204e9800998ecf8427e",
                    "test_paga.pkl:md5,d41d8cd98f00b204e9800998ecf8427e"
                ],
                "1": [
                    "test_characteristic_genes_mqc.json:md5,d41d8cd98f00b204e9800998ecf8427e",
                    "test_characteristic_genes_mqc.json:md5,d41d8cd98f00b204e9800998ecf8427e",
                    "test_paga_mqc.json:md5,d41d8cd98f00b204e9800998ecf8427e"
                ],
                "2": [
                    "versions.yml:md5,d41d8cd98f00b204e9800998ecf8427e",
                    "versions.yml:md5,d41d8cd98f00b204e9800998ecf8427e",
                    "versions.yml:md5,d41d8cd98f00b204e9800998ecf8427e",
                    "versions.yml:md5,d41d8cd98f00b204e9800998ecf8427e",
                    "versions.yml:md5,d41d8cd98f00b204e9800998ecf8427e"
                ],
                "multiqc_files": [
                    "test_characteristic_genes_mqc.json:md5,d41d8cd98f00b204e9800998ecf8427e",
                    "test_characteristic_genes_mqc.json:md5,d41d8cd98f00b204e9800998ecf8427e",
                    "test_paga_mqc.json:md5,d41d8cd98f00b204e9800998ecf8427e"
                ],
                "uns": [
                    "test_characteristic_genes.pkl:md5,d41d8cd98f00b204e9800998ecf8427e",
                    "test_characteristic_genes.pkl:md5,d41d8cd98f00b204e9800998ecf8427e",
                    "test_liana.pkl:md5,d41d8cd98f00b204e9800998ecf8427e",
                    "test_liana.pkl:md5,d41d8cd98f00b204e9800998ecf8427e",
                    "test_paga.pkl:md5,d41d8cd98f00b204e9800998ecf8427e"
                ],
                "versions": [
                    "versions.yml:md5,d41d8cd98f00b204e9800998ecf8427e",
                    "versions.yml:md5,d41d8cd98f00b204e9800998ecf8427e",
                    "versions.yml:md5,d41d8cd98f00b204e9800998ecf8427e",
                    "versions.yml:md5,d41d8cd98f00b204e9800998ecf8427e",
                    "versions.yml:md5,d41d8cd98f00b204e9800998ecf8427e"
                ]
            }
        ],
        "meta": {
            "nf-test": "0.9.2",
            "nextflow": "25.04.6"
        },
        "timestamp": "2026-01-16T22:48:46.01896422"
    }
}