{
    "Should run without failures - PAGA only": {
        "content": [
            {
                "0": [
                    "test_paga.pkl:md5,fbd4ae54e51678480c8c4712a9aad0c8"
                ],
                "1": [
                    "test_paga_mqc.json:md5,71c52f6ea9306b6763abd0496e55fe98"
                ],
                "2": [
                    "versions.yml:md5,7d65ff4a31af5f58251f2f57320c8c94"
                ],
                "multiqc_files": [
                    "test_paga_mqc.json:md5,71c52f6ea9306b6763abd0496e55fe98"
                ],
                "uns": [
                    "test_paga.pkl:md5,fbd4ae54e51678480c8c4712a9aad0c8"
                ],
                "versions": [
                    "versions.yml:md5,7d65ff4a31af5f58251f2f57320c8c94"
                ]
            }
        ],
        "timestamp": "2026-03-22T16:22:14.976995704",
        "meta": {
            "nf-test": "0.9.4",
            "nextflow": "25.10.2"
        }
    },
    "Should run without failures - full run": {
        "content": [
            {
                "0": [
                    "condition:leiden:0_characteristic_genes.pkl:md5,6f2554cd4ad38c9bc79432a39fa0b409",
                    "condition:leiden:10_characteristic_genes.pkl:md5,b5cddf4993cd232ce31bb203ae95e095",
                    "condition:leiden:11_characteristic_genes.pkl:md5,245c0b4c0f35fdddae82a4abaf5206a4",
                    "condition:leiden:1_characteristic_genes.pkl:md5,869fcb61764f6d9e5e0b40ce10d8ba53",
                    "condition:leiden:2_characteristic_genes.pkl:md5,3f60956bb8fbc03d3c78662eba09d636",
                    "condition:leiden:3_characteristic_genes.pkl:md5,12e4e59b30050f1e8c5923e75966a4f9",
                    "condition:leiden:4_characteristic_genes.pkl:md5,9cecb081fd439849da75f437225401a9",
                    "condition:leiden:5_characteristic_genes.pkl:md5,5a1b5772f54d13c212e1629294682710",
                    "condition:leiden:6_characteristic_genes.pkl:md5,a77f8e628ef51c30bbe8502c2971738a",
                    "condition:leiden:7_characteristic_genes.pkl:md5,f43da75d0b5ca1adfb4461b1154cbbf4",
                    "condition:leiden:8_characteristic_genes.pkl:md5,1cf4e2aa43cd7990916c6d7fc21ff8b0",
                    "condition:leiden:9_characteristic_genes.pkl:md5,566473d7b82102221f3ff9028c8d8c63",
                    "leiden:condition:Disease_characteristic_genes.pkl:md5,26d956e25d644b767927a3c49cd01cf1",
                    "leiden:condition:Healthy_characteristic_genes.pkl:md5,d0fb86ba914f56dccf30be7268e62d8a",
                    "leiden:condition:Treated_characteristic_genes.pkl:md5,c91689a8a2fa03f7e832143818264984",
                    "leiden_characteristic_genes.pkl:md5,70d99a12704d8de11935e9c22ca75c5c",
                    "test_liana.pkl:md5,31f0ac157a5f1763a5304dd68974757a",
                    "test_paga.pkl:md5,fbd4ae54e51678480c8c4712a9aad0c8"
                ],
                "1": [
                    "condition:leiden:0_characteristic_genes_mqc.json:md5,0d9173af58f05a6a017b7bf62a8ab6a8",
                    "condition:leiden:10_characteristic_genes_mqc.json:md5,1c42e764ba8a629df84a9f6a7b7cb889",
                    "condition:leiden:11_characteristic_genes_mqc.json:md5,2c731f81eabd55cea7c6204127e52cca",
                    "condition:leiden:1_characteristic_genes_mqc.json:md5,a3b5df45edbd4dcc5fb3cf73864f4e76",
                    "condition:leiden:2_characteristic_genes_mqc.json:md5,1656d5018a65811325f95449b34f302b",
                    "condition:leiden:3_characteristic_genes_mqc.json:md5,1ce90ec438f14d33bebd26db002544cb",
                    "condition:leiden:4_characteristic_genes_mqc.json:md5,375733d6a0a018ad6ef0776d5039fb64",
                    "condition:leiden:5_characteristic_genes_mqc.json:md5,f4c37ef44bc9634d035a3180208c28b1",
                    "condition:leiden:6_characteristic_genes_mqc.json:md5,29bae0880d7eacb6da9c1ef45d22f9c4",
                    "condition:leiden:7_characteristic_genes_mqc.json:md5,d1fa8613daecf0aafb769d14c9be39d7",
                    "condition:leiden:8_characteristic_genes_mqc.json:md5,2602bc68c47188fda2742ad9f222cf4e",
                    "condition:leiden:9_characteristic_genes_mqc.json:md5,25f88011184cd35edbae303c67fd30d5",
                    "leiden:condition:Disease_characteristic_genes_mqc.json:md5,54b6743a8852defebc9b9a06d9e230d8",
                    "leiden:condition:Healthy_characteristic_genes_mqc.json:md5,84f2a400ce922382be222d803b90a1e1",
                    "leiden:condition:Treated_characteristic_genes_mqc.json:md5,69ce2c401ed338c4288a47e4aeb0359c",
                    "leiden_characteristic_genes_mqc.json:md5,875d02a88fd8f4f0c0462f4da112d1ed",
                    "test_paga_mqc.json:md5,71c52f6ea9306b6763abd0496e55fe98"
                ],
                "2": [
                    "versions.yml:md5,1a9c1aa04f881610ab37fe0d8c9c9cb1",
                    "versions.yml:md5,1a9c1aa04f881610ab37fe0d8c9c9cb1",
                    "versions.yml:md5,1a9c1aa04f881610ab37fe0d8c9c9cb1",
                    "versions.yml:md5,1a9c1aa04f881610ab37fe0d8c9c9cb1",
                    "versions.yml:md5,1a9c1aa04f881610ab37fe0d8c9c9cb1",
                    "versions.yml:md5,1a9c1aa04f881610ab37fe0d8c9c9cb1",
                    "versions.yml:md5,1a9c1aa04f881610ab37fe0d8c9c9cb1",
                    "versions.yml:md5,1a9c1aa04f881610ab37fe0d8c9c9cb1",
                    "versions.yml:md5,1a9c1aa04f881610ab37fe0d8c9c9cb1",
                    "versions.yml:md5,1a9c1aa04f881610ab37fe0d8c9c9cb1",
                    "versions.yml:md5,1a9c1aa04f881610ab37fe0d8c9c9cb1",
                    "versions.yml:md5,1a9c1aa04f881610ab37fe0d8c9c9cb1",
                    "versions.yml:md5,1a9c1aa04f881610ab37fe0d8c9c9cb1",
                    "versions.yml:md5,1a9c1aa04f881610ab37fe0d8c9c9cb1",
                    "versions.yml:md5,1a9c1aa04f881610ab37fe0d8c9c9cb1",
                    "versions.yml:md5,1a9c1aa04f881610ab37fe0d8c9c9cb1",
                    "versions.yml:md5,44f181a9b2e8bebcda641e7400af14cd",
                    "versions.yml:md5,7d65ff4a31af5f58251f2f57320c8c94"
                ],
                "multiqc_files": [
                    "condition:leiden:0_characteristic_genes_mqc.json:md5,0d9173af58f05a6a017b7bf62a8ab6a8",
                    "condition:leiden:10_characteristic_genes_mqc.json:md5,1c42e764ba8a629df84a9f6a7b7cb889",
                    "condition:leiden:11_characteristic_genes_mqc.json:md5,2c731f81eabd55cea7c6204127e52cca",
                    "condition:leiden:1_characteristic_genes_mqc.json:md5,a3b5df45edbd4dcc5fb3cf73864f4e76",
                    "condition:leiden:2_characteristic_genes_mqc.json:md5,1656d5018a65811325f95449b34f302b",
                    "condition:leiden:3_characteristic_genes_mqc.json:md5,1ce90ec438f14d33bebd26db002544cb",
                    "condition:leiden:4_characteristic_genes_mqc.json:md5,375733d6a0a018ad6ef0776d5039fb64",
                    "condition:leiden:5_characteristic_genes_mqc.json:md5,f4c37ef44bc9634d035a3180208c28b1",
                    "condition:leiden:6_characteristic_genes_mqc.json:md5,29bae0880d7eacb6da9c1ef45d22f9c4",
                    "condition:leiden:7_characteristic_genes_mqc.json:md5,d1fa8613daecf0aafb769d14c9be39d7",
                    "condition:leiden:8_characteristic_genes_mqc.json:md5,2602bc68c47188fda2742ad9f222cf4e",
                    "condition:leiden:9_characteristic_genes_mqc.json:md5,25f88011184cd35edbae303c67fd30d5",
                    "leiden:condition:Disease_characteristic_genes_mqc.json:md5,54b6743a8852defebc9b9a06d9e230d8",
                    "leiden:condition:Healthy_characteristic_genes_mqc.json:md5,84f2a400ce922382be222d803b90a1e1",
                    "leiden:condition:Treated_characteristic_genes_mqc.json:md5,69ce2c401ed338c4288a47e4aeb0359c",
                    "leiden_characteristic_genes_mqc.json:md5,875d02a88fd8f4f0c0462f4da112d1ed",
                    "test_paga_mqc.json:md5,71c52f6ea9306b6763abd0496e55fe98"
                ],
                "uns": [
                    "condition:leiden:0_characteristic_genes.pkl:md5,6f2554cd4ad38c9bc79432a39fa0b409",
                    "condition:leiden:10_characteristic_genes.pkl:md5,b5cddf4993cd232ce31bb203ae95e095",
                    "condition:leiden:11_characteristic_genes.pkl:md5,245c0b4c0f35fdddae82a4abaf5206a4",
                    "condition:leiden:1_characteristic_genes.pkl:md5,869fcb61764f6d9e5e0b40ce10d8ba53",
                    "condition:leiden:2_characteristic_genes.pkl:md5,3f60956bb8fbc03d3c78662eba09d636",
                    "condition:leiden:3_characteristic_genes.pkl:md5,12e4e59b30050f1e8c5923e75966a4f9",
                    "condition:leiden:4_characteristic_genes.pkl:md5,9cecb081fd439849da75f437225401a9",
                    "condition:leiden:5_characteristic_genes.pkl:md5,5a1b5772f54d13c212e1629294682710",
                    "condition:leiden:6_characteristic_genes.pkl:md5,a77f8e628ef51c30bbe8502c2971738a",
                    "condition:leiden:7_characteristic_genes.pkl:md5,f43da75d0b5ca1adfb4461b1154cbbf4",
                    "condition:leiden:8_characteristic_genes.pkl:md5,1cf4e2aa43cd7990916c6d7fc21ff8b0",
                    "condition:leiden:9_characteristic_genes.pkl:md5,566473d7b82102221f3ff9028c8d8c63",
                    "leiden:condition:Disease_characteristic_genes.pkl:md5,26d956e25d644b767927a3c49cd01cf1",
                    "leiden:condition:Healthy_characteristic_genes.pkl:md5,d0fb86ba914f56dccf30be7268e62d8a",
                    "leiden:condition:Treated_characteristic_genes.pkl:md5,c91689a8a2fa03f7e832143818264984",
                    "leiden_characteristic_genes.pkl:md5,70d99a12704d8de11935e9c22ca75c5c",
                    "test_liana.pkl:md5,31f0ac157a5f1763a5304dd68974757a",
                    "test_paga.pkl:md5,fbd4ae54e51678480c8c4712a9aad0c8"
                ],
                "versions": [
                    "versions.yml:md5,1a9c1aa04f881610ab37fe0d8c9c9cb1",
                    "versions.yml:md5,1a9c1aa04f881610ab37fe0d8c9c9cb1",
                    "versions.yml:md5,1a9c1aa04f881610ab37fe0d8c9c9cb1",
                    "versions.yml:md5,1a9c1aa04f881610ab37fe0d8c9c9cb1",
                    "versions.yml:md5,1a9c1aa04f881610ab37fe0d8c9c9cb1",
                    "versions.yml:md5,1a9c1aa04f881610ab37fe0d8c9c9cb1",
                    "versions.yml:md5,1a9c1aa04f881610ab37fe0d8c9c9cb1",
                    "versions.yml:md5,1a9c1aa04f881610ab37fe0d8c9c9cb1",
                    "versions.yml:md5,1a9c1aa04f881610ab37fe0d8c9c9cb1",
                    "versions.yml:md5,1a9c1aa04f881610ab37fe0d8c9c9cb1",
                    "versions.yml:md5,1a9c1aa04f881610ab37fe0d8c9c9cb1",
                    "versions.yml:md5,1a9c1aa04f881610ab37fe0d8c9c9cb1",
                    "versions.yml:md5,1a9c1aa04f881610ab37fe0d8c9c9cb1",
                    "versions.yml:md5,1a9c1aa04f881610ab37fe0d8c9c9cb1",
                    "versions.yml:md5,1a9c1aa04f881610ab37fe0d8c9c9cb1",
                    "versions.yml:md5,1a9c1aa04f881610ab37fe0d8c9c9cb1",
                    "versions.yml:md5,44f181a9b2e8bebcda641e7400af14cd",
                    "versions.yml:md5,7d65ff4a31af5f58251f2f57320c8c94"
                ]
            }
        ],
        "timestamp": "2026-03-24T19:51:41.129349",
        "meta": {
            "nf-test": "0.9.5",
            "nextflow": "25.10.4"
        }
    }
}