{
    "Should run without failures - stub": {
        "content": [
            {
                "0": [
                    [
                        {
                            "id": "test"
                        },
                        "test_paga.h5ad:md5,d41d8cd98f00b204e9800998ecf8427e"
                    ]
                ],
                "1": [
                    "test_paga.pkl:md5,d41d8cd98f00b204e9800998ecf8427e"
                ],
                "2": [
                    "test_paga_connectivities.npy:md5,d41d8cd98f00b204e9800998ecf8427e"
                ],
                "3": [
                    "test_paga.png:md5,d41d8cd98f00b204e9800998ecf8427e"
                ],
                "4": [
                    "test_paga_mqc.json:md5,d41d8cd98f00b204e9800998ecf8427e"
                ],
                "5": [
                    "versions.yml:md5,d41d8cd98f00b204e9800998ecf8427e"
                ],
                "h5ad": [
                    [
                        {
                            "id": "test"
                        },
                        "test_paga.h5ad:md5,d41d8cd98f00b204e9800998ecf8427e"
                    ]
                ],
                "multiqc_files": [
                    "test_paga_mqc.json:md5,d41d8cd98f00b204e9800998ecf8427e"
                ],
                "obsp": [
                    "test_paga_connectivities.npy:md5,d41d8cd98f00b204e9800998ecf8427e"
                ],
                "plot": [
                    "test_paga.png:md5,d41d8cd98f00b204e9800998ecf8427e"
                ],
                "uns": [
                    "test_paga.pkl:md5,d41d8cd98f00b204e9800998ecf8427e"
                ],
                "versions": [
                    "versions.yml:md5,d41d8cd98f00b204e9800998ecf8427e"
                ]
            }
        ],
        "meta": {
            "nf-test": "0.9.2",
            "nextflow": "25.04.6"
        },
        "timestamp": "2026-01-10T22:22:14.395891088"
    },
    "Should run without failures": {
        "content": [
            {
                "0": [
                    [
                        {
                            "id": "test"
                        },
                        "test_paga.h5ad:md5,6dd5f6cdcb71a38ffcc00a8492b2512b"
                    ]
                ],
                "1": [
                    "test_paga.pkl:md5,75a0173238534c36e46d3bb1941acd0d"
                ],
                "2": [
                    "test_paga_connectivities.npy:md5,0568b6e4be11c2a6df42d2277facdf58"
                ],
                "3": [
                    "test_paga.png:md5,0eb48becd5d04bb86bcf96e5aede026c"
                ],
                "4": [
                    "test_paga_mqc.json:md5,0f56720dc62bbc7377ca9cff378c5aa3"
                ],
                "5": [
                    "versions.yml:md5,7d089d9c448b243744079651f98821b5"
                ],
                "h5ad": [
                    [
                        {
                            "id": "test"
                        },
                        "test_paga.h5ad:md5,6dd5f6cdcb71a38ffcc00a8492b2512b"
                    ]
                ],
                "multiqc_files": [
                    "test_paga_mqc.json:md5,0f56720dc62bbc7377ca9cff378c5aa3"
                ],
                "obsp": [
                    "test_paga_connectivities.npy:md5,0568b6e4be11c2a6df42d2277facdf58"
                ],
                "plot": [
                    "test_paga.png:md5,0eb48becd5d04bb86bcf96e5aede026c"
                ],
                "uns": [
                    "test_paga.pkl:md5,75a0173238534c36e46d3bb1941acd0d"
                ],
                "versions": [
                    "versions.yml:md5,7d089d9c448b243744079651f98821b5"
                ]
            }
        ],
        "meta": {
            "nf-test": "0.9.2",
            "nextflow": "25.10.3"
        },
        "timestamp": "2026-03-03T09:29:07.833317"
    }
}