{
    "Should run without failures - stub": {
        "content": [
            {
                "0": [
                    [
                        {
                            "id": "test"
                        },
                        "test_paga.h5ad:md5,d41d8cd98f00b204e9800998ecf8427e"
                    ]
                ],
                "1": [
                    "test_paga.pkl:md5,d41d8cd98f00b204e9800998ecf8427e"
                ],
                "2": [
                    "test_paga_connectivities.npy:md5,d41d8cd98f00b204e9800998ecf8427e"
                ],
                "3": [
                    "test_paga.png:md5,d41d8cd98f00b204e9800998ecf8427e"
                ],
                "4": [
                    "test_paga_mqc.json:md5,d41d8cd98f00b204e9800998ecf8427e"
                ],
                "5": [
                    "versions.yml:md5,d41d8cd98f00b204e9800998ecf8427e"
                ],
                "h5ad": [
                    [
                        {
                            "id": "test"
                        },
                        "test_paga.h5ad:md5,d41d8cd98f00b204e9800998ecf8427e"
                    ]
                ],
                "multiqc_files": [
                    "test_paga_mqc.json:md5,d41d8cd98f00b204e9800998ecf8427e"
                ],
                "obsp": [
                    "test_paga_connectivities.npy:md5,d41d8cd98f00b204e9800998ecf8427e"
                ],
                "plot": [
                    "test_paga.png:md5,d41d8cd98f00b204e9800998ecf8427e"
                ],
                "uns": [
                    "test_paga.pkl:md5,d41d8cd98f00b204e9800998ecf8427e"
                ],
                "versions": [
                    "versions.yml:md5,d41d8cd98f00b204e9800998ecf8427e"
                ]
            }
        ],
        "timestamp": "2026-01-10T22:22:14.395891088",
        "meta": {
            "nf-test": "0.9.2",
            "nextflow": "25.04.6"
        }
    },
    "Should run without failures": {
        "content": [
            {
                "0": [
                    [
                        {
                            "id": "test"
                        },
                        "test_paga.h5ad:md5,d2cc04fe0a1bef41f0636805821e15e1"
                    ]
                ],
                "1": [
                    "test_paga.pkl:md5,449e038c39360a9593500bfab9c93db5"
                ],
                "2": [
                    "test_paga_connectivities.npy:md5,c6b4163e2b3b64bfef60442951d3d536"
                ],
                "3": [
                    "test_paga.png:md5,9851016754ef3fbdfa4e40a2ed14538a"
                ],
                "4": [
                    "test_paga_mqc.json:md5,ae76072f320805d4d65b8687288df5ee"
                ],
                "5": [
                    "versions.yml:md5,a87c0e3b4494aaca112a02c554da3084"
                ],
                "h5ad": [
                    [
                        {
                            "id": "test"
                        },
                        "test_paga.h5ad:md5,d2cc04fe0a1bef41f0636805821e15e1"
                    ]
                ],
                "multiqc_files": [
                    "test_paga_mqc.json:md5,ae76072f320805d4d65b8687288df5ee"
                ],
                "obsp": [
                    "test_paga_connectivities.npy:md5,c6b4163e2b3b64bfef60442951d3d536"
                ],
                "plot": [
                    "test_paga.png:md5,9851016754ef3fbdfa4e40a2ed14538a"
                ],
                "uns": [
                    "test_paga.pkl:md5,449e038c39360a9593500bfab9c93db5"
                ],
                "versions": [
                    "versions.yml:md5,a87c0e3b4494aaca112a02c554da3084"
                ]
            }
        ],
        "timestamp": "2026-03-19T23:41:54.050622931",
        "meta": {
            "nf-test": "0.9.4",
            "nextflow": "25.10.2"
        }
    }
}