{
    "Should run without failures - stub": {
        "content": [
            {
                "0": [
                    [
                        {
                            "id": "test"
                        },
                        "test.h5ad:md5,d41d8cd98f00b204e9800998ecf8427e"
                    ]
                ],
                "1": [
                    "X_test.pkl:md5,d41d8cd98f00b204e9800998ecf8427e"
                ],
                "2": [
                    "versions.yml:md5,d41d8cd98f00b204e9800998ecf8427e"
                ],
                "h5ad": [
                    [
                        {
                            "id": "test"
                        },
                        "test.h5ad:md5,d41d8cd98f00b204e9800998ecf8427e"
                    ]
                ],
                "obsm": [
                    "X_test.pkl:md5,d41d8cd98f00b204e9800998ecf8427e"
                ],
                "versions": [
                    "versions.yml:md5,d41d8cd98f00b204e9800998ecf8427e"
                ]
            }
        ],
        "timestamp": "2025-06-03T07:49:23.776105374",
        "meta": {
            "nf-test": "0.9.0",
            "nextflow": "25.04.2"
        }
    },
    "Should run without failures": {
        "content": [
            {
                "0": [
                    [
                        {
                            "id": "test"
                        },
                        "test.h5ad:md5,cb091497dc2678a813f80adaeb29a323"
                    ]
                ],
                "1": [
                    "X_test.pkl:md5,8c6a2d9d4ff13704cbc9d69f883a8057"
                ],
                "2": [
                    "versions.yml:md5,215a816af7a4cacc8aa720128fa77ce8"
                ],
                "h5ad": [
                    [
                        {
                            "id": "test"
                        },
                        "test.h5ad:md5,cb091497dc2678a813f80adaeb29a323"
                    ]
                ],
                "obsm": [
                    "X_test.pkl:md5,8c6a2d9d4ff13704cbc9d69f883a8057"
                ],
                "versions": [
                    "versions.yml:md5,215a816af7a4cacc8aa720128fa77ce8"
                ]
            }
        ],
        "timestamp": "2026-03-17T23:24:26.472976813",
        "meta": {
            "nf-test": "0.9.4",
            "nextflow": "25.10.4"
        }
    }
}