{
    "Should run without failures - stub": {
        "content": [
            {
                "0": [
                    [
                        {
                            "id": "test"
                        },
                        "test.h5ad:md5,d41d8cd98f00b204e9800998ecf8427e"
                    ]
                ],
                "1": [
                    "X_test.pkl:md5,d41d8cd98f00b204e9800998ecf8427e"
                ],
                "2": [
                    "versions.yml:md5,d41d8cd98f00b204e9800998ecf8427e"
                ],
                "h5ad": [
                    [
                        {
                            "id": "test"
                        },
                        "test.h5ad:md5,d41d8cd98f00b204e9800998ecf8427e"
                    ]
                ],
                "obsm": [
                    "X_test.pkl:md5,d41d8cd98f00b204e9800998ecf8427e"
                ],
                "versions": [
                    "versions.yml:md5,d41d8cd98f00b204e9800998ecf8427e"
                ]
            }
        ],
        "timestamp": "2025-06-03T07:49:23.776105374",
        "meta": {
            "nf-test": "0.9.0",
            "nextflow": "25.04.2"
        }
    },
    "Should run without failures": {
        "content": [
            {
                "0": [
                    [
                        {
                            "id": "test"
                        },
                        "test.h5ad:md5,b9bd97301c61723eea508654a50ca95b"
                    ]
                ],
                "1": [
                    "X_test.pkl:md5,082187d49ef29c6c89acfcc92f26dda1"
                ],
                "2": [
                    "versions.yml:md5,215a816af7a4cacc8aa720128fa77ce8"
                ],
                "h5ad": [
                    [
                        {
                            "id": "test"
                        },
                        "test.h5ad:md5,b9bd97301c61723eea508654a50ca95b"
                    ]
                ],
                "obsm": [
                    "X_test.pkl:md5,082187d49ef29c6c89acfcc92f26dda1"
                ],
                "versions": [
                    "versions.yml:md5,215a816af7a4cacc8aa720128fa77ce8"
                ]
            }
        ],
        "timestamp": "2026-03-17T22:19:40.39424658",
        "meta": {
            "nf-test": "0.9.4",
            "nextflow": "25.10.2"
        }
    }
}