{
    "Should run without failures - var": {
        "content": [
            {
                "0": [
                    [
                        {
                            "id": "test"
                        },
                        "test.h5ad:md5,2db329f33148ea4a7befd974130cc437"
                    ]
                ],
                "1": [
                    "versions.yml:md5,60e8fec9b472d03fddad0ddcb59b6816"
                ],
                "h5ad": [
                    [
                        {
                            "id": "test"
                        },
                        "test.h5ad:md5,2db329f33148ea4a7befd974130cc437"
                    ]
                ],
                "versions": [
                    "versions.yml:md5,60e8fec9b472d03fddad0ddcb59b6816"
                ]
            }
        ],
        "meta": {
            "nf-test": "0.9.2",
            "nextflow": "25.04.6"
        },
        "timestamp": "2026-01-10T23:25:24.816192237"
    },
    "Should run without failures - obs": {
        "content": [
            {
                "0": [
                    [
                        {
                            "id": "test"
                        },
                        "test.h5ad:md5,f2cded1416a71667eece3ec1ee904236"
                    ]
                ],
                "1": [
                    "versions.yml:md5,60e8fec9b472d03fddad0ddcb59b6816"
                ],
                "h5ad": [
                    [
                        {
                            "id": "test"
                        },
                        "test.h5ad:md5,f2cded1416a71667eece3ec1ee904236"
                    ]
                ],
                "versions": [
                    "versions.yml:md5,60e8fec9b472d03fddad0ddcb59b6816"
                ]
            }
        ],
        "meta": {
            "nf-test": "0.9.2",
            "nextflow": "25.04.6"
        },
        "timestamp": "2026-01-10T23:25:11.144081656"
    },
    "Should run without failures - stub": {
        "content": [
            {
                "0": [
                    [
                        {
                            "id": "test"
                        },
                        "test.h5ad:md5,d41d8cd98f00b204e9800998ecf8427e"
                    ]
                ],
                "1": [
                    "versions.yml:md5,d41d8cd98f00b204e9800998ecf8427e"
                ],
                "h5ad": [
                    [
                        {
                            "id": "test"
                        },
                        "test.h5ad:md5,d41d8cd98f00b204e9800998ecf8427e"
                    ]
                ],
                "versions": [
                    "versions.yml:md5,d41d8cd98f00b204e9800998ecf8427e"
                ]
            }
        ],
        "meta": {
            "nf-test": "0.9.2",
            "nextflow": "25.04.6"
        },
        "timestamp": "2026-01-10T23:25:36.450641011"
    }
}