{
    "Should run without failures - stub": {
        "content": [
            {
                "0": [
                    
                ],
                "1": [
                    
                ],
                "h5ad": [
                    
                ],
                "versions": [
                    
                ]
            }
        ],
        "meta": {
            "nf-test": "0.9.2",
            "nextflow": "25.04.7"
        },
        "timestamp": "2026-01-21T17:02:22.81880496"
    },
    "Should run without failures": {
        "content": [
            [
                "versions.yml:md5,9c2fb6c515c7ddc9276461ce589a82d7"
            ],
            true
        ],
        "meta": {
            "nf-test": "0.9.2",
            "nextflow": "25.04.2"
        },
        "timestamp": "2025-06-07T14:45:52.250170518"
    }
}