{
    "Should run without failures - stub": {
        "content": [
            {
                "0": [
                    [
                        {
                            "id": "test"
                        },
                        "test.h5ad:md5,d41d8cd98f00b204e9800998ecf8427e"
                    ]
                ],
                "1": [
                    "versions.yml:md5,d41d8cd98f00b204e9800998ecf8427e"
                ],
                "h5ad": [
                    [
                        {
                            "id": "test"
                        },
                        "test.h5ad:md5,d41d8cd98f00b204e9800998ecf8427e"
                    ]
                ],
                "versions": [
                    "versions.yml:md5,d41d8cd98f00b204e9800998ecf8427e"
                ]
            }
        ],
        "timestamp": "2026-01-25T17:20:38.340547924",
        "meta": {
            "nf-test": "0.9.2",
            "nextflow": "25.10.2"
        }
    },
    "Should run without failures": {
        "content": [
            {
                "0": [
                    [
                        {
                            "id": "test"
                        },
                        "test.h5ad:md5,3c1099e86daa14ca31012813ddf198c8"
                    ]
                ],
                "1": [
                    "versions.yml:md5,c160ec9ef4b681e3c034bd0e0d165987"
                ],
                "h5ad": [
                    [
                        {
                            "id": "test"
                        },
                        "test.h5ad:md5,3c1099e86daa14ca31012813ddf198c8"
                    ]
                ],
                "versions": [
                    "versions.yml:md5,c160ec9ef4b681e3c034bd0e0d165987"
                ]
            }
        ],
        "timestamp": "2026-03-22T23:11:41.627863668",
        "meta": {
            "nf-test": "0.9.4",
            "nextflow": "25.10.2"
        }
    }
}