{
    "Should run without failures - stub": {
        "content": [
            {
                "0": [
                    "null-global-0.5_entropy.pkl:md5,d41d8cd98f00b204e9800998ecf8427e",
                    "null-global-0.5_leiden.pkl:md5,d41d8cd98f00b204e9800998ecf8427e",
                    "null-global-1.0_entropy.pkl:md5,d41d8cd98f00b204e9800998ecf8427e",
                    "null-global-1.0_leiden.pkl:md5,d41d8cd98f00b204e9800998ecf8427e"
                ],
                "1": [
                    "X_null-global_umap.pkl:md5,d41d8cd98f00b204e9800998ecf8427e"
                ],
                "2": [
                    [
                        {
                            "id": "null-global",
                            "subset": "global"
                        },
                        "null-global_neighbors.h5ad:md5,d41d8cd98f00b204e9800998ecf8427e"
                    ]
                ],
                "3": [
                    [
                        {
                            "id": "null-global-0.5",
                            "subset": "global",
                            "resolution": "0.5"
                        },
                        "null-global-0.5_leiden.h5ad:md5,d41d8cd98f00b204e9800998ecf8427e"
                    ],
                    [
                        {
                            "id": "null-global-1.0",
                            "subset": "global",
                            "resolution": "1.0"
                        },
                        "null-global-1.0_leiden.h5ad:md5,d41d8cd98f00b204e9800998ecf8427e"
                    ]
                ],
                "4": [
                    "null-global-0.5_entropy_mqc.json:md5,d41d8cd98f00b204e9800998ecf8427e",
                    "null-global-0.5_leiden_mqc.json:md5,d41d8cd98f00b204e9800998ecf8427e",
                    "null-global-1.0_entropy_mqc.json:md5,d41d8cd98f00b204e9800998ecf8427e",
                    "null-global-1.0_leiden_mqc.json:md5,d41d8cd98f00b204e9800998ecf8427e"
                ],
                "5": [
                    "versions.yml:md5,d41d8cd98f00b204e9800998ecf8427e",
                    "versions.yml:md5,d41d8cd98f00b204e9800998ecf8427e",
                    "versions.yml:md5,d41d8cd98f00b204e9800998ecf8427e",
                    "versions.yml:md5,d41d8cd98f00b204e9800998ecf8427e",
                    "versions.yml:md5,d41d8cd98f00b204e9800998ecf8427e",
                    "versions.yml:md5,d41d8cd98f00b204e9800998ecf8427e"
                ],
                "h5ad_clustering": [
                    [
                        {
                            "id": "null-global-0.5",
                            "subset": "global",
                            "resolution": "0.5"
                        },
                        "null-global-0.5_leiden.h5ad:md5,d41d8cd98f00b204e9800998ecf8427e"
                    ],
                    [
                        {
                            "id": "null-global-1.0",
                            "subset": "global",
                            "resolution": "1.0"
                        },
                        "null-global-1.0_leiden.h5ad:md5,d41d8cd98f00b204e9800998ecf8427e"
                    ]
                ],
                "h5ad_neighbors": [
                    [
                        {
                            "id": "null-global",
                            "subset": "global"
                        },
                        "null-global_neighbors.h5ad:md5,d41d8cd98f00b204e9800998ecf8427e"
                    ]
                ],
                "multiqc_files": [
                    "null-global-0.5_entropy_mqc.json:md5,d41d8cd98f00b204e9800998ecf8427e",
                    "null-global-0.5_leiden_mqc.json:md5,d41d8cd98f00b204e9800998ecf8427e",
                    "null-global-1.0_entropy_mqc.json:md5,d41d8cd98f00b204e9800998ecf8427e",
                    "null-global-1.0_leiden_mqc.json:md5,d41d8cd98f00b204e9800998ecf8427e"
                ],
                "obs": [
                    "null-global-0.5_entropy.pkl:md5,d41d8cd98f00b204e9800998ecf8427e",
                    "null-global-0.5_leiden.pkl:md5,d41d8cd98f00b204e9800998ecf8427e",
                    "null-global-1.0_entropy.pkl:md5,d41d8cd98f00b204e9800998ecf8427e",
                    "null-global-1.0_leiden.pkl:md5,d41d8cd98f00b204e9800998ecf8427e"
                ],
                "obsm": [
                    "X_null-global_umap.pkl:md5,d41d8cd98f00b204e9800998ecf8427e"
                ],
                "versions": [
                    "versions.yml:md5,d41d8cd98f00b204e9800998ecf8427e",
                    "versions.yml:md5,d41d8cd98f00b204e9800998ecf8427e",
                    "versions.yml:md5,d41d8cd98f00b204e9800998ecf8427e",
                    "versions.yml:md5,d41d8cd98f00b204e9800998ecf8427e",
                    "versions.yml:md5,d41d8cd98f00b204e9800998ecf8427e",
                    "versions.yml:md5,d41d8cd98f00b204e9800998ecf8427e"
                ]
            }
        ],
        "meta": {
            "nf-test": "0.9.0",
            "nextflow": "25.04.2"
        },
        "timestamp": "2025-06-01T18:27:37.646802746"
    },
    "Should run without failures": {
        "content": [
            {
                "0": [
                    "null-global-0.5_entropy.pkl:md5,c1b728f5987a4efb45c7555085e8f0a9",
                    "null-global-0.5_leiden.pkl:md5,d8c3a493b0ec975e59e760d321918027",
                    "null-global-1.0_entropy.pkl:md5,4e6a14ad26d6c6963a839736dbf4c290",
                    "null-global-1.0_leiden.pkl:md5,45b1adb7892287f4ef47e7010e2d9ef0"
                ],
                "1": [
                    "X_null-global_umap.pkl:md5,1711512e4a80266acd9e76f5f6ed3a35"
                ],
                "2": [
                    [
                        {
                            "id": "null-global",
                            "subset": "global"
                        },
                        "null-global_neighbors.h5ad:md5,3cd3b93279f7cdaa67b89091163e4517"
                    ]
                ],
                "3": [
                    [
                        {
                            "id": "null-global-0.5",
                            "subset": "global",
                            "resolution": "0.5"
                        },
                        "null-global-0.5_leiden.h5ad:md5,031d34864127dfa37439e7ccddcf9332"
                    ],
                    [
                        {
                            "id": "null-global-1.0",
                            "subset": "global",
                            "resolution": "1.0"
                        },
                        "null-global-1.0_leiden.h5ad:md5,6fcf260d76a4b4ae7093c9eec63ef048"
                    ]
                ],
                "4": [
                    "null-global-0.5_entropy_mqc.json:md5,6f4ce5dffbf9bc32ca6ecf0d46978292",
                    "null-global-0.5_leiden_mqc.json:md5,ae90a5ca050f55ffb4765a71abd41398",
                    "null-global-1.0_entropy_mqc.json:md5,61c7cacc3befe6ded0aed2bb4d01e827",
                    "null-global-1.0_leiden_mqc.json:md5,5a035c693b2b9103e4b1caadf372ab79"
                ],
                "5": [
                    "versions.yml:md5,34a78f745e60bdc076118409a85b970c",
                    "versions.yml:md5,3cc66466d54c667c99b9409ba42ac512",
                    "versions.yml:md5,3cc66466d54c667c99b9409ba42ac512",
                    "versions.yml:md5,74c6aaedbfc3a7a5974f5100996d551e",
                    "versions.yml:md5,74c6aaedbfc3a7a5974f5100996d551e",
                    "versions.yml:md5,d11218769759829be152e8e08bf6e70c"
                ],
                "h5ad_clustering": [
                    [
                        {
                            "id": "null-global-0.5",
                            "subset": "global",
                            "resolution": "0.5"
                        },
                        "null-global-0.5_leiden.h5ad:md5,031d34864127dfa37439e7ccddcf9332"
                    ],
                    [
                        {
                            "id": "null-global-1.0",
                            "subset": "global",
                            "resolution": "1.0"
                        },
                        "null-global-1.0_leiden.h5ad:md5,6fcf260d76a4b4ae7093c9eec63ef048"
                    ]
                ],
                "h5ad_neighbors": [
                    [
                        {
                            "id": "null-global",
                            "subset": "global"
                        },
                        "null-global_neighbors.h5ad:md5,3cd3b93279f7cdaa67b89091163e4517"
                    ]
                ],
                "multiqc_files": [
                    "null-global-0.5_entropy_mqc.json:md5,6f4ce5dffbf9bc32ca6ecf0d46978292",
                    "null-global-0.5_leiden_mqc.json:md5,ae90a5ca050f55ffb4765a71abd41398",
                    "null-global-1.0_entropy_mqc.json:md5,61c7cacc3befe6ded0aed2bb4d01e827",
                    "null-global-1.0_leiden_mqc.json:md5,5a035c693b2b9103e4b1caadf372ab79"
                ],
                "obs": [
                    "null-global-0.5_entropy.pkl:md5,c1b728f5987a4efb45c7555085e8f0a9",
                    "null-global-0.5_leiden.pkl:md5,d8c3a493b0ec975e59e760d321918027",
                    "null-global-1.0_entropy.pkl:md5,4e6a14ad26d6c6963a839736dbf4c290",
                    "null-global-1.0_leiden.pkl:md5,45b1adb7892287f4ef47e7010e2d9ef0"
                ],
                "obsm": [
                    "X_null-global_umap.pkl:md5,1711512e4a80266acd9e76f5f6ed3a35"
                ],
                "versions": [
                    "versions.yml:md5,34a78f745e60bdc076118409a85b970c",
                    "versions.yml:md5,3cc66466d54c667c99b9409ba42ac512",
                    "versions.yml:md5,3cc66466d54c667c99b9409ba42ac512",
                    "versions.yml:md5,74c6aaedbfc3a7a5974f5100996d551e",
                    "versions.yml:md5,74c6aaedbfc3a7a5974f5100996d551e",
                    "versions.yml:md5,d11218769759829be152e8e08bf6e70c"
                ]
            }
        ],
        "meta": {
            "nf-test": "0.9.0",
            "nextflow": "25.04.2"
        },
        "timestamp": "2025-06-01T18:29:59.225236554"
    }
}