{
    "Should run without failures - stub": {
        "content": [
            {
                "0": [
                    [
                        {
                            "id": "test"
                        },
                        "test_liana.h5ad:md5,d41d8cd98f00b204e9800998ecf8427e"
                    ]
                ],
                "1": [
                    "test_liana.pkl:md5,d41d8cd98f00b204e9800998ecf8427e"
                ],
                "2": [
                    "versions.yml:md5,d41d8cd98f00b204e9800998ecf8427e"
                ],
                "h5ad": [
                    [
                        {
                            "id": "test"
                        },
                        "test_liana.h5ad:md5,d41d8cd98f00b204e9800998ecf8427e"
                    ]
                ],
                "uns": [
                    "test_liana.pkl:md5,d41d8cd98f00b204e9800998ecf8427e"
                ],
                "versions": [
                    "versions.yml:md5,d41d8cd98f00b204e9800998ecf8427e"
                ]
            }
        ],
        "meta": {
            "nf-test": "0.9.2",
            "nextflow": "25.10.4"
        },
        "timestamp": "2026-03-02T12:51:12.902661522"
    },
    "Should run without failures": {
        "content": [
            {
                "0": [
                    [
                        {
                            "id": "test"
                        },
                        "test_liana.h5ad:md5,838c40e5139038ed414f5aac25a90021"
                    ]
                ],
                "1": [
                    "test_liana.pkl:md5,2722c86a29d8a950d572d88926d482d0"
                ],
                "2": [
                    "versions.yml:md5,44f181a9b2e8bebcda641e7400af14cd"
                ],
                "h5ad": [
                    [
                        {
                            "id": "test"
                        },
                        "test_liana.h5ad:md5,838c40e5139038ed414f5aac25a90021"
                    ]
                ],
                "uns": [
                    "test_liana.pkl:md5,2722c86a29d8a950d572d88926d482d0"
                ],
                "versions": [
                    "versions.yml:md5,44f181a9b2e8bebcda641e7400af14cd"
                ]
            }
        ],
        "meta": {
            "nf-test": "0.9.2",
            "nextflow": "25.10.4"
        },
        "timestamp": "2026-03-02T12:50:59.821643213"
    }
}