{
    "Should run without failures - stub": {
        "content": [
            {
                "0": [
                    [
                        {
                            "id": "test"
                        },
                        "test_liana.h5ad:md5,d41d8cd98f00b204e9800998ecf8427e"
                    ]
                ],
                "1": [
                    "test_liana.pkl:md5,d41d8cd98f00b204e9800998ecf8427e"
                ],
                "2": [
                    "versions.yml:md5,d41d8cd98f00b204e9800998ecf8427e"
                ],
                "h5ad": [
                    [
                        {
                            "id": "test"
                        },
                        "test_liana.h5ad:md5,d41d8cd98f00b204e9800998ecf8427e"
                    ]
                ],
                "uns": [
                    "test_liana.pkl:md5,d41d8cd98f00b204e9800998ecf8427e"
                ],
                "versions": [
                    "versions.yml:md5,d41d8cd98f00b204e9800998ecf8427e"
                ]
            }
        ],
        "timestamp": "2026-01-10T22:29:55.568090889",
        "meta": {
            "nf-test": "0.9.2",
            "nextflow": "25.04.6"
        }
    },
    "Should run without failures": {
        "content": [
            {
                "0": [
                    [
                        {
                            "id": "test"
                        },
                        "test_liana.h5ad:md5,2091717718c2506ae92fa43a3132ed1c"
                    ]
                ],
                "1": [
                    "test_liana.pkl:md5,f161ee10f742898fe3f8a42a22b440f9"
                ],
                "2": [
                    "versions.yml:md5,44f181a9b2e8bebcda641e7400af14cd"
                ],
                "h5ad": [
                    [
                        {
                            "id": "test"
                        },
                        "test_liana.h5ad:md5,2091717718c2506ae92fa43a3132ed1c"
                    ]
                ],
                "uns": [
                    "test_liana.pkl:md5,f161ee10f742898fe3f8a42a22b440f9"
                ],
                "versions": [
                    "versions.yml:md5,44f181a9b2e8bebcda641e7400af14cd"
                ]
            }
        ],
        "timestamp": "2026-03-23T16:41:21.223795",
        "meta": {
            "nf-test": "0.9.5",
            "nextflow": "25.10.4"
        }
    }
}