{
    "Should run without failures - stub": {
        "content": [
            {
                "0": [
                    [
                        {
                            "id": "test"
                        },
                        "test_neighbors.h5ad:md5,d41d8cd98f00b204e9800998ecf8427e"
                    ]
                ],
                "1": [
                    "versions.yml:md5,d41d8cd98f00b204e9800998ecf8427e"
                ],
                "h5ad": [
                    [
                        {
                            "id": "test"
                        },
                        "test_neighbors.h5ad:md5,d41d8cd98f00b204e9800998ecf8427e"
                    ]
                ],
                "versions": [
                    "versions.yml:md5,d41d8cd98f00b204e9800998ecf8427e"
                ]
            }
        ],
        "timestamp": "2025-06-22T16:13:29.113156692",
        "meta": {
            "nf-test": "0.9.2",
            "nextflow": "25.04.3"
        }
    },
    "Should run without failures": {
        "content": [
            {
                "0": [
                    [
                        {
                            "id": "test"
                        },
                        "test_neighbors.h5ad:md5,eb546ff996e2c8730f33caee9f05a80e"
                    ]
                ],
                "1": [
                    "versions.yml:md5,100d9c36f756608d0626edd6565910ef"
                ],
                "h5ad": [
                    [
                        {
                            "id": "test"
                        },
                        "test_neighbors.h5ad:md5,eb546ff996e2c8730f33caee9f05a80e"
                    ]
                ],
                "versions": [
                    "versions.yml:md5,100d9c36f756608d0626edd6565910ef"
                ]
            }
        ],
        "timestamp": "2026-03-16T15:33:26.620062553",
        "meta": {
            "nf-test": "0.9.4",
            "nextflow": "25.10.4"
        }
    }
}