{
    "Should run without failures - stub": {
        "content": [
            {
                "0": [
                    [
                        {
                            "id": "test"
                        },
                        "test.h5ad:md5,d41d8cd98f00b204e9800998ecf8427e"
                    ]
                ],
                "1": [
                    "X_test.pkl:md5,d41d8cd98f00b204e9800998ecf8427e"
                ],
                "2": [
                    "versions.yml:md5,d41d8cd98f00b204e9800998ecf8427e"
                ],
                "h5ad": [
                    [
                        {
                            "id": "test"
                        },
                        "test.h5ad:md5,d41d8cd98f00b204e9800998ecf8427e"
                    ]
                ],
                "obsm": [
                    "X_test.pkl:md5,d41d8cd98f00b204e9800998ecf8427e"
                ],
                "versions": [
                    "versions.yml:md5,d41d8cd98f00b204e9800998ecf8427e"
                ]
            }
        ],
        "timestamp": "2025-06-02T10:39:13.014143908",
        "meta": {
            "nf-test": "0.9.0",
            "nextflow": "25.04.2"
        }
    },
    "Should run without failures": {
        "content": [
            {
                "0": [
                    [
                        {
                            "id": "test"
                        },
                        "test.h5ad:md5,875c3cec7f4a3e3195b40aa57dfb7292"
                    ]
                ],
                "1": [
                    "X_test.pkl:md5,edec44f873811d1b7e8d2f9ae837abe5"
                ],
                "2": [
                    "versions.yml:md5,f7e77a6f6fe060c4158eb2a86e7c0754"
                ],
                "h5ad": [
                    [
                        {
                            "id": "test"
                        },
                        "test.h5ad:md5,875c3cec7f4a3e3195b40aa57dfb7292"
                    ]
                ],
                "obsm": [
                    "X_test.pkl:md5,edec44f873811d1b7e8d2f9ae837abe5"
                ],
                "versions": [
                    "versions.yml:md5,f7e77a6f6fe060c4158eb2a86e7c0754"
                ]
            }
        ],
        "timestamp": "2026-03-17T23:25:54.550633754",
        "meta": {
            "nf-test": "0.9.4",
            "nextflow": "25.10.4"
        }
    }
}