{
    "Should run without failures - stub": {
        "content": [
            {
                "0": [
                    [
                        {
                            "id": "test"
                        },
                        "test.h5ad:md5,d41d8cd98f00b204e9800998ecf8427e"
                    ]
                ],
                "1": [
                    "X_test.pkl:md5,d41d8cd98f00b204e9800998ecf8427e"
                ],
                "2": [
                    "variance_ratio_test.yml:md5,d41d8cd98f00b204e9800998ecf8427e"
                ],
                "3": [
                    "versions.yml:md5,d41d8cd98f00b204e9800998ecf8427e"
                ],
                "h5ad": [
                    [
                        {
                            "id": "test"
                        },
                        "test.h5ad:md5,d41d8cd98f00b204e9800998ecf8427e"
                    ]
                ],
                "obsm": [
                    "X_test.pkl:md5,d41d8cd98f00b204e9800998ecf8427e"
                ],
                "variance_ratio": [
                    "variance_ratio_test.yml:md5,d41d8cd98f00b204e9800998ecf8427e"
                ],
                "versions": [
                    "versions.yml:md5,d41d8cd98f00b204e9800998ecf8427e"
                ]
            }
        ],
        "timestamp": "2026-03-22T11:03:38.032169255",
        "meta": {
            "nf-test": "0.9.4",
            "nextflow": "25.10.2"
        }
    },
    "Should run without failures": {
        "content": [
            {
                "variance_ratio": [
                    0.81,
                    0.19
                ]
            },
            {
                "SCANPY_UMAP": {
                    "pandas": "2.3.3",
                    "python": "3.13.12",
                    "scanpy": "1.12"
                }
            }
        ],
        "timestamp": "2026-03-22T11:03:25.274578244",
        "meta": {
            "nf-test": "0.9.4",
            "nextflow": "25.10.2"
        }
    }
}
