{
    "Should run without resolution empty list": {
        "content": [
            {
                "0": [
                    [
                        {
                            "id": "test"
                        },
                        "test.h5ad:md5,9cd2e7b44b3d239a450de4e2254c5f94"
                    ]
                ],
                "1": [
                    "test.pkl:md5,fd2375c1fff8a6b90bccea27531bd6b9"
                ],
                "2": [
                    
                ],
                "3": [
                    
                ],
                "4": [
                    "versions.yml:md5,d9877a66ed7fe1620ae9c989401cc39d"
                ],
                "h5ad": [
                    [
                        {
                            "id": "test"
                        },
                        "test.h5ad:md5,9cd2e7b44b3d239a450de4e2254c5f94"
                    ]
                ],
                "multiqc_files": [
                    
                ],
                "obs": [
                    "test.pkl:md5,fd2375c1fff8a6b90bccea27531bd6b9"
                ],
                "plots": [
                    
                ],
                "versions": [
                    "versions.yml:md5,d9877a66ed7fe1620ae9c989401cc39d"
                ]
            }
        ],
        "meta": {
            "nf-test": "0.9.0",
            "nextflow": "25.04.2"
        },
        "timestamp": "2025-06-01T13:52:49.48729361"
    },
    "Should run without resolution null": {
        "content": [
            {
                "0": [
                    [
                        {
                            "id": "test"
                        },
                        "test.h5ad:md5,9cd2e7b44b3d239a450de4e2254c5f94"
                    ]
                ],
                "1": [
                    "test.pkl:md5,fd2375c1fff8a6b90bccea27531bd6b9"
                ],
                "2": [
                    
                ],
                "3": [
                    
                ],
                "4": [
                    "versions.yml:md5,d9877a66ed7fe1620ae9c989401cc39d"
                ],
                "h5ad": [
                    [
                        {
                            "id": "test"
                        },
                        "test.h5ad:md5,9cd2e7b44b3d239a450de4e2254c5f94"
                    ]
                ],
                "multiqc_files": [
                    
                ],
                "obs": [
                    "test.pkl:md5,fd2375c1fff8a6b90bccea27531bd6b9"
                ],
                "plots": [
                    
                ],
                "versions": [
                    "versions.yml:md5,d9877a66ed7fe1620ae9c989401cc39d"
                ]
            }
        ],
        "meta": {
            "nf-test": "0.9.0",
            "nextflow": "25.04.2"
        },
        "timestamp": "2025-06-01T13:51:54.911244333"
    },
    "Should run without failures - stub": {
        "content": [
            {
                "0": [
                    [
                        {
                            "id": "test"
                        },
                        "test.h5ad:md5,d41d8cd98f00b204e9800998ecf8427e"
                    ]
                ],
                "1": [
                    "test.pkl:md5,d41d8cd98f00b204e9800998ecf8427e"
                ],
                "2": [
                    
                ],
                "3": [
                    
                ],
                "4": [
                    "versions.yml:md5,d41d8cd98f00b204e9800998ecf8427e"
                ],
                "h5ad": [
                    [
                        {
                            "id": "test"
                        },
                        "test.h5ad:md5,d41d8cd98f00b204e9800998ecf8427e"
                    ]
                ],
                "multiqc_files": [
                    
                ],
                "obs": [
                    "test.pkl:md5,d41d8cd98f00b204e9800998ecf8427e"
                ],
                "plots": [
                    
                ],
                "versions": [
                    "versions.yml:md5,d41d8cd98f00b204e9800998ecf8427e"
                ]
            }
        ],
        "meta": {
            "nf-test": "0.9.0",
            "nextflow": "25.04.2"
        },
        "timestamp": "2025-06-01T13:53:15.400609261"
    },
    "Should run without failures": {
        "content": [
            {
                "0": [
                    [
                        {
                            "id": "test"
                        },
                        "test.h5ad:md5,9cd2e7b44b3d239a450de4e2254c5f94"
                    ]
                ],
                "1": [
                    "test.pkl:md5,fd2375c1fff8a6b90bccea27531bd6b9"
                ],
                "2": [
                    
                ],
                "3": [
                    
                ],
                "4": [
                    "versions.yml:md5,d9877a66ed7fe1620ae9c989401cc39d"
                ],
                "h5ad": [
                    [
                        {
                            "id": "test"
                        },
                        "test.h5ad:md5,9cd2e7b44b3d239a450de4e2254c5f94"
                    ]
                ],
                "multiqc_files": [
                    
                ],
                "obs": [
                    "test.pkl:md5,fd2375c1fff8a6b90bccea27531bd6b9"
                ],
                "plots": [
                    
                ],
                "versions": [
                    "versions.yml:md5,d9877a66ed7fe1620ae9c989401cc39d"
                ]
            }
        ],
        "meta": {
            "nf-test": "0.9.0",
            "nextflow": "25.04.2"
        },
        "timestamp": "2025-06-01T13:50:59.670851983"
    }
}