{
    "Should run without failures - stub": {
        "content": [
            {
                "0": [
                    [
                        {
                            "id": "test"
                        },
                        "test_characteristic_genes.h5ad:md5,d41d8cd98f00b204e9800998ecf8427e"
                    ]
                ],
                "1": [
                    "test_characteristic_genes.pkl:md5,d41d8cd98f00b204e9800998ecf8427e"
                ],
                "2": [
                    "test_characteristic_genes.png:md5,d41d8cd98f00b204e9800998ecf8427e"
                ],
                "3": [
                    "test_characteristic_genes_mqc.json:md5,d41d8cd98f00b204e9800998ecf8427e"
                ],
                "4": [
                    "versions.yml:md5,d41d8cd98f00b204e9800998ecf8427e"
                ],
                "h5ad": [
                    [
                        {
                            "id": "test"
                        },
                        "test_characteristic_genes.h5ad:md5,d41d8cd98f00b204e9800998ecf8427e"
                    ]
                ],
                "multiqc_files": [
                    "test_characteristic_genes_mqc.json:md5,d41d8cd98f00b204e9800998ecf8427e"
                ],
                "plots": [
                    "test_characteristic_genes.png:md5,d41d8cd98f00b204e9800998ecf8427e"
                ],
                "uns": [
                    "test_characteristic_genes.pkl:md5,d41d8cd98f00b204e9800998ecf8427e"
                ],
                "versions": [
                    "versions.yml:md5,d41d8cd98f00b204e9800998ecf8427e"
                ]
            }
        ],
        "timestamp": "2026-01-18T21:23:45.231170376",
        "meta": {
            "nf-test": "0.9.2",
            "nextflow": "25.10.2"
        }
    },
    "Should run with label subsetting": {
        "content": [
            {
                "0": [
                    
                ],
                "1": [
                    
                ],
                "2": [
                    
                ],
                "3": [
                    
                ],
                "4": [
                    "versions.yml:md5,a279f17d763d69028f9d84346e55dec8"
                ],
                "h5ad": [
                    
                ],
                "multiqc_files": [
                    
                ],
                "plots": [
                    
                ],
                "uns": [
                    
                ],
                "versions": [
                    "versions.yml:md5,a279f17d763d69028f9d84346e55dec8"
                ]
            }
        ],
        "timestamp": "2026-03-16T15:38:45.238803311",
        "meta": {
            "nf-test": "0.9.4",
            "nextflow": "25.10.4"
        }
    },
    "Should run without failures": {
        "content": [
            {
                "0": [
                    [
                        {
                            "id": "test"
                        },
                        "test_characteristic_genes.h5ad:md5,b2954a226646325fe6b3a5a484f4f8e3"
                    ]
                ],
                "1": [
                    "test_characteristic_genes.pkl:md5,f9275b2c2b9ef36cac0e56849632bdfd"
                ],
                "2": [
                    "test_characteristic_genes.png:md5,25e0736ff2a919ff79fd23bd686b5237"
                ],
                "3": [
                    "test_characteristic_genes_mqc.json:md5,b460d2d23c68916a48c3e1a5aabe763e"
                ],
                "4": [
                    "versions.yml:md5,a279f17d763d69028f9d84346e55dec8"
                ],
                "h5ad": [
                    [
                        {
                            "id": "test"
                        },
                        "test_characteristic_genes.h5ad:md5,b2954a226646325fe6b3a5a484f4f8e3"
                    ]
                ],
                "multiqc_files": [
                    "test_characteristic_genes_mqc.json:md5,b460d2d23c68916a48c3e1a5aabe763e"
                ],
                "plots": [
                    "test_characteristic_genes.png:md5,25e0736ff2a919ff79fd23bd686b5237"
                ],
                "uns": [
                    "test_characteristic_genes.pkl:md5,f9275b2c2b9ef36cac0e56849632bdfd"
                ],
                "versions": [
                    "versions.yml:md5,a279f17d763d69028f9d84346e55dec8"
                ]
            }
        ],
        "timestamp": "2026-03-19T23:22:52.469232169",
        "meta": {
            "nf-test": "0.9.4",
            "nextflow": "25.10.2"
        }
    },
    "Should run with condition subsetting": {
        "content": [
            {
                "0": [
                    [
                        {
                            "id": "test"
                        },
                        "test_characteristic_genes.h5ad:md5,330f8e011941d9770911e5fb6d7c35a2"
                    ]
                ],
                "1": [
                    "test_characteristic_genes.pkl:md5,5c5d0bb69f67663b55b4a15c4eaf2b21"
                ],
                "2": [
                    "test_characteristic_genes.png:md5,64e402d7b4b8d0f9d32490795488a3f2"
                ],
                "3": [
                    "test_characteristic_genes_mqc.json:md5,da14e9657406d6a1ee34b68192fe9f9e"
                ],
                "4": [
                    "versions.yml:md5,a279f17d763d69028f9d84346e55dec8"
                ],
                "h5ad": [
                    [
                        {
                            "id": "test"
                        },
                        "test_characteristic_genes.h5ad:md5,330f8e011941d9770911e5fb6d7c35a2"
                    ]
                ],
                "multiqc_files": [
                    "test_characteristic_genes_mqc.json:md5,da14e9657406d6a1ee34b68192fe9f9e"
                ],
                "plots": [
                    "test_characteristic_genes.png:md5,64e402d7b4b8d0f9d32490795488a3f2"
                ],
                "uns": [
                    "test_characteristic_genes.pkl:md5,5c5d0bb69f67663b55b4a15c4eaf2b21"
                ],
                "versions": [
                    "versions.yml:md5,a279f17d763d69028f9d84346e55dec8"
                ]
            }
        ],
        "timestamp": "2026-03-19T23:31:46.678860345",
        "meta": {
            "nf-test": "0.9.4",
            "nextflow": "25.10.2"
        }
    }
}