{
    "Should run without failures - stub": {
        "content": [
            {
                "0": [
                    [
                        {
                            "id": "test"
                        },
                        "test_characteristic_genes.h5ad:md5,d41d8cd98f00b204e9800998ecf8427e"
                    ]
                ],
                "1": [
                    "test_characteristic_genes.pkl:md5,d41d8cd98f00b204e9800998ecf8427e"
                ],
                "2": [
                    "test_characteristic_genes.png:md5,d41d8cd98f00b204e9800998ecf8427e"
                ],
                "3": [
                    "test_characteristic_genes_mqc.json:md5,d41d8cd98f00b204e9800998ecf8427e"
                ],
                "4": [
                    "versions.yml:md5,d41d8cd98f00b204e9800998ecf8427e"
                ],
                "h5ad": [
                    [
                        {
                            "id": "test"
                        },
                        "test_characteristic_genes.h5ad:md5,d41d8cd98f00b204e9800998ecf8427e"
                    ]
                ],
                "multiqc_files": [
                    "test_characteristic_genes_mqc.json:md5,d41d8cd98f00b204e9800998ecf8427e"
                ],
                "plots": [
                    "test_characteristic_genes.png:md5,d41d8cd98f00b204e9800998ecf8427e"
                ],
                "uns": [
                    "test_characteristic_genes.pkl:md5,d41d8cd98f00b204e9800998ecf8427e"
                ],
                "versions": [
                    "versions.yml:md5,d41d8cd98f00b204e9800998ecf8427e"
                ]
            }
        ],
        "meta": {
            "nf-test": "0.9.2",
            "nextflow": "25.04.6"
        },
        "timestamp": "2026-01-10T22:26:41.055688896"
    },
    "Should run without failures": {
        "content": [
            {
                "0": [
                    [
                        {
                            "id": "test"
                        },
                        "test_characteristic_genes.h5ad:md5,70d379e3b9e802dd13fabe2b7dbf2458"
                    ]
                ],
                "1": [
                    "test_characteristic_genes.pkl:md5,465773ef5bdf43583b2c21c02633b891"
                ],
                "2": [
                    "test_characteristic_genes.png:md5,d60aeae0be09f7ec587d8e468897b4f6"
                ],
                "3": [
                    "test_characteristic_genes_mqc.json:md5,cc67ef398c63ade7769f1dafc8b17a5f"
                ],
                "4": [
                    "versions.yml:md5,0b41ff9046b5903a6232224708a00f25"
                ],
                "h5ad": [
                    [
                        {
                            "id": "test"
                        },
                        "test_characteristic_genes.h5ad:md5,70d379e3b9e802dd13fabe2b7dbf2458"
                    ]
                ],
                "multiqc_files": [
                    "test_characteristic_genes_mqc.json:md5,cc67ef398c63ade7769f1dafc8b17a5f"
                ],
                "plots": [
                    "test_characteristic_genes.png:md5,d60aeae0be09f7ec587d8e468897b4f6"
                ],
                "uns": [
                    "test_characteristic_genes.pkl:md5,465773ef5bdf43583b2c21c02633b891"
                ],
                "versions": [
                    "versions.yml:md5,0b41ff9046b5903a6232224708a00f25"
                ]
            }
        ],
        "meta": {
            "nf-test": "0.9.2",
            "nextflow": "25.04.7"
        },
        "timestamp": "2026-01-21T14:43:55.275323491"
    }
}