{
    "Should run differential expression with leiden clustering": {
        "content": [
            {
                "0": [
                    "condition:leiden:0_characteristic_genes.pkl:md5,6f2554cd4ad38c9bc79432a39fa0b409",
                    "condition:leiden:10_characteristic_genes.pkl:md5,b5cddf4993cd232ce31bb203ae95e095",
                    "condition:leiden:11_characteristic_genes.pkl:md5,245c0b4c0f35fdddae82a4abaf5206a4",
                    "condition:leiden:1_characteristic_genes.pkl:md5,869fcb61764f6d9e5e0b40ce10d8ba53",
                    "condition:leiden:2_characteristic_genes.pkl:md5,3f60956bb8fbc03d3c78662eba09d636",
                    "condition:leiden:3_characteristic_genes.pkl:md5,12e4e59b30050f1e8c5923e75966a4f9",
                    "condition:leiden:4_characteristic_genes.pkl:md5,9cecb081fd439849da75f437225401a9",
                    "condition:leiden:5_characteristic_genes.pkl:md5,5a1b5772f54d13c212e1629294682710",
                    "condition:leiden:6_characteristic_genes.pkl:md5,a77f8e628ef51c30bbe8502c2971738a",
                    "condition:leiden:7_characteristic_genes.pkl:md5,f43da75d0b5ca1adfb4461b1154cbbf4",
                    "condition:leiden:8_characteristic_genes.pkl:md5,1cf4e2aa43cd7990916c6d7fc21ff8b0",
                    "condition:leiden:9_characteristic_genes.pkl:md5,566473d7b82102221f3ff9028c8d8c63",
                    "leiden:condition:Disease_characteristic_genes.pkl:md5,26d956e25d644b767927a3c49cd01cf1",
                    "leiden:condition:Healthy_characteristic_genes.pkl:md5,d0fb86ba914f56dccf30be7268e62d8a",
                    "leiden:condition:Treated_characteristic_genes.pkl:md5,c91689a8a2fa03f7e832143818264984",
                    "leiden_characteristic_genes.pkl:md5,70d99a12704d8de11935e9c22ca75c5c"
                ],
                "1": [
                    "condition:leiden:0_characteristic_genes_mqc.json:md5,0d9173af58f05a6a017b7bf62a8ab6a8",
                    "condition:leiden:10_characteristic_genes_mqc.json:md5,1c42e764ba8a629df84a9f6a7b7cb889",
                    "condition:leiden:11_characteristic_genes_mqc.json:md5,2c731f81eabd55cea7c6204127e52cca",
                    "condition:leiden:1_characteristic_genes_mqc.json:md5,a3b5df45edbd4dcc5fb3cf73864f4e76",
                    "condition:leiden:2_characteristic_genes_mqc.json:md5,1656d5018a65811325f95449b34f302b",
                    "condition:leiden:3_characteristic_genes_mqc.json:md5,1ce90ec438f14d33bebd26db002544cb",
                    "condition:leiden:4_characteristic_genes_mqc.json:md5,375733d6a0a018ad6ef0776d5039fb64",
                    "condition:leiden:5_characteristic_genes_mqc.json:md5,f4c37ef44bc9634d035a3180208c28b1",
                    "condition:leiden:6_characteristic_genes_mqc.json:md5,29bae0880d7eacb6da9c1ef45d22f9c4",
                    "condition:leiden:7_characteristic_genes_mqc.json:md5,d1fa8613daecf0aafb769d14c9be39d7",
                    "condition:leiden:8_characteristic_genes_mqc.json:md5,2602bc68c47188fda2742ad9f222cf4e",
                    "condition:leiden:9_characteristic_genes_mqc.json:md5,25f88011184cd35edbae303c67fd30d5",
                    "leiden:condition:Disease_characteristic_genes_mqc.json:md5,54b6743a8852defebc9b9a06d9e230d8",
                    "leiden:condition:Healthy_characteristic_genes_mqc.json:md5,84f2a400ce922382be222d803b90a1e1",
                    "leiden:condition:Treated_characteristic_genes_mqc.json:md5,69ce2c401ed338c4288a47e4aeb0359c",
                    "leiden_characteristic_genes_mqc.json:md5,875d02a88fd8f4f0c0462f4da112d1ed"
                ],
                "2": [
                    "versions.yml:md5,c4e56a7a79e312d6f945d4913899b934",
                    "versions.yml:md5,c4e56a7a79e312d6f945d4913899b934",
                    "versions.yml:md5,c4e56a7a79e312d6f945d4913899b934",
                    "versions.yml:md5,c4e56a7a79e312d6f945d4913899b934",
                    "versions.yml:md5,c4e56a7a79e312d6f945d4913899b934",
                    "versions.yml:md5,c4e56a7a79e312d6f945d4913899b934",
                    "versions.yml:md5,c4e56a7a79e312d6f945d4913899b934",
                    "versions.yml:md5,c4e56a7a79e312d6f945d4913899b934",
                    "versions.yml:md5,c4e56a7a79e312d6f945d4913899b934",
                    "versions.yml:md5,c4e56a7a79e312d6f945d4913899b934",
                    "versions.yml:md5,c4e56a7a79e312d6f945d4913899b934",
                    "versions.yml:md5,c4e56a7a79e312d6f945d4913899b934",
                    "versions.yml:md5,c4e56a7a79e312d6f945d4913899b934",
                    "versions.yml:md5,c4e56a7a79e312d6f945d4913899b934",
                    "versions.yml:md5,c4e56a7a79e312d6f945d4913899b934",
                    "versions.yml:md5,c4e56a7a79e312d6f945d4913899b934"
                ],
                "multiqc_files": [
                    "condition:leiden:0_characteristic_genes_mqc.json:md5,0d9173af58f05a6a017b7bf62a8ab6a8",
                    "condition:leiden:10_characteristic_genes_mqc.json:md5,1c42e764ba8a629df84a9f6a7b7cb889",
                    "condition:leiden:11_characteristic_genes_mqc.json:md5,2c731f81eabd55cea7c6204127e52cca",
                    "condition:leiden:1_characteristic_genes_mqc.json:md5,a3b5df45edbd4dcc5fb3cf73864f4e76",
                    "condition:leiden:2_characteristic_genes_mqc.json:md5,1656d5018a65811325f95449b34f302b",
                    "condition:leiden:3_characteristic_genes_mqc.json:md5,1ce90ec438f14d33bebd26db002544cb",
                    "condition:leiden:4_characteristic_genes_mqc.json:md5,375733d6a0a018ad6ef0776d5039fb64",
                    "condition:leiden:5_characteristic_genes_mqc.json:md5,f4c37ef44bc9634d035a3180208c28b1",
                    "condition:leiden:6_characteristic_genes_mqc.json:md5,29bae0880d7eacb6da9c1ef45d22f9c4",
                    "condition:leiden:7_characteristic_genes_mqc.json:md5,d1fa8613daecf0aafb769d14c9be39d7",
                    "condition:leiden:8_characteristic_genes_mqc.json:md5,2602bc68c47188fda2742ad9f222cf4e",
                    "condition:leiden:9_characteristic_genes_mqc.json:md5,25f88011184cd35edbae303c67fd30d5",
                    "leiden:condition:Disease_characteristic_genes_mqc.json:md5,54b6743a8852defebc9b9a06d9e230d8",
                    "leiden:condition:Healthy_characteristic_genes_mqc.json:md5,84f2a400ce922382be222d803b90a1e1",
                    "leiden:condition:Treated_characteristic_genes_mqc.json:md5,69ce2c401ed338c4288a47e4aeb0359c",
                    "leiden_characteristic_genes_mqc.json:md5,875d02a88fd8f4f0c0462f4da112d1ed"
                ],
                "uns": [
                    "condition:leiden:0_characteristic_genes.pkl:md5,6f2554cd4ad38c9bc79432a39fa0b409",
                    "condition:leiden:10_characteristic_genes.pkl:md5,b5cddf4993cd232ce31bb203ae95e095",
                    "condition:leiden:11_characteristic_genes.pkl:md5,245c0b4c0f35fdddae82a4abaf5206a4",
                    "condition:leiden:1_characteristic_genes.pkl:md5,869fcb61764f6d9e5e0b40ce10d8ba53",
                    "condition:leiden:2_characteristic_genes.pkl:md5,3f60956bb8fbc03d3c78662eba09d636",
                    "condition:leiden:3_characteristic_genes.pkl:md5,12e4e59b30050f1e8c5923e75966a4f9",
                    "condition:leiden:4_characteristic_genes.pkl:md5,9cecb081fd439849da75f437225401a9",
                    "condition:leiden:5_characteristic_genes.pkl:md5,5a1b5772f54d13c212e1629294682710",
                    "condition:leiden:6_characteristic_genes.pkl:md5,a77f8e628ef51c30bbe8502c2971738a",
                    "condition:leiden:7_characteristic_genes.pkl:md5,f43da75d0b5ca1adfb4461b1154cbbf4",
                    "condition:leiden:8_characteristic_genes.pkl:md5,1cf4e2aa43cd7990916c6d7fc21ff8b0",
                    "condition:leiden:9_characteristic_genes.pkl:md5,566473d7b82102221f3ff9028c8d8c63",
                    "leiden:condition:Disease_characteristic_genes.pkl:md5,26d956e25d644b767927a3c49cd01cf1",
                    "leiden:condition:Healthy_characteristic_genes.pkl:md5,d0fb86ba914f56dccf30be7268e62d8a",
                    "leiden:condition:Treated_characteristic_genes.pkl:md5,c91689a8a2fa03f7e832143818264984",
                    "leiden_characteristic_genes.pkl:md5,70d99a12704d8de11935e9c22ca75c5c"
                ],
                "versions": [
                    "versions.yml:md5,c4e56a7a79e312d6f945d4913899b934",
                    "versions.yml:md5,c4e56a7a79e312d6f945d4913899b934",
                    "versions.yml:md5,c4e56a7a79e312d6f945d4913899b934",
                    "versions.yml:md5,c4e56a7a79e312d6f945d4913899b934",
                    "versions.yml:md5,c4e56a7a79e312d6f945d4913899b934",
                    "versions.yml:md5,c4e56a7a79e312d6f945d4913899b934",
                    "versions.yml:md5,c4e56a7a79e312d6f945d4913899b934",
                    "versions.yml:md5,c4e56a7a79e312d6f945d4913899b934",
                    "versions.yml:md5,c4e56a7a79e312d6f945d4913899b934",
                    "versions.yml:md5,c4e56a7a79e312d6f945d4913899b934",
                    "versions.yml:md5,c4e56a7a79e312d6f945d4913899b934",
                    "versions.yml:md5,c4e56a7a79e312d6f945d4913899b934",
                    "versions.yml:md5,c4e56a7a79e312d6f945d4913899b934",
                    "versions.yml:md5,c4e56a7a79e312d6f945d4913899b934",
                    "versions.yml:md5,c4e56a7a79e312d6f945d4913899b934",
                    "versions.yml:md5,c4e56a7a79e312d6f945d4913899b934"
                ]
            }
        ],
        "timestamp": "2026-03-23T17:50:56.367977",
        "meta": {
            "nf-test": "0.9.5",
            "nextflow": "25.10.4"
        }
    },
    "Should run differential expression with label column": {
        "content": [
            {
                "0": [
                    "condition:label:B_cell_characteristic_genes.pkl:md5,f87e6ad3b7ddf53ce04aab4a40d8a1bb",
                    "condition:label:Cd4_t_characteristic_genes.pkl:md5,204c9f20fb85ab1bca70008685067c80",
                    "condition:label:Cd8_t_characteristic_genes.pkl:md5,2ed8d6b7e5445b011f63f916d182df79",
                    "condition:label:Monocyte_characteristic_genes.pkl:md5,ebb0db91ce5b523c3d21516c4b0e0934",
                    "condition:label:Nk_cell_characteristic_genes.pkl:md5,caf7ce107c77e21dc3f9c70f8fdf2319",
                    "condition:label:T_cell_characteristic_genes.pkl:md5,d6a720bfe2c9fd4527bb908182a89a02",
                    "label:condition:Disease_characteristic_genes.pkl:md5,b33a435402d445a8a7704e7ad4c3b61c",
                    "label:condition:Healthy_characteristic_genes.pkl:md5,e9dce69e3d8ec6ebd82957210c3d6266",
                    "label:condition:Treated_characteristic_genes.pkl:md5,d0347ed8e303f44af031368e4a886d71",
                    "label_characteristic_genes.pkl:md5,9f3a8b441e5634e65ba1f41fb95781ae"
                ],
                "1": [
                    "condition:label:B_cell_characteristic_genes_mqc.json:md5,820db31f71bd14483b91ecf5e7656de4",
                    "condition:label:Cd4_t_characteristic_genes_mqc.json:md5,2af14cf72e88e19a5d9ce15dd7025727",
                    "condition:label:Cd8_t_characteristic_genes_mqc.json:md5,52203e4f1b841cb16e2b8ed719de1492",
                    "condition:label:Monocyte_characteristic_genes_mqc.json:md5,a88fa9d3780b4184d291d924a4830b9e",
                    "condition:label:Nk_cell_characteristic_genes_mqc.json:md5,51feda33f6932ea1429ff87f153e2aa0",
                    "condition:label:T_cell_characteristic_genes_mqc.json:md5,99f02e1eca31c65a84b9dbf57d05bd7a",
                    "label:condition:Disease_characteristic_genes_mqc.json:md5,5474c0aa0b23b308e0bbfa09cf67dc7d",
                    "label:condition:Healthy_characteristic_genes_mqc.json:md5,4e73669edf2a51df4e85f9e308e69b69",
                    "label:condition:Treated_characteristic_genes_mqc.json:md5,845060dadf420e9c9ee032989690c9e7",
                    "label_characteristic_genes_mqc.json:md5,dfa0f0eb363917eb443b7dbbde95a20f"
                ],
                "2": [
                    "versions.yml:md5,c4e56a7a79e312d6f945d4913899b934",
                    "versions.yml:md5,c4e56a7a79e312d6f945d4913899b934",
                    "versions.yml:md5,c4e56a7a79e312d6f945d4913899b934",
                    "versions.yml:md5,c4e56a7a79e312d6f945d4913899b934",
                    "versions.yml:md5,c4e56a7a79e312d6f945d4913899b934",
                    "versions.yml:md5,c4e56a7a79e312d6f945d4913899b934",
                    "versions.yml:md5,c4e56a7a79e312d6f945d4913899b934",
                    "versions.yml:md5,c4e56a7a79e312d6f945d4913899b934",
                    "versions.yml:md5,c4e56a7a79e312d6f945d4913899b934",
                    "versions.yml:md5,c4e56a7a79e312d6f945d4913899b934"
                ],
                "multiqc_files": [
                    "condition:label:B_cell_characteristic_genes_mqc.json:md5,820db31f71bd14483b91ecf5e7656de4",
                    "condition:label:Cd4_t_characteristic_genes_mqc.json:md5,2af14cf72e88e19a5d9ce15dd7025727",
                    "condition:label:Cd8_t_characteristic_genes_mqc.json:md5,52203e4f1b841cb16e2b8ed719de1492",
                    "condition:label:Monocyte_characteristic_genes_mqc.json:md5,a88fa9d3780b4184d291d924a4830b9e",
                    "condition:label:Nk_cell_characteristic_genes_mqc.json:md5,51feda33f6932ea1429ff87f153e2aa0",
                    "condition:label:T_cell_characteristic_genes_mqc.json:md5,99f02e1eca31c65a84b9dbf57d05bd7a",
                    "label:condition:Disease_characteristic_genes_mqc.json:md5,5474c0aa0b23b308e0bbfa09cf67dc7d",
                    "label:condition:Healthy_characteristic_genes_mqc.json:md5,4e73669edf2a51df4e85f9e308e69b69",
                    "label:condition:Treated_characteristic_genes_mqc.json:md5,845060dadf420e9c9ee032989690c9e7",
                    "label_characteristic_genes_mqc.json:md5,dfa0f0eb363917eb443b7dbbde95a20f"
                ],
                "uns": [
                    "condition:label:B_cell_characteristic_genes.pkl:md5,f87e6ad3b7ddf53ce04aab4a40d8a1bb",
                    "condition:label:Cd4_t_characteristic_genes.pkl:md5,204c9f20fb85ab1bca70008685067c80",
                    "condition:label:Cd8_t_characteristic_genes.pkl:md5,2ed8d6b7e5445b011f63f916d182df79",
                    "condition:label:Monocyte_characteristic_genes.pkl:md5,ebb0db91ce5b523c3d21516c4b0e0934",
                    "condition:label:Nk_cell_characteristic_genes.pkl:md5,caf7ce107c77e21dc3f9c70f8fdf2319",
                    "condition:label:T_cell_characteristic_genes.pkl:md5,d6a720bfe2c9fd4527bb908182a89a02",
                    "label:condition:Disease_characteristic_genes.pkl:md5,b33a435402d445a8a7704e7ad4c3b61c",
                    "label:condition:Healthy_characteristic_genes.pkl:md5,e9dce69e3d8ec6ebd82957210c3d6266",
                    "label:condition:Treated_characteristic_genes.pkl:md5,d0347ed8e303f44af031368e4a886d71",
                    "label_characteristic_genes.pkl:md5,9f3a8b441e5634e65ba1f41fb95781ae"
                ],
                "versions": [
                    "versions.yml:md5,c4e56a7a79e312d6f945d4913899b934",
                    "versions.yml:md5,c4e56a7a79e312d6f945d4913899b934",
                    "versions.yml:md5,c4e56a7a79e312d6f945d4913899b934",
                    "versions.yml:md5,c4e56a7a79e312d6f945d4913899b934",
                    "versions.yml:md5,c4e56a7a79e312d6f945d4913899b934",
                    "versions.yml:md5,c4e56a7a79e312d6f945d4913899b934",
                    "versions.yml:md5,c4e56a7a79e312d6f945d4913899b934",
                    "versions.yml:md5,c4e56a7a79e312d6f945d4913899b934",
                    "versions.yml:md5,c4e56a7a79e312d6f945d4913899b934",
                    "versions.yml:md5,c4e56a7a79e312d6f945d4913899b934"
                ]
            }
        ],
        "timestamp": "2026-03-23T17:51:53.915488",
        "meta": {
            "nf-test": "0.9.5",
            "nextflow": "25.10.4"
        }
    }
}