{
    "Should run differential expression with leiden clustering": {
        "content": [
            {
                "0": [
                    "test_characteristic_genes.pkl:md5,0a6f461520d9a7460b7aae2f0cbf18d8",
                    "test_characteristic_genes.pkl:md5,1dfe0f553c3a6a4f651875670f89cd09",
                    "test_characteristic_genes.pkl:md5,33c3e787946af94f38e3d34b70bf08f5",
                    "test_characteristic_genes.pkl:md5,4027daa800b316bf53220f89a2ab3af8",
                    "test_characteristic_genes.pkl:md5,71f66aa91fb939a952ebfaddf7afd8c8",
                    "test_characteristic_genes.pkl:md5,7ae6abf9eb705da88b5a643380aaeaea",
                    "test_characteristic_genes.pkl:md5,8b4482f7702c695f4207b228db01de01",
                    "test_characteristic_genes.pkl:md5,8d01d2b91389d4997d003ae840225358",
                    "test_characteristic_genes.pkl:md5,9bb46438c5f7d5fde5a34d0c343460f8",
                    "test_characteristic_genes.pkl:md5,b7320625cb647d0455399de94451db7c",
                    "test_characteristic_genes.pkl:md5,b9fbd9e392a305e1074268739ce40532",
                    "test_characteristic_genes.pkl:md5,dca5b420c39b9a59037ee0d6d2f90c57",
                    "test_characteristic_genes.pkl:md5,dd252cd92db40ecdbb4848c598a73244",
                    "test_characteristic_genes.pkl:md5,e1ac1ace897a0dbba0d3443de1dd4cdb",
                    "test_characteristic_genes.pkl:md5,ffd0a4e6a284f8632a3538f24bcd83b1"
                ],
                "1": [
                    "test_characteristic_genes_mqc.json:md5,027111c340ade2aece600f975faeec45",
                    "test_characteristic_genes_mqc.json:md5,095414e300d6192bc24a5a1cf6d7b4e0",
                    "test_characteristic_genes_mqc.json:md5,131898d6021a789de97666dffd3fbe19",
                    "test_characteristic_genes_mqc.json:md5,2aeeabdb0b947d3b0b31581a4703be5b",
                    "test_characteristic_genes_mqc.json:md5,3372567aed999c695bd6024de4741abf",
                    "test_characteristic_genes_mqc.json:md5,4d39711c0a748689dcb8f645309b6a6c",
                    "test_characteristic_genes_mqc.json:md5,57a60ceb48a24fd8bb32a129cf122a64",
                    "test_characteristic_genes_mqc.json:md5,71be6b0b4b19b204008d10ecb004656a",
                    "test_characteristic_genes_mqc.json:md5,7ed4257086cfb42005b0a962e3a1dd95",
                    "test_characteristic_genes_mqc.json:md5,b03b84e0f85a1ae7737d3eca68dc8320",
                    "test_characteristic_genes_mqc.json:md5,c47f0cdf047b3a3bec3c401dfa546257",
                    "test_characteristic_genes_mqc.json:md5,c9903649ffc4de9ef370ad073fa35178",
                    "test_characteristic_genes_mqc.json:md5,d60c68d6a6e0701526456c7f6df44593",
                    "test_characteristic_genes_mqc.json:md5,f5da77eeafc9e9d970a485d00aa82a82",
                    "test_characteristic_genes_mqc.json:md5,f69979cd3d709e25d4f3efd71cabbb37"
                ],
                "2": [
                    "versions.yml:md5,e4b3ab0afb2a989e144e032cda2ef5b1",
                    "versions.yml:md5,e4b3ab0afb2a989e144e032cda2ef5b1",
                    "versions.yml:md5,e4b3ab0afb2a989e144e032cda2ef5b1",
                    "versions.yml:md5,e4b3ab0afb2a989e144e032cda2ef5b1",
                    "versions.yml:md5,e4b3ab0afb2a989e144e032cda2ef5b1",
                    "versions.yml:md5,e4b3ab0afb2a989e144e032cda2ef5b1",
                    "versions.yml:md5,e4b3ab0afb2a989e144e032cda2ef5b1",
                    "versions.yml:md5,e4b3ab0afb2a989e144e032cda2ef5b1",
                    "versions.yml:md5,e4b3ab0afb2a989e144e032cda2ef5b1",
                    "versions.yml:md5,e4b3ab0afb2a989e144e032cda2ef5b1",
                    "versions.yml:md5,e4b3ab0afb2a989e144e032cda2ef5b1",
                    "versions.yml:md5,e4b3ab0afb2a989e144e032cda2ef5b1",
                    "versions.yml:md5,e4b3ab0afb2a989e144e032cda2ef5b1",
                    "versions.yml:md5,e4b3ab0afb2a989e144e032cda2ef5b1",
                    "versions.yml:md5,e4b3ab0afb2a989e144e032cda2ef5b1"
                ],
                "multiqc_files": [
                    "test_characteristic_genes_mqc.json:md5,027111c340ade2aece600f975faeec45",
                    "test_characteristic_genes_mqc.json:md5,095414e300d6192bc24a5a1cf6d7b4e0",
                    "test_characteristic_genes_mqc.json:md5,131898d6021a789de97666dffd3fbe19",
                    "test_characteristic_genes_mqc.json:md5,2aeeabdb0b947d3b0b31581a4703be5b",
                    "test_characteristic_genes_mqc.json:md5,3372567aed999c695bd6024de4741abf",
                    "test_characteristic_genes_mqc.json:md5,4d39711c0a748689dcb8f645309b6a6c",
                    "test_characteristic_genes_mqc.json:md5,57a60ceb48a24fd8bb32a129cf122a64",
                    "test_characteristic_genes_mqc.json:md5,71be6b0b4b19b204008d10ecb004656a",
                    "test_characteristic_genes_mqc.json:md5,7ed4257086cfb42005b0a962e3a1dd95",
                    "test_characteristic_genes_mqc.json:md5,b03b84e0f85a1ae7737d3eca68dc8320",
                    "test_characteristic_genes_mqc.json:md5,c47f0cdf047b3a3bec3c401dfa546257",
                    "test_characteristic_genes_mqc.json:md5,c9903649ffc4de9ef370ad073fa35178",
                    "test_characteristic_genes_mqc.json:md5,d60c68d6a6e0701526456c7f6df44593",
                    "test_characteristic_genes_mqc.json:md5,f5da77eeafc9e9d970a485d00aa82a82",
                    "test_characteristic_genes_mqc.json:md5,f69979cd3d709e25d4f3efd71cabbb37"
                ],
                "uns": [
                    "test_characteristic_genes.pkl:md5,0a6f461520d9a7460b7aae2f0cbf18d8",
                    "test_characteristic_genes.pkl:md5,1dfe0f553c3a6a4f651875670f89cd09",
                    "test_characteristic_genes.pkl:md5,33c3e787946af94f38e3d34b70bf08f5",
                    "test_characteristic_genes.pkl:md5,4027daa800b316bf53220f89a2ab3af8",
                    "test_characteristic_genes.pkl:md5,71f66aa91fb939a952ebfaddf7afd8c8",
                    "test_characteristic_genes.pkl:md5,7ae6abf9eb705da88b5a643380aaeaea",
                    "test_characteristic_genes.pkl:md5,8b4482f7702c695f4207b228db01de01",
                    "test_characteristic_genes.pkl:md5,8d01d2b91389d4997d003ae840225358",
                    "test_characteristic_genes.pkl:md5,9bb46438c5f7d5fde5a34d0c343460f8",
                    "test_characteristic_genes.pkl:md5,b7320625cb647d0455399de94451db7c",
                    "test_characteristic_genes.pkl:md5,b9fbd9e392a305e1074268739ce40532",
                    "test_characteristic_genes.pkl:md5,dca5b420c39b9a59037ee0d6d2f90c57",
                    "test_characteristic_genes.pkl:md5,dd252cd92db40ecdbb4848c598a73244",
                    "test_characteristic_genes.pkl:md5,e1ac1ace897a0dbba0d3443de1dd4cdb",
                    "test_characteristic_genes.pkl:md5,ffd0a4e6a284f8632a3538f24bcd83b1"
                ],
                "versions": [
                    "versions.yml:md5,e4b3ab0afb2a989e144e032cda2ef5b1",
                    "versions.yml:md5,e4b3ab0afb2a989e144e032cda2ef5b1",
                    "versions.yml:md5,e4b3ab0afb2a989e144e032cda2ef5b1",
                    "versions.yml:md5,e4b3ab0afb2a989e144e032cda2ef5b1",
                    "versions.yml:md5,e4b3ab0afb2a989e144e032cda2ef5b1",
                    "versions.yml:md5,e4b3ab0afb2a989e144e032cda2ef5b1",
                    "versions.yml:md5,e4b3ab0afb2a989e144e032cda2ef5b1",
                    "versions.yml:md5,e4b3ab0afb2a989e144e032cda2ef5b1",
                    "versions.yml:md5,e4b3ab0afb2a989e144e032cda2ef5b1",
                    "versions.yml:md5,e4b3ab0afb2a989e144e032cda2ef5b1",
                    "versions.yml:md5,e4b3ab0afb2a989e144e032cda2ef5b1",
                    "versions.yml:md5,e4b3ab0afb2a989e144e032cda2ef5b1",
                    "versions.yml:md5,e4b3ab0afb2a989e144e032cda2ef5b1",
                    "versions.yml:md5,e4b3ab0afb2a989e144e032cda2ef5b1",
                    "versions.yml:md5,e4b3ab0afb2a989e144e032cda2ef5b1"
                ]
            }
        ],
        "meta": {
            "nf-test": "0.9.2",
            "nextflow": "25.04.6"
        },
        "timestamp": "2026-01-18T18:34:05.174151546"
    },
    "Should run differential expression with label column": {
        "content": [
            {
                "0": [
                    "test_characteristic_genes.pkl:md5,0e709c29bc3a61ba316048e2c8d61da8",
                    "test_characteristic_genes.pkl:md5,2f99d61c2954906ec104799264fed6d0",
                    "test_characteristic_genes.pkl:md5,776d565572bb6a1eddfd5567a69c0dc6",
                    "test_characteristic_genes.pkl:md5,859c3b54b1b39be82f92048a60dab7c4",
                    "test_characteristic_genes.pkl:md5,a38d1c237a97f99759d821f73bba5719",
                    "test_characteristic_genes.pkl:md5,b477570c5ae47b5239891344904d946d",
                    "test_characteristic_genes.pkl:md5,dda81972668c2b9a164bb925930a9489",
                    "test_characteristic_genes.pkl:md5,e91f318cec5509beb1641bf17e272523",
                    "test_characteristic_genes.pkl:md5,f8b17a3fc7c93037a74b83f5d2a30622",
                    "test_characteristic_genes.pkl:md5,fca6d6c9ccd508cdcb5c718a2a4c25dd"
                ],
                "1": [
                    "test_characteristic_genes_mqc.json:md5,0aeff1aa2c6dff3a7e75356fe9c7518e",
                    "test_characteristic_genes_mqc.json:md5,189f61ecfc8abac8c010757f1140329a",
                    "test_characteristic_genes_mqc.json:md5,3c4a5b688df09680b66ec04535630c11",
                    "test_characteristic_genes_mqc.json:md5,6e4eae481ba3ee4f007697919309fdc0",
                    "test_characteristic_genes_mqc.json:md5,6f79788b14f85eff22b9e80561e62c5a",
                    "test_characteristic_genes_mqc.json:md5,8bf92a514af5cee4189b8e35644dcf6d",
                    "test_characteristic_genes_mqc.json:md5,ad7e88dcb05647bc6ef7bdc8671e0c92",
                    "test_characteristic_genes_mqc.json:md5,b40f179bbbc24a2014d49dc8770b7a5a",
                    "test_characteristic_genes_mqc.json:md5,b89e4b1b59b46a95e0aa55805d4b844a",
                    "test_characteristic_genes_mqc.json:md5,ead98df7217ee3a98cb14e37693b8602"
                ],
                "2": [
                    "versions.yml:md5,e4b3ab0afb2a989e144e032cda2ef5b1",
                    "versions.yml:md5,e4b3ab0afb2a989e144e032cda2ef5b1",
                    "versions.yml:md5,e4b3ab0afb2a989e144e032cda2ef5b1",
                    "versions.yml:md5,e4b3ab0afb2a989e144e032cda2ef5b1",
                    "versions.yml:md5,e4b3ab0afb2a989e144e032cda2ef5b1",
                    "versions.yml:md5,e4b3ab0afb2a989e144e032cda2ef5b1",
                    "versions.yml:md5,e4b3ab0afb2a989e144e032cda2ef5b1",
                    "versions.yml:md5,e4b3ab0afb2a989e144e032cda2ef5b1",
                    "versions.yml:md5,e4b3ab0afb2a989e144e032cda2ef5b1",
                    "versions.yml:md5,e4b3ab0afb2a989e144e032cda2ef5b1"
                ],
                "multiqc_files": [
                    "test_characteristic_genes_mqc.json:md5,0aeff1aa2c6dff3a7e75356fe9c7518e",
                    "test_characteristic_genes_mqc.json:md5,189f61ecfc8abac8c010757f1140329a",
                    "test_characteristic_genes_mqc.json:md5,3c4a5b688df09680b66ec04535630c11",
                    "test_characteristic_genes_mqc.json:md5,6e4eae481ba3ee4f007697919309fdc0",
                    "test_characteristic_genes_mqc.json:md5,6f79788b14f85eff22b9e80561e62c5a",
                    "test_characteristic_genes_mqc.json:md5,8bf92a514af5cee4189b8e35644dcf6d",
                    "test_characteristic_genes_mqc.json:md5,ad7e88dcb05647bc6ef7bdc8671e0c92",
                    "test_characteristic_genes_mqc.json:md5,b40f179bbbc24a2014d49dc8770b7a5a",
                    "test_characteristic_genes_mqc.json:md5,b89e4b1b59b46a95e0aa55805d4b844a",
                    "test_characteristic_genes_mqc.json:md5,ead98df7217ee3a98cb14e37693b8602"
                ],
                "uns": [
                    "test_characteristic_genes.pkl:md5,0e709c29bc3a61ba316048e2c8d61da8",
                    "test_characteristic_genes.pkl:md5,2f99d61c2954906ec104799264fed6d0",
                    "test_characteristic_genes.pkl:md5,776d565572bb6a1eddfd5567a69c0dc6",
                    "test_characteristic_genes.pkl:md5,859c3b54b1b39be82f92048a60dab7c4",
                    "test_characteristic_genes.pkl:md5,a38d1c237a97f99759d821f73bba5719",
                    "test_characteristic_genes.pkl:md5,b477570c5ae47b5239891344904d946d",
                    "test_characteristic_genes.pkl:md5,dda81972668c2b9a164bb925930a9489",
                    "test_characteristic_genes.pkl:md5,e91f318cec5509beb1641bf17e272523",
                    "test_characteristic_genes.pkl:md5,f8b17a3fc7c93037a74b83f5d2a30622",
                    "test_characteristic_genes.pkl:md5,fca6d6c9ccd508cdcb5c718a2a4c25dd"
                ],
                "versions": [
                    "versions.yml:md5,e4b3ab0afb2a989e144e032cda2ef5b1",
                    "versions.yml:md5,e4b3ab0afb2a989e144e032cda2ef5b1",
                    "versions.yml:md5,e4b3ab0afb2a989e144e032cda2ef5b1",
                    "versions.yml:md5,e4b3ab0afb2a989e144e032cda2ef5b1",
                    "versions.yml:md5,e4b3ab0afb2a989e144e032cda2ef5b1",
                    "versions.yml:md5,e4b3ab0afb2a989e144e032cda2ef5b1",
                    "versions.yml:md5,e4b3ab0afb2a989e144e032cda2ef5b1",
                    "versions.yml:md5,e4b3ab0afb2a989e144e032cda2ef5b1",
                    "versions.yml:md5,e4b3ab0afb2a989e144e032cda2ef5b1",
                    "versions.yml:md5,e4b3ab0afb2a989e144e032cda2ef5b1"
                ]
            }
        ],
        "meta": {
            "nf-test": "0.9.2",
            "nextflow": "25.04.6"
        },
        "timestamp": "2026-01-18T18:36:57.005918164"
    }
}