{
    "Should run differential expression with leiden clustering": {
        "content": [
            {
                "0": [
                    "condition:leiden:0_characteristic_genes.pkl:md5,5cae623a9decb88acf0d75abb9da91f9",
                    "condition:leiden:10_characteristic_genes.pkl:md5,b2dec3e8cf990f830236bcbb4868a81c",
                    "condition:leiden:1_characteristic_genes.pkl:md5,a28350fbd1c968f5ab89b6fe437083fb",
                    "condition:leiden:2_characteristic_genes.pkl:md5,741284f462cd9cee2d4b722b9ffe5726",
                    "condition:leiden:3_characteristic_genes.pkl:md5,ab7b36435436be49117c705457daafb7",
                    "condition:leiden:4_characteristic_genes.pkl:md5,3e4be61bdaf64b25a5c576aaca690850",
                    "condition:leiden:5_characteristic_genes.pkl:md5,91aa12c3a4cf78a17dd0a131dfc8bc26",
                    "condition:leiden:6_characteristic_genes.pkl:md5,ca642220fef3d6a85729bdab45e08134",
                    "condition:leiden:7_characteristic_genes.pkl:md5,595a16f84fa7d35998a8e8465d21f71e",
                    "condition:leiden:8_characteristic_genes.pkl:md5,51027190fe3bd3b9116648f53b4f060f",
                    "condition:leiden:9_characteristic_genes.pkl:md5,c5eeeaacae34f2189cbcc582d609c641",
                    "leiden:condition:Disease_characteristic_genes.pkl:md5,7f9b479add49cad8fd7f7cbc5f67ab33",
                    "leiden:condition:Healthy_characteristic_genes.pkl:md5,37173c5a2dd9015a51e217ec214e7efb",
                    "leiden:condition:Treated_characteristic_genes.pkl:md5,70fa2668a2e32e26ae15c98f5ecaf687",
                    "leiden_characteristic_genes.pkl:md5,283ff8b7a27c25cd9bc0345abdcb9e8b"
                ],
                "1": [
                    "condition:leiden:0_characteristic_genes_mqc.json:md5,b194d20dd79505393037171942758375",
                    "condition:leiden:10_characteristic_genes_mqc.json:md5,13b89bceae5a86caa3de2968ac8d6ab5",
                    "condition:leiden:1_characteristic_genes_mqc.json:md5,17b885a6c77446e88dc34fc5813512c8",
                    "condition:leiden:2_characteristic_genes_mqc.json:md5,3c28af8cde73826d4cde0d6e3be51418",
                    "condition:leiden:3_characteristic_genes_mqc.json:md5,b0867aab23701866b0b2146225333ac3",
                    "condition:leiden:4_characteristic_genes_mqc.json:md5,fad5fdf65d179f5d8a3401db2a79513e",
                    "condition:leiden:5_characteristic_genes_mqc.json:md5,a50fec32ac6ea2eba98ae71373f606cc",
                    "condition:leiden:6_characteristic_genes_mqc.json:md5,9d869a598793b0ad418b4132cf26f7f5",
                    "condition:leiden:7_characteristic_genes_mqc.json:md5,deef800c92c9d941d4331dc51e237332",
                    "condition:leiden:8_characteristic_genes_mqc.json:md5,258f8303cd19f46a3b0d28754ec5d6dc",
                    "condition:leiden:9_characteristic_genes_mqc.json:md5,0df57eebb0b93287b61df725bce1d282",
                    "leiden:condition:Disease_characteristic_genes_mqc.json:md5,2ea7304e08baa2ece503bc8e7f1efd41",
                    "leiden:condition:Healthy_characteristic_genes_mqc.json:md5,47437befe671531cb1c594d42cb98ab4",
                    "leiden:condition:Treated_characteristic_genes_mqc.json:md5,729de6e7492668308f57e3bca2dbf2d6",
                    "leiden_characteristic_genes_mqc.json:md5,220eef01e3892ae4d3e2ea13462f55c9"
                ],
                "2": [
                    "versions.yml:md5,c4e56a7a79e312d6f945d4913899b934",
                    "versions.yml:md5,c4e56a7a79e312d6f945d4913899b934",
                    "versions.yml:md5,c4e56a7a79e312d6f945d4913899b934",
                    "versions.yml:md5,c4e56a7a79e312d6f945d4913899b934",
                    "versions.yml:md5,c4e56a7a79e312d6f945d4913899b934",
                    "versions.yml:md5,c4e56a7a79e312d6f945d4913899b934",
                    "versions.yml:md5,c4e56a7a79e312d6f945d4913899b934",
                    "versions.yml:md5,c4e56a7a79e312d6f945d4913899b934",
                    "versions.yml:md5,c4e56a7a79e312d6f945d4913899b934",
                    "versions.yml:md5,c4e56a7a79e312d6f945d4913899b934",
                    "versions.yml:md5,c4e56a7a79e312d6f945d4913899b934",
                    "versions.yml:md5,c4e56a7a79e312d6f945d4913899b934",
                    "versions.yml:md5,c4e56a7a79e312d6f945d4913899b934",
                    "versions.yml:md5,c4e56a7a79e312d6f945d4913899b934",
                    "versions.yml:md5,c4e56a7a79e312d6f945d4913899b934"
                ],
                "multiqc_files": [
                    "condition:leiden:0_characteristic_genes_mqc.json:md5,b194d20dd79505393037171942758375",
                    "condition:leiden:10_characteristic_genes_mqc.json:md5,13b89bceae5a86caa3de2968ac8d6ab5",
                    "condition:leiden:1_characteristic_genes_mqc.json:md5,17b885a6c77446e88dc34fc5813512c8",
                    "condition:leiden:2_characteristic_genes_mqc.json:md5,3c28af8cde73826d4cde0d6e3be51418",
                    "condition:leiden:3_characteristic_genes_mqc.json:md5,b0867aab23701866b0b2146225333ac3",
                    "condition:leiden:4_characteristic_genes_mqc.json:md5,fad5fdf65d179f5d8a3401db2a79513e",
                    "condition:leiden:5_characteristic_genes_mqc.json:md5,a50fec32ac6ea2eba98ae71373f606cc",
                    "condition:leiden:6_characteristic_genes_mqc.json:md5,9d869a598793b0ad418b4132cf26f7f5",
                    "condition:leiden:7_characteristic_genes_mqc.json:md5,deef800c92c9d941d4331dc51e237332",
                    "condition:leiden:8_characteristic_genes_mqc.json:md5,258f8303cd19f46a3b0d28754ec5d6dc",
                    "condition:leiden:9_characteristic_genes_mqc.json:md5,0df57eebb0b93287b61df725bce1d282",
                    "leiden:condition:Disease_characteristic_genes_mqc.json:md5,2ea7304e08baa2ece503bc8e7f1efd41",
                    "leiden:condition:Healthy_characteristic_genes_mqc.json:md5,47437befe671531cb1c594d42cb98ab4",
                    "leiden:condition:Treated_characteristic_genes_mqc.json:md5,729de6e7492668308f57e3bca2dbf2d6",
                    "leiden_characteristic_genes_mqc.json:md5,220eef01e3892ae4d3e2ea13462f55c9"
                ],
                "uns": [
                    "condition:leiden:0_characteristic_genes.pkl:md5,5cae623a9decb88acf0d75abb9da91f9",
                    "condition:leiden:10_characteristic_genes.pkl:md5,b2dec3e8cf990f830236bcbb4868a81c",
                    "condition:leiden:1_characteristic_genes.pkl:md5,a28350fbd1c968f5ab89b6fe437083fb",
                    "condition:leiden:2_characteristic_genes.pkl:md5,741284f462cd9cee2d4b722b9ffe5726",
                    "condition:leiden:3_characteristic_genes.pkl:md5,ab7b36435436be49117c705457daafb7",
                    "condition:leiden:4_characteristic_genes.pkl:md5,3e4be61bdaf64b25a5c576aaca690850",
                    "condition:leiden:5_characteristic_genes.pkl:md5,91aa12c3a4cf78a17dd0a131dfc8bc26",
                    "condition:leiden:6_characteristic_genes.pkl:md5,ca642220fef3d6a85729bdab45e08134",
                    "condition:leiden:7_characteristic_genes.pkl:md5,595a16f84fa7d35998a8e8465d21f71e",
                    "condition:leiden:8_characteristic_genes.pkl:md5,51027190fe3bd3b9116648f53b4f060f",
                    "condition:leiden:9_characteristic_genes.pkl:md5,c5eeeaacae34f2189cbcc582d609c641",
                    "leiden:condition:Disease_characteristic_genes.pkl:md5,7f9b479add49cad8fd7f7cbc5f67ab33",
                    "leiden:condition:Healthy_characteristic_genes.pkl:md5,37173c5a2dd9015a51e217ec214e7efb",
                    "leiden:condition:Treated_characteristic_genes.pkl:md5,70fa2668a2e32e26ae15c98f5ecaf687",
                    "leiden_characteristic_genes.pkl:md5,283ff8b7a27c25cd9bc0345abdcb9e8b"
                ],
                "versions": [
                    "versions.yml:md5,c4e56a7a79e312d6f945d4913899b934",
                    "versions.yml:md5,c4e56a7a79e312d6f945d4913899b934",
                    "versions.yml:md5,c4e56a7a79e312d6f945d4913899b934",
                    "versions.yml:md5,c4e56a7a79e312d6f945d4913899b934",
                    "versions.yml:md5,c4e56a7a79e312d6f945d4913899b934",
                    "versions.yml:md5,c4e56a7a79e312d6f945d4913899b934",
                    "versions.yml:md5,c4e56a7a79e312d6f945d4913899b934",
                    "versions.yml:md5,c4e56a7a79e312d6f945d4913899b934",
                    "versions.yml:md5,c4e56a7a79e312d6f945d4913899b934",
                    "versions.yml:md5,c4e56a7a79e312d6f945d4913899b934",
                    "versions.yml:md5,c4e56a7a79e312d6f945d4913899b934",
                    "versions.yml:md5,c4e56a7a79e312d6f945d4913899b934",
                    "versions.yml:md5,c4e56a7a79e312d6f945d4913899b934",
                    "versions.yml:md5,c4e56a7a79e312d6f945d4913899b934",
                    "versions.yml:md5,c4e56a7a79e312d6f945d4913899b934"
                ]
            }
        ],
        "timestamp": "2026-03-17T22:18:04.002362143",
        "meta": {
            "nf-test": "0.9.4",
            "nextflow": "25.10.2"
        }
    },
    "Should run differential expression with label column": {
        "content": [
            {
                "0": [
                    "condition:label:B_cell_characteristic_genes.pkl:md5,2f99d61c2954906ec104799264fed6d0",
                    "condition:label:Cd4_t_characteristic_genes.pkl:md5,a38d1c237a97f99759d821f73bba5719",
                    "condition:label:Cd8_t_characteristic_genes.pkl:md5,776d565572bb6a1eddfd5567a69c0dc6",
                    "condition:label:Monocyte_characteristic_genes.pkl:md5,0e709c29bc3a61ba316048e2c8d61da8",
                    "condition:label:Nk_cell_characteristic_genes.pkl:md5,e91f318cec5509beb1641bf17e272523",
                    "condition:label:T_cell_characteristic_genes.pkl:md5,fca6d6c9ccd508cdcb5c718a2a4c25dd",
                    "label:condition:Disease_characteristic_genes.pkl:md5,dda81972668c2b9a164bb925930a9489",
                    "label:condition:Healthy_characteristic_genes.pkl:md5,f8b17a3fc7c93037a74b83f5d2a30622",
                    "label:condition:Treated_characteristic_genes.pkl:md5,b477570c5ae47b5239891344904d946d",
                    "label_characteristic_genes.pkl:md5,859c3b54b1b39be82f92048a60dab7c4"
                ],
                "1": [
                    "condition:label:B_cell_characteristic_genes_mqc.json:md5,820db31f71bd14483b91ecf5e7656de4",
                    "condition:label:Cd4_t_characteristic_genes_mqc.json:md5,2af14cf72e88e19a5d9ce15dd7025727",
                    "condition:label:Cd8_t_characteristic_genes_mqc.json:md5,52203e4f1b841cb16e2b8ed719de1492",
                    "condition:label:Monocyte_characteristic_genes_mqc.json:md5,a88fa9d3780b4184d291d924a4830b9e",
                    "condition:label:Nk_cell_characteristic_genes_mqc.json:md5,51feda33f6932ea1429ff87f153e2aa0",
                    "condition:label:T_cell_characteristic_genes_mqc.json:md5,99f02e1eca31c65a84b9dbf57d05bd7a",
                    "label:condition:Disease_characteristic_genes_mqc.json:md5,5474c0aa0b23b308e0bbfa09cf67dc7d",
                    "label:condition:Healthy_characteristic_genes_mqc.json:md5,4e73669edf2a51df4e85f9e308e69b69",
                    "label:condition:Treated_characteristic_genes_mqc.json:md5,845060dadf420e9c9ee032989690c9e7",
                    "label_characteristic_genes_mqc.json:md5,dfa0f0eb363917eb443b7dbbde95a20f"
                ],
                "2": [
                    "versions.yml:md5,c4e56a7a79e312d6f945d4913899b934",
                    "versions.yml:md5,c4e56a7a79e312d6f945d4913899b934",
                    "versions.yml:md5,c4e56a7a79e312d6f945d4913899b934",
                    "versions.yml:md5,c4e56a7a79e312d6f945d4913899b934",
                    "versions.yml:md5,c4e56a7a79e312d6f945d4913899b934",
                    "versions.yml:md5,c4e56a7a79e312d6f945d4913899b934",
                    "versions.yml:md5,c4e56a7a79e312d6f945d4913899b934",
                    "versions.yml:md5,c4e56a7a79e312d6f945d4913899b934",
                    "versions.yml:md5,c4e56a7a79e312d6f945d4913899b934",
                    "versions.yml:md5,c4e56a7a79e312d6f945d4913899b934"
                ],
                "multiqc_files": [
                    "condition:label:B_cell_characteristic_genes_mqc.json:md5,820db31f71bd14483b91ecf5e7656de4",
                    "condition:label:Cd4_t_characteristic_genes_mqc.json:md5,2af14cf72e88e19a5d9ce15dd7025727",
                    "condition:label:Cd8_t_characteristic_genes_mqc.json:md5,52203e4f1b841cb16e2b8ed719de1492",
                    "condition:label:Monocyte_characteristic_genes_mqc.json:md5,a88fa9d3780b4184d291d924a4830b9e",
                    "condition:label:Nk_cell_characteristic_genes_mqc.json:md5,51feda33f6932ea1429ff87f153e2aa0",
                    "condition:label:T_cell_characteristic_genes_mqc.json:md5,99f02e1eca31c65a84b9dbf57d05bd7a",
                    "label:condition:Disease_characteristic_genes_mqc.json:md5,5474c0aa0b23b308e0bbfa09cf67dc7d",
                    "label:condition:Healthy_characteristic_genes_mqc.json:md5,4e73669edf2a51df4e85f9e308e69b69",
                    "label:condition:Treated_characteristic_genes_mqc.json:md5,845060dadf420e9c9ee032989690c9e7",
                    "label_characteristic_genes_mqc.json:md5,dfa0f0eb363917eb443b7dbbde95a20f"
                ],
                "uns": [
                    "condition:label:B_cell_characteristic_genes.pkl:md5,2f99d61c2954906ec104799264fed6d0",
                    "condition:label:Cd4_t_characteristic_genes.pkl:md5,a38d1c237a97f99759d821f73bba5719",
                    "condition:label:Cd8_t_characteristic_genes.pkl:md5,776d565572bb6a1eddfd5567a69c0dc6",
                    "condition:label:Monocyte_characteristic_genes.pkl:md5,0e709c29bc3a61ba316048e2c8d61da8",
                    "condition:label:Nk_cell_characteristic_genes.pkl:md5,e91f318cec5509beb1641bf17e272523",
                    "condition:label:T_cell_characteristic_genes.pkl:md5,fca6d6c9ccd508cdcb5c718a2a4c25dd",
                    "label:condition:Disease_characteristic_genes.pkl:md5,dda81972668c2b9a164bb925930a9489",
                    "label:condition:Healthy_characteristic_genes.pkl:md5,f8b17a3fc7c93037a74b83f5d2a30622",
                    "label:condition:Treated_characteristic_genes.pkl:md5,b477570c5ae47b5239891344904d946d",
                    "label_characteristic_genes.pkl:md5,859c3b54b1b39be82f92048a60dab7c4"
                ],
                "versions": [
                    "versions.yml:md5,c4e56a7a79e312d6f945d4913899b934",
                    "versions.yml:md5,c4e56a7a79e312d6f945d4913899b934",
                    "versions.yml:md5,c4e56a7a79e312d6f945d4913899b934",
                    "versions.yml:md5,c4e56a7a79e312d6f945d4913899b934",
                    "versions.yml:md5,c4e56a7a79e312d6f945d4913899b934",
                    "versions.yml:md5,c4e56a7a79e312d6f945d4913899b934",
                    "versions.yml:md5,c4e56a7a79e312d6f945d4913899b934",
                    "versions.yml:md5,c4e56a7a79e312d6f945d4913899b934",
                    "versions.yml:md5,c4e56a7a79e312d6f945d4913899b934",
                    "versions.yml:md5,c4e56a7a79e312d6f945d4913899b934"
                ]
            }
        ],
        "timestamp": "2026-03-17T22:20:42.142007254",
        "meta": {
            "nf-test": "0.9.4",
            "nextflow": "25.10.2"
        }
    }
}