{
    "Should run without failures with groupby batch": {
        "content": [
            {
                "0": [
                    
                ],
                "1": [
                    
                ],
                "h5ad": [
                    
                ],
                "versions": [
                    
                ]
            }
        ],
        "meta": {
            "nf-test": "0.9.2",
            "nextflow": "25.04.7"
        },
        "timestamp": "2026-01-21T16:56:58.658243896"
    },
    "Should run without failures with groupby sample and clustering": {
        "content": [
            {
                "0": [
                    
                ],
                "1": [
                    
                ],
                "h5ad": [
                    
                ],
                "versions": [
                    
                ]
            }
        ],
        "meta": {
            "nf-test": "0.9.2",
            "nextflow": "25.04.7"
        },
        "timestamp": "2026-01-21T16:58:45.646511628"
    },
    "Should run without failures - stub": {
        "content": [
            {
                "0": [
                    
                ],
                "1": [
                    
                ],
                "h5ad": [
                    
                ],
                "versions": [
                    
                ]
            }
        ],
        "meta": {
            "nf-test": "0.9.2",
            "nextflow": "25.04.7"
        },
        "timestamp": "2026-01-21T16:58:54.85853106"
    }
}