{
    "Should run without failures - stub": {
        "content": [
            {
                "0": [
                    
                ],
                "1": [
                    
                ],
                "2": [
                    
                ],
                "3": [
                    
                ],
                "h5ad": [
                    
                ],
                "model": [
                    
                ],
                "obsm": [
                    
                ],
                "versions": [
                    
                ]
            }
        ],
        "meta": {
            "nf-test": "0.9.2",
            "nextflow": "25.10.4"
        },
        "timestamp": "2026-03-02T11:52:58.225650069"
    },
    "Should run without failures": {
        "content": [
            18403662,
            26243933,
            6118418,
            [
                "versions.yml:md5,e0da8f4ed66120d90cd17b47e0c7090a"
            ]
        ],
        "meta": {
            "nf-test": "0.9.2",
            "nextflow": "25.04.6"
        },
        "timestamp": "2025-12-29T22:25:50.8790116"
    }
}