{
    "Should run without failures - per-label - stub": {
        "content": [
            {
                "0": [
                    "pca-A-0.5_entropy.pkl:md5,d41d8cd98f00b204e9800998ecf8427e",
                    "pca-A-0.5_leiden.pkl:md5,d41d8cd98f00b204e9800998ecf8427e",
                    "pca-A-1_entropy.pkl:md5,d41d8cd98f00b204e9800998ecf8427e",
                    "pca-A-1_leiden.pkl:md5,d41d8cd98f00b204e9800998ecf8427e",
                    "pca-B-0.5_entropy.pkl:md5,d41d8cd98f00b204e9800998ecf8427e",
                    "pca-B-0.5_leiden.pkl:md5,d41d8cd98f00b204e9800998ecf8427e",
                    "pca-B-1_entropy.pkl:md5,d41d8cd98f00b204e9800998ecf8427e",
                    "pca-B-1_leiden.pkl:md5,d41d8cd98f00b204e9800998ecf8427e"
                ],
                "1": [
                    "X_pca-A_umap.pkl:md5,d41d8cd98f00b204e9800998ecf8427e",
                    "X_pca-B_umap.pkl:md5,d41d8cd98f00b204e9800998ecf8427e"
                ],
                "2": [
                    [
                        {
                            "id": "pca-A",
                            "integration": "pca",
                            "subset": "A"
                        },
                        "pca-A_neighbors.h5ad:md5,d41d8cd98f00b204e9800998ecf8427e"
                    ],
                    [
                        {
                            "id": "pca-B",
                            "integration": "pca",
                            "subset": "B"
                        },
                        "pca-B_neighbors.h5ad:md5,d41d8cd98f00b204e9800998ecf8427e"
                    ]
                ],
                "3": [
                    [
                        {
                            "id": "pca-A-0.5",
                            "integration": "pca",
                            "subset": "A",
                            "resolution": "0.5"
                        },
                        "pca-A-0.5_leiden.h5ad:md5,d41d8cd98f00b204e9800998ecf8427e"
                    ],
                    [
                        {
                            "id": "pca-A-1",
                            "integration": "pca",
                            "subset": "A",
                            "resolution": "1"
                        },
                        "pca-A-1_leiden.h5ad:md5,d41d8cd98f00b204e9800998ecf8427e"
                    ],
                    [
                        {
                            "id": "pca-B-0.5",
                            "integration": "pca",
                            "subset": "B",
                            "resolution": "0.5"
                        },
                        "pca-B-0.5_leiden.h5ad:md5,d41d8cd98f00b204e9800998ecf8427e"
                    ],
                    [
                        {
                            "id": "pca-B-1",
                            "integration": "pca",
                            "subset": "B",
                            "resolution": "1"
                        },
                        "pca-B-1_leiden.h5ad:md5,d41d8cd98f00b204e9800998ecf8427e"
                    ]
                ],
                "4": [
                    "pca-A-0.5_entropy_mqc.json:md5,d41d8cd98f00b204e9800998ecf8427e",
                    "pca-A-0.5_leiden_mqc.json:md5,d41d8cd98f00b204e9800998ecf8427e",
                    "pca-A-1_entropy_mqc.json:md5,d41d8cd98f00b204e9800998ecf8427e",
                    "pca-A-1_leiden_mqc.json:md5,d41d8cd98f00b204e9800998ecf8427e",
                    "pca-B-0.5_entropy_mqc.json:md5,d41d8cd98f00b204e9800998ecf8427e",
                    "pca-B-0.5_leiden_mqc.json:md5,d41d8cd98f00b204e9800998ecf8427e",
                    "pca-B-1_entropy_mqc.json:md5,d41d8cd98f00b204e9800998ecf8427e",
                    "pca-B-1_leiden_mqc.json:md5,d41d8cd98f00b204e9800998ecf8427e"
                ],
                "5": [
                    "versions.yml:md5,d41d8cd98f00b204e9800998ecf8427e",
                    "versions.yml:md5,d41d8cd98f00b204e9800998ecf8427e",
                    "versions.yml:md5,d41d8cd98f00b204e9800998ecf8427e",
                    "versions.yml:md5,d41d8cd98f00b204e9800998ecf8427e",
                    "versions.yml:md5,d41d8cd98f00b204e9800998ecf8427e",
                    "versions.yml:md5,d41d8cd98f00b204e9800998ecf8427e",
                    "versions.yml:md5,d41d8cd98f00b204e9800998ecf8427e",
                    "versions.yml:md5,d41d8cd98f00b204e9800998ecf8427e",
                    "versions.yml:md5,d41d8cd98f00b204e9800998ecf8427e",
                    "versions.yml:md5,d41d8cd98f00b204e9800998ecf8427e",
                    "versions.yml:md5,d41d8cd98f00b204e9800998ecf8427e",
                    "versions.yml:md5,d41d8cd98f00b204e9800998ecf8427e",
                    "versions.yml:md5,d41d8cd98f00b204e9800998ecf8427e"
                ],
                "h5ad_clustering": [
                    [
                        {
                            "id": "pca-A-0.5",
                            "integration": "pca",
                            "subset": "A",
                            "resolution": "0.5"
                        },
                        "pca-A-0.5_leiden.h5ad:md5,d41d8cd98f00b204e9800998ecf8427e"
                    ],
                    [
                        {
                            "id": "pca-A-1",
                            "integration": "pca",
                            "subset": "A",
                            "resolution": "1"
                        },
                        "pca-A-1_leiden.h5ad:md5,d41d8cd98f00b204e9800998ecf8427e"
                    ],
                    [
                        {
                            "id": "pca-B-0.5",
                            "integration": "pca",
                            "subset": "B",
                            "resolution": "0.5"
                        },
                        "pca-B-0.5_leiden.h5ad:md5,d41d8cd98f00b204e9800998ecf8427e"
                    ],
                    [
                        {
                            "id": "pca-B-1",
                            "integration": "pca",
                            "subset": "B",
                            "resolution": "1"
                        },
                        "pca-B-1_leiden.h5ad:md5,d41d8cd98f00b204e9800998ecf8427e"
                    ]
                ],
                "h5ad_neighbors": [
                    [
                        {
                            "id": "pca-A",
                            "integration": "pca",
                            "subset": "A"
                        },
                        "pca-A_neighbors.h5ad:md5,d41d8cd98f00b204e9800998ecf8427e"
                    ],
                    [
                        {
                            "id": "pca-B",
                            "integration": "pca",
                            "subset": "B"
                        },
                        "pca-B_neighbors.h5ad:md5,d41d8cd98f00b204e9800998ecf8427e"
                    ]
                ],
                "multiqc_files": [
                    "pca-A-0.5_entropy_mqc.json:md5,d41d8cd98f00b204e9800998ecf8427e",
                    "pca-A-0.5_leiden_mqc.json:md5,d41d8cd98f00b204e9800998ecf8427e",
                    "pca-A-1_entropy_mqc.json:md5,d41d8cd98f00b204e9800998ecf8427e",
                    "pca-A-1_leiden_mqc.json:md5,d41d8cd98f00b204e9800998ecf8427e",
                    "pca-B-0.5_entropy_mqc.json:md5,d41d8cd98f00b204e9800998ecf8427e",
                    "pca-B-0.5_leiden_mqc.json:md5,d41d8cd98f00b204e9800998ecf8427e",
                    "pca-B-1_entropy_mqc.json:md5,d41d8cd98f00b204e9800998ecf8427e",
                    "pca-B-1_leiden_mqc.json:md5,d41d8cd98f00b204e9800998ecf8427e"
                ],
                "obs": [
                    "pca-A-0.5_entropy.pkl:md5,d41d8cd98f00b204e9800998ecf8427e",
                    "pca-A-0.5_leiden.pkl:md5,d41d8cd98f00b204e9800998ecf8427e",
                    "pca-A-1_entropy.pkl:md5,d41d8cd98f00b204e9800998ecf8427e",
                    "pca-A-1_leiden.pkl:md5,d41d8cd98f00b204e9800998ecf8427e",
                    "pca-B-0.5_entropy.pkl:md5,d41d8cd98f00b204e9800998ecf8427e",
                    "pca-B-0.5_leiden.pkl:md5,d41d8cd98f00b204e9800998ecf8427e",
                    "pca-B-1_entropy.pkl:md5,d41d8cd98f00b204e9800998ecf8427e",
                    "pca-B-1_leiden.pkl:md5,d41d8cd98f00b204e9800998ecf8427e"
                ],
                "obsm": [
                    "X_pca-A_umap.pkl:md5,d41d8cd98f00b204e9800998ecf8427e",
                    "X_pca-B_umap.pkl:md5,d41d8cd98f00b204e9800998ecf8427e"
                ],
                "versions": [
                    "versions.yml:md5,d41d8cd98f00b204e9800998ecf8427e",
                    "versions.yml:md5,d41d8cd98f00b204e9800998ecf8427e",
                    "versions.yml:md5,d41d8cd98f00b204e9800998ecf8427e",
                    "versions.yml:md5,d41d8cd98f00b204e9800998ecf8427e",
                    "versions.yml:md5,d41d8cd98f00b204e9800998ecf8427e",
                    "versions.yml:md5,d41d8cd98f00b204e9800998ecf8427e",
                    "versions.yml:md5,d41d8cd98f00b204e9800998ecf8427e",
                    "versions.yml:md5,d41d8cd98f00b204e9800998ecf8427e",
                    "versions.yml:md5,d41d8cd98f00b204e9800998ecf8427e",
                    "versions.yml:md5,d41d8cd98f00b204e9800998ecf8427e",
                    "versions.yml:md5,d41d8cd98f00b204e9800998ecf8427e",
                    "versions.yml:md5,d41d8cd98f00b204e9800998ecf8427e",
                    "versions.yml:md5,d41d8cd98f00b204e9800998ecf8427e"
                ]
            }
        ],
        "timestamp": "2025-06-03T08:39:56.19859115",
        "meta": {
            "nf-test": "0.9.0",
            "nextflow": "25.04.2"
        }
    },
    "Should run without failures - global - stub": {
        "content": [
            {
                "0": [
                    "pca-global-0.5_entropy.pkl:md5,d41d8cd98f00b204e9800998ecf8427e",
                    "pca-global-0.5_leiden.pkl:md5,d41d8cd98f00b204e9800998ecf8427e",
                    "pca-global-1_entropy.pkl:md5,d41d8cd98f00b204e9800998ecf8427e",
                    "pca-global-1_leiden.pkl:md5,d41d8cd98f00b204e9800998ecf8427e"
                ],
                "1": [
                    "X_pca-global_umap.pkl:md5,d41d8cd98f00b204e9800998ecf8427e"
                ],
                "2": [
                    [
                        {
                            "id": "pca-global",
                            "integration": "pca",
                            "subset": "global"
                        },
                        "pca-global_neighbors.h5ad:md5,d41d8cd98f00b204e9800998ecf8427e"
                    ]
                ],
                "3": [
                    [
                        {
                            "id": "pca-global-0.5",
                            "integration": "pca",
                            "subset": "global",
                            "resolution": "0.5"
                        },
                        "pca-global-0.5_leiden.h5ad:md5,d41d8cd98f00b204e9800998ecf8427e"
                    ],
                    [
                        {
                            "id": "pca-global-1",
                            "integration": "pca",
                            "subset": "global",
                            "resolution": "1"
                        },
                        "pca-global-1_leiden.h5ad:md5,d41d8cd98f00b204e9800998ecf8427e"
                    ]
                ],
                "4": [
                    "pca-global-0.5_entropy_mqc.json:md5,d41d8cd98f00b204e9800998ecf8427e",
                    "pca-global-0.5_leiden_mqc.json:md5,d41d8cd98f00b204e9800998ecf8427e",
                    "pca-global-1_entropy_mqc.json:md5,d41d8cd98f00b204e9800998ecf8427e",
                    "pca-global-1_leiden_mqc.json:md5,d41d8cd98f00b204e9800998ecf8427e"
                ],
                "5": [
                    "versions.yml:md5,d41d8cd98f00b204e9800998ecf8427e",
                    "versions.yml:md5,d41d8cd98f00b204e9800998ecf8427e",
                    "versions.yml:md5,d41d8cd98f00b204e9800998ecf8427e",
                    "versions.yml:md5,d41d8cd98f00b204e9800998ecf8427e",
                    "versions.yml:md5,d41d8cd98f00b204e9800998ecf8427e",
                    "versions.yml:md5,d41d8cd98f00b204e9800998ecf8427e"
                ],
                "h5ad_clustering": [
                    [
                        {
                            "id": "pca-global-0.5",
                            "integration": "pca",
                            "subset": "global",
                            "resolution": "0.5"
                        },
                        "pca-global-0.5_leiden.h5ad:md5,d41d8cd98f00b204e9800998ecf8427e"
                    ],
                    [
                        {
                            "id": "pca-global-1",
                            "integration": "pca",
                            "subset": "global",
                            "resolution": "1"
                        },
                        "pca-global-1_leiden.h5ad:md5,d41d8cd98f00b204e9800998ecf8427e"
                    ]
                ],
                "h5ad_neighbors": [
                    [
                        {
                            "id": "pca-global",
                            "integration": "pca",
                            "subset": "global"
                        },
                        "pca-global_neighbors.h5ad:md5,d41d8cd98f00b204e9800998ecf8427e"
                    ]
                ],
                "multiqc_files": [
                    "pca-global-0.5_entropy_mqc.json:md5,d41d8cd98f00b204e9800998ecf8427e",
                    "pca-global-0.5_leiden_mqc.json:md5,d41d8cd98f00b204e9800998ecf8427e",
                    "pca-global-1_entropy_mqc.json:md5,d41d8cd98f00b204e9800998ecf8427e",
                    "pca-global-1_leiden_mqc.json:md5,d41d8cd98f00b204e9800998ecf8427e"
                ],
                "obs": [
                    "pca-global-0.5_entropy.pkl:md5,d41d8cd98f00b204e9800998ecf8427e",
                    "pca-global-0.5_leiden.pkl:md5,d41d8cd98f00b204e9800998ecf8427e",
                    "pca-global-1_entropy.pkl:md5,d41d8cd98f00b204e9800998ecf8427e",
                    "pca-global-1_leiden.pkl:md5,d41d8cd98f00b204e9800998ecf8427e"
                ],
                "obsm": [
                    "X_pca-global_umap.pkl:md5,d41d8cd98f00b204e9800998ecf8427e"
                ],
                "versions": [
                    "versions.yml:md5,d41d8cd98f00b204e9800998ecf8427e",
                    "versions.yml:md5,d41d8cd98f00b204e9800998ecf8427e",
                    "versions.yml:md5,d41d8cd98f00b204e9800998ecf8427e",
                    "versions.yml:md5,d41d8cd98f00b204e9800998ecf8427e",
                    "versions.yml:md5,d41d8cd98f00b204e9800998ecf8427e",
                    "versions.yml:md5,d41d8cd98f00b204e9800998ecf8427e"
                ]
            }
        ],
        "timestamp": "2025-06-03T08:37:10.116538526",
        "meta": {
            "nf-test": "0.9.0",
            "nextflow": "25.04.2"
        }
    },
    "Should run without failures - global": {
        "content": [
            {
                "0": [
                    "pca-global-0.5_entropy.pkl:md5,78bc74c5017b6707679ff6e85009c94b",
                    "pca-global-0.5_leiden.pkl:md5,e6f875fd364566820fe94d5c26a458d1",
                    "pca-global-1_entropy.pkl:md5,2b625c6a85fa295ee4e17e9cc88c6f89",
                    "pca-global-1_leiden.pkl:md5,5c1cf597bc4b744e6076bedec11ace89"
                ],
                "1": [
                    "X_pca-global_umap.pkl:md5,c272ede6c131011937c9174472b60fb9"
                ],
                "2": [
                    [
                        {
                            "id": "pca-global",
                            "integration": "pca",
                            "subset": "global"
                        },
                        "pca-global_neighbors.h5ad:md5,4a7495e00ff671138ec3ba5b63cf54bc"
                    ]
                ],
                "3": [
                    [
                        {
                            "id": "pca-global-0.5",
                            "integration": "pca",
                            "subset": "global",
                            "resolution": "0.5"
                        },
                        "pca-global-0.5_leiden.h5ad:md5,ff5b8b52deb5de921806a7aa52555465"
                    ],
                    [
                        {
                            "id": "pca-global-1",
                            "integration": "pca",
                            "subset": "global",
                            "resolution": "1"
                        },
                        "pca-global-1_leiden.h5ad:md5,3a82d1437a97b62d283486017cf73d6e"
                    ]
                ],
                "4": [
                    "pca-global-0.5_entropy_mqc.json:md5,00a8dd5258ae6b32d55d5df663f5108c",
                    "pca-global-0.5_leiden_mqc.json:md5,493f3389e0d1a8da3cfdf805615e5cb4",
                    "pca-global-1_entropy_mqc.json:md5,85c88dcd1706b7a6ccdde28c9b2b704b",
                    "pca-global-1_leiden_mqc.json:md5,989703692937cca2fde9771eeaca5672"
                ],
                "5": [
                    "versions.yml:md5,00481df7b86576c609ed93fa9d297e81",
                    "versions.yml:md5,2f7549e9e9e0e7ab3634c545780bb4cc",
                    "versions.yml:md5,2f7549e9e9e0e7ab3634c545780bb4cc",
                    "versions.yml:md5,e0d92d9e4b6d784243b392c05182d214",
                    "versions.yml:md5,e0d92d9e4b6d784243b392c05182d214",
                    "versions.yml:md5,e790be1df36172abb1c2da730c97a47e"
                ],
                "h5ad_clustering": [
                    [
                        {
                            "id": "pca-global-0.5",
                            "integration": "pca",
                            "subset": "global",
                            "resolution": "0.5"
                        },
                        "pca-global-0.5_leiden.h5ad:md5,ff5b8b52deb5de921806a7aa52555465"
                    ],
                    [
                        {
                            "id": "pca-global-1",
                            "integration": "pca",
                            "subset": "global",
                            "resolution": "1"
                        },
                        "pca-global-1_leiden.h5ad:md5,3a82d1437a97b62d283486017cf73d6e"
                    ]
                ],
                "h5ad_neighbors": [
                    [
                        {
                            "id": "pca-global",
                            "integration": "pca",
                            "subset": "global"
                        },
                        "pca-global_neighbors.h5ad:md5,4a7495e00ff671138ec3ba5b63cf54bc"
                    ]
                ],
                "multiqc_files": [
                    "pca-global-0.5_entropy_mqc.json:md5,00a8dd5258ae6b32d55d5df663f5108c",
                    "pca-global-0.5_leiden_mqc.json:md5,493f3389e0d1a8da3cfdf805615e5cb4",
                    "pca-global-1_entropy_mqc.json:md5,85c88dcd1706b7a6ccdde28c9b2b704b",
                    "pca-global-1_leiden_mqc.json:md5,989703692937cca2fde9771eeaca5672"
                ],
                "obs": [
                    "pca-global-0.5_entropy.pkl:md5,78bc74c5017b6707679ff6e85009c94b",
                    "pca-global-0.5_leiden.pkl:md5,e6f875fd364566820fe94d5c26a458d1",
                    "pca-global-1_entropy.pkl:md5,2b625c6a85fa295ee4e17e9cc88c6f89",
                    "pca-global-1_leiden.pkl:md5,5c1cf597bc4b744e6076bedec11ace89"
                ],
                "obsm": [
                    "X_pca-global_umap.pkl:md5,c272ede6c131011937c9174472b60fb9"
                ],
                "versions": [
                    "versions.yml:md5,00481df7b86576c609ed93fa9d297e81",
                    "versions.yml:md5,2f7549e9e9e0e7ab3634c545780bb4cc",
                    "versions.yml:md5,2f7549e9e9e0e7ab3634c545780bb4cc",
                    "versions.yml:md5,e0d92d9e4b6d784243b392c05182d214",
                    "versions.yml:md5,e0d92d9e4b6d784243b392c05182d214",
                    "versions.yml:md5,e790be1df36172abb1c2da730c97a47e"
                ]
            }
        ],
        "timestamp": "2026-03-16T16:32:00.519358721",
        "meta": {
            "nf-test": "0.9.4",
            "nextflow": "25.10.4"
        }
    },
    "Should run without failures - both - stub": {
        "content": [
            {
                "0": [
                    "pca-A-0.5_entropy.pkl:md5,d41d8cd98f00b204e9800998ecf8427e",
                    "pca-A-0.5_leiden.pkl:md5,d41d8cd98f00b204e9800998ecf8427e",
                    "pca-A-1_entropy.pkl:md5,d41d8cd98f00b204e9800998ecf8427e",
                    "pca-A-1_leiden.pkl:md5,d41d8cd98f00b204e9800998ecf8427e",
                    "pca-B-0.5_entropy.pkl:md5,d41d8cd98f00b204e9800998ecf8427e",
                    "pca-B-0.5_leiden.pkl:md5,d41d8cd98f00b204e9800998ecf8427e",
                    "pca-B-1_entropy.pkl:md5,d41d8cd98f00b204e9800998ecf8427e",
                    "pca-B-1_leiden.pkl:md5,d41d8cd98f00b204e9800998ecf8427e",
                    "pca-global-0.5_entropy.pkl:md5,d41d8cd98f00b204e9800998ecf8427e",
                    "pca-global-0.5_leiden.pkl:md5,d41d8cd98f00b204e9800998ecf8427e",
                    "pca-global-1_entropy.pkl:md5,d41d8cd98f00b204e9800998ecf8427e",
                    "pca-global-1_leiden.pkl:md5,d41d8cd98f00b204e9800998ecf8427e"
                ],
                "1": [
                    "X_pca-A_umap.pkl:md5,d41d8cd98f00b204e9800998ecf8427e",
                    "X_pca-B_umap.pkl:md5,d41d8cd98f00b204e9800998ecf8427e",
                    "X_pca-global_umap.pkl:md5,d41d8cd98f00b204e9800998ecf8427e"
                ],
                "2": [
                    [
                        {
                            "id": "pca-A",
                            "integration": "pca",
                            "subset": "A"
                        },
                        "pca-A_neighbors.h5ad:md5,d41d8cd98f00b204e9800998ecf8427e"
                    ],
                    [
                        {
                            "id": "pca-B",
                            "integration": "pca",
                            "subset": "B"
                        },
                        "pca-B_neighbors.h5ad:md5,d41d8cd98f00b204e9800998ecf8427e"
                    ],
                    [
                        {
                            "id": "pca-global",
                            "integration": "pca",
                            "subset": "global"
                        },
                        "pca-global_neighbors.h5ad:md5,d41d8cd98f00b204e9800998ecf8427e"
                    ]
                ],
                "3": [
                    [
                        {
                            "id": "pca-A-0.5",
                            "integration": "pca",
                            "subset": "A",
                            "resolution": "0.5"
                        },
                        "pca-A-0.5_leiden.h5ad:md5,d41d8cd98f00b204e9800998ecf8427e"
                    ],
                    [
                        {
                            "id": "pca-A-1",
                            "integration": "pca",
                            "subset": "A",
                            "resolution": "1"
                        },
                        "pca-A-1_leiden.h5ad:md5,d41d8cd98f00b204e9800998ecf8427e"
                    ],
                    [
                        {
                            "id": "pca-B-0.5",
                            "integration": "pca",
                            "subset": "B",
                            "resolution": "0.5"
                        },
                        "pca-B-0.5_leiden.h5ad:md5,d41d8cd98f00b204e9800998ecf8427e"
                    ],
                    [
                        {
                            "id": "pca-B-1",
                            "integration": "pca",
                            "subset": "B",
                            "resolution": "1"
                        },
                        "pca-B-1_leiden.h5ad:md5,d41d8cd98f00b204e9800998ecf8427e"
                    ],
                    [
                        {
                            "id": "pca-global-0.5",
                            "integration": "pca",
                            "subset": "global",
                            "resolution": "0.5"
                        },
                        "pca-global-0.5_leiden.h5ad:md5,d41d8cd98f00b204e9800998ecf8427e"
                    ],
                    [
                        {
                            "id": "pca-global-1",
                            "integration": "pca",
                            "subset": "global",
                            "resolution": "1"
                        },
                        "pca-global-1_leiden.h5ad:md5,d41d8cd98f00b204e9800998ecf8427e"
                    ]
                ],
                "4": [
                    "pca-A-0.5_entropy_mqc.json:md5,d41d8cd98f00b204e9800998ecf8427e",
                    "pca-A-0.5_leiden_mqc.json:md5,d41d8cd98f00b204e9800998ecf8427e",
                    "pca-A-1_entropy_mqc.json:md5,d41d8cd98f00b204e9800998ecf8427e",
                    "pca-A-1_leiden_mqc.json:md5,d41d8cd98f00b204e9800998ecf8427e",
                    "pca-B-0.5_entropy_mqc.json:md5,d41d8cd98f00b204e9800998ecf8427e",
                    "pca-B-0.5_leiden_mqc.json:md5,d41d8cd98f00b204e9800998ecf8427e",
                    "pca-B-1_entropy_mqc.json:md5,d41d8cd98f00b204e9800998ecf8427e",
                    "pca-B-1_leiden_mqc.json:md5,d41d8cd98f00b204e9800998ecf8427e",
                    "pca-global-0.5_entropy_mqc.json:md5,d41d8cd98f00b204e9800998ecf8427e",
                    "pca-global-0.5_leiden_mqc.json:md5,d41d8cd98f00b204e9800998ecf8427e",
                    "pca-global-1_entropy_mqc.json:md5,d41d8cd98f00b204e9800998ecf8427e",
                    "pca-global-1_leiden_mqc.json:md5,d41d8cd98f00b204e9800998ecf8427e"
                ],
                "5": [
                    "versions.yml:md5,d41d8cd98f00b204e9800998ecf8427e",
                    "versions.yml:md5,d41d8cd98f00b204e9800998ecf8427e",
                    "versions.yml:md5,d41d8cd98f00b204e9800998ecf8427e",
                    "versions.yml:md5,d41d8cd98f00b204e9800998ecf8427e",
                    "versions.yml:md5,d41d8cd98f00b204e9800998ecf8427e",
                    "versions.yml:md5,d41d8cd98f00b204e9800998ecf8427e",
                    "versions.yml:md5,d41d8cd98f00b204e9800998ecf8427e",
                    "versions.yml:md5,d41d8cd98f00b204e9800998ecf8427e",
                    "versions.yml:md5,d41d8cd98f00b204e9800998ecf8427e",
                    "versions.yml:md5,d41d8cd98f00b204e9800998ecf8427e",
                    "versions.yml:md5,d41d8cd98f00b204e9800998ecf8427e",
                    "versions.yml:md5,d41d8cd98f00b204e9800998ecf8427e",
                    "versions.yml:md5,d41d8cd98f00b204e9800998ecf8427e",
                    "versions.yml:md5,d41d8cd98f00b204e9800998ecf8427e",
                    "versions.yml:md5,d41d8cd98f00b204e9800998ecf8427e",
                    "versions.yml:md5,d41d8cd98f00b204e9800998ecf8427e",
                    "versions.yml:md5,d41d8cd98f00b204e9800998ecf8427e",
                    "versions.yml:md5,d41d8cd98f00b204e9800998ecf8427e",
                    "versions.yml:md5,d41d8cd98f00b204e9800998ecf8427e"
                ],
                "h5ad_clustering": [
                    [
                        {
                            "id": "pca-A-0.5",
                            "integration": "pca",
                            "subset": "A",
                            "resolution": "0.5"
                        },
                        "pca-A-0.5_leiden.h5ad:md5,d41d8cd98f00b204e9800998ecf8427e"
                    ],
                    [
                        {
                            "id": "pca-A-1",
                            "integration": "pca",
                            "subset": "A",
                            "resolution": "1"
                        },
                        "pca-A-1_leiden.h5ad:md5,d41d8cd98f00b204e9800998ecf8427e"
                    ],
                    [
                        {
                            "id": "pca-B-0.5",
                            "integration": "pca",
                            "subset": "B",
                            "resolution": "0.5"
                        },
                        "pca-B-0.5_leiden.h5ad:md5,d41d8cd98f00b204e9800998ecf8427e"
                    ],
                    [
                        {
                            "id": "pca-B-1",
                            "integration": "pca",
                            "subset": "B",
                            "resolution": "1"
                        },
                        "pca-B-1_leiden.h5ad:md5,d41d8cd98f00b204e9800998ecf8427e"
                    ],
                    [
                        {
                            "id": "pca-global-0.5",
                            "integration": "pca",
                            "subset": "global",
                            "resolution": "0.5"
                        },
                        "pca-global-0.5_leiden.h5ad:md5,d41d8cd98f00b204e9800998ecf8427e"
                    ],
                    [
                        {
                            "id": "pca-global-1",
                            "integration": "pca",
                            "subset": "global",
                            "resolution": "1"
                        },
                        "pca-global-1_leiden.h5ad:md5,d41d8cd98f00b204e9800998ecf8427e"
                    ]
                ],
                "h5ad_neighbors": [
                    [
                        {
                            "id": "pca-A",
                            "integration": "pca",
                            "subset": "A"
                        },
                        "pca-A_neighbors.h5ad:md5,d41d8cd98f00b204e9800998ecf8427e"
                    ],
                    [
                        {
                            "id": "pca-B",
                            "integration": "pca",
                            "subset": "B"
                        },
                        "pca-B_neighbors.h5ad:md5,d41d8cd98f00b204e9800998ecf8427e"
                    ],
                    [
                        {
                            "id": "pca-global",
                            "integration": "pca",
                            "subset": "global"
                        },
                        "pca-global_neighbors.h5ad:md5,d41d8cd98f00b204e9800998ecf8427e"
                    ]
                ],
                "multiqc_files": [
                    "pca-A-0.5_entropy_mqc.json:md5,d41d8cd98f00b204e9800998ecf8427e",
                    "pca-A-0.5_leiden_mqc.json:md5,d41d8cd98f00b204e9800998ecf8427e",
                    "pca-A-1_entropy_mqc.json:md5,d41d8cd98f00b204e9800998ecf8427e",
                    "pca-A-1_leiden_mqc.json:md5,d41d8cd98f00b204e9800998ecf8427e",
                    "pca-B-0.5_entropy_mqc.json:md5,d41d8cd98f00b204e9800998ecf8427e",
                    "pca-B-0.5_leiden_mqc.json:md5,d41d8cd98f00b204e9800998ecf8427e",
                    "pca-B-1_entropy_mqc.json:md5,d41d8cd98f00b204e9800998ecf8427e",
                    "pca-B-1_leiden_mqc.json:md5,d41d8cd98f00b204e9800998ecf8427e",
                    "pca-global-0.5_entropy_mqc.json:md5,d41d8cd98f00b204e9800998ecf8427e",
                    "pca-global-0.5_leiden_mqc.json:md5,d41d8cd98f00b204e9800998ecf8427e",
                    "pca-global-1_entropy_mqc.json:md5,d41d8cd98f00b204e9800998ecf8427e",
                    "pca-global-1_leiden_mqc.json:md5,d41d8cd98f00b204e9800998ecf8427e"
                ],
                "obs": [
                    "pca-A-0.5_entropy.pkl:md5,d41d8cd98f00b204e9800998ecf8427e",
                    "pca-A-0.5_leiden.pkl:md5,d41d8cd98f00b204e9800998ecf8427e",
                    "pca-A-1_entropy.pkl:md5,d41d8cd98f00b204e9800998ecf8427e",
                    "pca-A-1_leiden.pkl:md5,d41d8cd98f00b204e9800998ecf8427e",
                    "pca-B-0.5_entropy.pkl:md5,d41d8cd98f00b204e9800998ecf8427e",
                    "pca-B-0.5_leiden.pkl:md5,d41d8cd98f00b204e9800998ecf8427e",
                    "pca-B-1_entropy.pkl:md5,d41d8cd98f00b204e9800998ecf8427e",
                    "pca-B-1_leiden.pkl:md5,d41d8cd98f00b204e9800998ecf8427e",
                    "pca-global-0.5_entropy.pkl:md5,d41d8cd98f00b204e9800998ecf8427e",
                    "pca-global-0.5_leiden.pkl:md5,d41d8cd98f00b204e9800998ecf8427e",
                    "pca-global-1_entropy.pkl:md5,d41d8cd98f00b204e9800998ecf8427e",
                    "pca-global-1_leiden.pkl:md5,d41d8cd98f00b204e9800998ecf8427e"
                ],
                "obsm": [
                    "X_pca-A_umap.pkl:md5,d41d8cd98f00b204e9800998ecf8427e",
                    "X_pca-B_umap.pkl:md5,d41d8cd98f00b204e9800998ecf8427e",
                    "X_pca-global_umap.pkl:md5,d41d8cd98f00b204e9800998ecf8427e"
                ],
                "versions": [
                    "versions.yml:md5,d41d8cd98f00b204e9800998ecf8427e",
                    "versions.yml:md5,d41d8cd98f00b204e9800998ecf8427e",
                    "versions.yml:md5,d41d8cd98f00b204e9800998ecf8427e",
                    "versions.yml:md5,d41d8cd98f00b204e9800998ecf8427e",
                    "versions.yml:md5,d41d8cd98f00b204e9800998ecf8427e",
                    "versions.yml:md5,d41d8cd98f00b204e9800998ecf8427e",
                    "versions.yml:md5,d41d8cd98f00b204e9800998ecf8427e",
                    "versions.yml:md5,d41d8cd98f00b204e9800998ecf8427e",
                    "versions.yml:md5,d41d8cd98f00b204e9800998ecf8427e",
                    "versions.yml:md5,d41d8cd98f00b204e9800998ecf8427e",
                    "versions.yml:md5,d41d8cd98f00b204e9800998ecf8427e",
                    "versions.yml:md5,d41d8cd98f00b204e9800998ecf8427e",
                    "versions.yml:md5,d41d8cd98f00b204e9800998ecf8427e",
                    "versions.yml:md5,d41d8cd98f00b204e9800998ecf8427e",
                    "versions.yml:md5,d41d8cd98f00b204e9800998ecf8427e",
                    "versions.yml:md5,d41d8cd98f00b204e9800998ecf8427e",
                    "versions.yml:md5,d41d8cd98f00b204e9800998ecf8427e",
                    "versions.yml:md5,d41d8cd98f00b204e9800998ecf8427e",
                    "versions.yml:md5,d41d8cd98f00b204e9800998ecf8427e"
                ]
            }
        ],
        "timestamp": "2025-06-03T08:42:18.041010001",
        "meta": {
            "nf-test": "0.9.0",
            "nextflow": "25.04.2"
        }
    },
    "Should run without failures - per-label": {
        "content": [
            {
                "0": [
                    "pca-SRR28679756-0.5_entropy.pkl:md5,55c6b3186fc00c7a5fd1ced46b838ed0",
                    "pca-SRR28679756-0.5_leiden.pkl:md5,cf41750fa5f9ff4be026032f0ea55d5a",
                    "pca-SRR28679756-1_entropy.pkl:md5,9e244da3a054956b9c233bf5511d8bed",
                    "pca-SRR28679756-1_leiden.pkl:md5,070763ccb88b902b5e5a6d19b92b1fc6",
                    "pca-SRR28679757-0.5_entropy.pkl:md5,96aef03a506908e8ebfb13f7710c4914",
                    "pca-SRR28679757-0.5_leiden.pkl:md5,fe6068a2ae98816e6c82c3d2434f6f75",
                    "pca-SRR28679757-1_entropy.pkl:md5,594b0d4dbf8d6d31645867330d5e8836",
                    "pca-SRR28679757-1_leiden.pkl:md5,b16e1d2fca09f3cd9950afc35ff0fa35",
                    "pca-SRR28679758-0.5_entropy.pkl:md5,6db5031d13e3805376136080fe6ed01f",
                    "pca-SRR28679758-0.5_leiden.pkl:md5,c2c870bdde92c4b0cb0a4136c8d4ed7a",
                    "pca-SRR28679758-1_entropy.pkl:md5,7f51d0b495f0d8f040b50ea6279bb3d2",
                    "pca-SRR28679758-1_leiden.pkl:md5,b1a1a8bcac5e57a4897f5ab1acdd7b7d"
                ],
                "1": [
                    "X_pca-SRR28679756_umap.pkl:md5,6bf827fcb507c4f31235eb0be142a3a8",
                    "X_pca-SRR28679757_umap.pkl:md5,b4275b1c781b1cb9263d7ca63bfe1d0b",
                    "X_pca-SRR28679758_umap.pkl:md5,750c607f6602cf2dd77e24f2db9b6321"
                ],
                "2": [
                    [
                        {
                            "id": "pca-SRR28679756",
                            "integration": "pca",
                            "subset": "SRR28679756"
                        },
                        "pca-SRR28679756_neighbors.h5ad:md5,dc3af109f4a4536e43dc88be23b7d672"
                    ],
                    [
                        {
                            "id": "pca-SRR28679757",
                            "integration": "pca",
                            "subset": "SRR28679757"
                        },
                        "pca-SRR28679757_neighbors.h5ad:md5,07e34a241497c44282304ba114280e8d"
                    ],
                    [
                        {
                            "id": "pca-SRR28679758",
                            "integration": "pca",
                            "subset": "SRR28679758"
                        },
                        "pca-SRR28679758_neighbors.h5ad:md5,459924be193bf0f27a0170be4213632c"
                    ]
                ],
                "3": [
                    [
                        {
                            "id": "pca-SRR28679756-0.5",
                            "integration": "pca",
                            "subset": "SRR28679756",
                            "resolution": "0.5"
                        },
                        "pca-SRR28679756-0.5_leiden.h5ad:md5,a0e5c3689f481b785e749837937a3aed"
                    ],
                    [
                        {
                            "id": "pca-SRR28679756-1",
                            "integration": "pca",
                            "subset": "SRR28679756",
                            "resolution": "1"
                        },
                        "pca-SRR28679756-1_leiden.h5ad:md5,81822a3abd385d0854effd80b7bb3b74"
                    ],
                    [
                        {
                            "id": "pca-SRR28679757-0.5",
                            "integration": "pca",
                            "subset": "SRR28679757",
                            "resolution": "0.5"
                        },
                        "pca-SRR28679757-0.5_leiden.h5ad:md5,7c880783e9cebc0d4569ccd0caf7869e"
                    ],
                    [
                        {
                            "id": "pca-SRR28679757-1",
                            "integration": "pca",
                            "subset": "SRR28679757",
                            "resolution": "1"
                        },
                        "pca-SRR28679757-1_leiden.h5ad:md5,c62ff5870139422045a5a37656221987"
                    ],
                    [
                        {
                            "id": "pca-SRR28679758-0.5",
                            "integration": "pca",
                            "subset": "SRR28679758",
                            "resolution": "0.5"
                        },
                        "pca-SRR28679758-0.5_leiden.h5ad:md5,90894230f25a243285345f4e49a372fb"
                    ],
                    [
                        {
                            "id": "pca-SRR28679758-1",
                            "integration": "pca",
                            "subset": "SRR28679758",
                            "resolution": "1"
                        },
                        "pca-SRR28679758-1_leiden.h5ad:md5,185b17e61d619febc7380dde719de6cf"
                    ]
                ],
                "4": [
                    "pca-SRR28679756-0.5_entropy_mqc.json:md5,cd198e78d2f0680a2858348a2c41dd1e",
                    "pca-SRR28679756-0.5_leiden_mqc.json:md5,ab2dcdcdc8ee43d9144ea4c7d37cda9d",
                    "pca-SRR28679756-1_entropy_mqc.json:md5,f64d55c31d446f08a307746342c50cf5",
                    "pca-SRR28679756-1_leiden_mqc.json:md5,53ff71b781d04826b2fcfe47c3f78592",
                    "pca-SRR28679757-0.5_entropy_mqc.json:md5,7abf6399423e8ec72cefde07d46a3706",
                    "pca-SRR28679757-0.5_leiden_mqc.json:md5,f03589b7cd38658c20d196c6bf4eb701",
                    "pca-SRR28679757-1_entropy_mqc.json:md5,e8809a8793c1d884985d9ca3b9e7021c",
                    "pca-SRR28679757-1_leiden_mqc.json:md5,4ff472fb1db11e31b07906e2ad0c0b5b",
                    "pca-SRR28679758-0.5_entropy_mqc.json:md5,0e0f53cd2c0e47a3837e32182a846418",
                    "pca-SRR28679758-0.5_leiden_mqc.json:md5,b941037f03f3dd241453835de64e3c70",
                    "pca-SRR28679758-1_entropy_mqc.json:md5,e56f429eb4362280f4d1e40f45cc5a65",
                    "pca-SRR28679758-1_leiden_mqc.json:md5,646d081dcc83a9a3f081d06d339d5660"
                ],
                "5": [
                    "versions.yml:md5,00481df7b86576c609ed93fa9d297e81",
                    "versions.yml:md5,00481df7b86576c609ed93fa9d297e81",
                    "versions.yml:md5,00481df7b86576c609ed93fa9d297e81",
                    "versions.yml:md5,2f7549e9e9e0e7ab3634c545780bb4cc",
                    "versions.yml:md5,2f7549e9e9e0e7ab3634c545780bb4cc",
                    "versions.yml:md5,2f7549e9e9e0e7ab3634c545780bb4cc",
                    "versions.yml:md5,2f7549e9e9e0e7ab3634c545780bb4cc",
                    "versions.yml:md5,2f7549e9e9e0e7ab3634c545780bb4cc",
                    "versions.yml:md5,2f7549e9e9e0e7ab3634c545780bb4cc",
                    "versions.yml:md5,e0d92d9e4b6d784243b392c05182d214",
                    "versions.yml:md5,e0d92d9e4b6d784243b392c05182d214",
                    "versions.yml:md5,e0d92d9e4b6d784243b392c05182d214",
                    "versions.yml:md5,e0d92d9e4b6d784243b392c05182d214",
                    "versions.yml:md5,e0d92d9e4b6d784243b392c05182d214",
                    "versions.yml:md5,e0d92d9e4b6d784243b392c05182d214",
                    "versions.yml:md5,e790be1df36172abb1c2da730c97a47e",
                    "versions.yml:md5,e790be1df36172abb1c2da730c97a47e",
                    "versions.yml:md5,e790be1df36172abb1c2da730c97a47e",
                    "versions.yml:md5,fc65da4f71706b7e6bd041a4e2f970cd"
                ],
                "h5ad_clustering": [
                    [
                        {
                            "id": "pca-SRR28679756-0.5",
                            "integration": "pca",
                            "subset": "SRR28679756",
                            "resolution": "0.5"
                        },
                        "pca-SRR28679756-0.5_leiden.h5ad:md5,a0e5c3689f481b785e749837937a3aed"
                    ],
                    [
                        {
                            "id": "pca-SRR28679756-1",
                            "integration": "pca",
                            "subset": "SRR28679756",
                            "resolution": "1"
                        },
                        "pca-SRR28679756-1_leiden.h5ad:md5,81822a3abd385d0854effd80b7bb3b74"
                    ],
                    [
                        {
                            "id": "pca-SRR28679757-0.5",
                            "integration": "pca",
                            "subset": "SRR28679757",
                            "resolution": "0.5"
                        },
                        "pca-SRR28679757-0.5_leiden.h5ad:md5,7c880783e9cebc0d4569ccd0caf7869e"
                    ],
                    [
                        {
                            "id": "pca-SRR28679757-1",
                            "integration": "pca",
                            "subset": "SRR28679757",
                            "resolution": "1"
                        },
                        "pca-SRR28679757-1_leiden.h5ad:md5,c62ff5870139422045a5a37656221987"
                    ],
                    [
                        {
                            "id": "pca-SRR28679758-0.5",
                            "integration": "pca",
                            "subset": "SRR28679758",
                            "resolution": "0.5"
                        },
                        "pca-SRR28679758-0.5_leiden.h5ad:md5,90894230f25a243285345f4e49a372fb"
                    ],
                    [
                        {
                            "id": "pca-SRR28679758-1",
                            "integration": "pca",
                            "subset": "SRR28679758",
                            "resolution": "1"
                        },
                        "pca-SRR28679758-1_leiden.h5ad:md5,185b17e61d619febc7380dde719de6cf"
                    ]
                ],
                "h5ad_neighbors": [
                    [
                        {
                            "id": "pca-SRR28679756",
                            "integration": "pca",
                            "subset": "SRR28679756"
                        },
                        "pca-SRR28679756_neighbors.h5ad:md5,dc3af109f4a4536e43dc88be23b7d672"
                    ],
                    [
                        {
                            "id": "pca-SRR28679757",
                            "integration": "pca",
                            "subset": "SRR28679757"
                        },
                        "pca-SRR28679757_neighbors.h5ad:md5,07e34a241497c44282304ba114280e8d"
                    ],
                    [
                        {
                            "id": "pca-SRR28679758",
                            "integration": "pca",
                            "subset": "SRR28679758"
                        },
                        "pca-SRR28679758_neighbors.h5ad:md5,459924be193bf0f27a0170be4213632c"
                    ]
                ],
                "multiqc_files": [
                    "pca-SRR28679756-0.5_entropy_mqc.json:md5,cd198e78d2f0680a2858348a2c41dd1e",
                    "pca-SRR28679756-0.5_leiden_mqc.json:md5,ab2dcdcdc8ee43d9144ea4c7d37cda9d",
                    "pca-SRR28679756-1_entropy_mqc.json:md5,f64d55c31d446f08a307746342c50cf5",
                    "pca-SRR28679756-1_leiden_mqc.json:md5,53ff71b781d04826b2fcfe47c3f78592",
                    "pca-SRR28679757-0.5_entropy_mqc.json:md5,7abf6399423e8ec72cefde07d46a3706",
                    "pca-SRR28679757-0.5_leiden_mqc.json:md5,f03589b7cd38658c20d196c6bf4eb701",
                    "pca-SRR28679757-1_entropy_mqc.json:md5,e8809a8793c1d884985d9ca3b9e7021c",
                    "pca-SRR28679757-1_leiden_mqc.json:md5,4ff472fb1db11e31b07906e2ad0c0b5b",
                    "pca-SRR28679758-0.5_entropy_mqc.json:md5,0e0f53cd2c0e47a3837e32182a846418",
                    "pca-SRR28679758-0.5_leiden_mqc.json:md5,b941037f03f3dd241453835de64e3c70",
                    "pca-SRR28679758-1_entropy_mqc.json:md5,e56f429eb4362280f4d1e40f45cc5a65",
                    "pca-SRR28679758-1_leiden_mqc.json:md5,646d081dcc83a9a3f081d06d339d5660"
                ],
                "obs": [
                    "pca-SRR28679756-0.5_entropy.pkl:md5,55c6b3186fc00c7a5fd1ced46b838ed0",
                    "pca-SRR28679756-0.5_leiden.pkl:md5,cf41750fa5f9ff4be026032f0ea55d5a",
                    "pca-SRR28679756-1_entropy.pkl:md5,9e244da3a054956b9c233bf5511d8bed",
                    "pca-SRR28679756-1_leiden.pkl:md5,070763ccb88b902b5e5a6d19b92b1fc6",
                    "pca-SRR28679757-0.5_entropy.pkl:md5,96aef03a506908e8ebfb13f7710c4914",
                    "pca-SRR28679757-0.5_leiden.pkl:md5,fe6068a2ae98816e6c82c3d2434f6f75",
                    "pca-SRR28679757-1_entropy.pkl:md5,594b0d4dbf8d6d31645867330d5e8836",
                    "pca-SRR28679757-1_leiden.pkl:md5,b16e1d2fca09f3cd9950afc35ff0fa35",
                    "pca-SRR28679758-0.5_entropy.pkl:md5,6db5031d13e3805376136080fe6ed01f",
                    "pca-SRR28679758-0.5_leiden.pkl:md5,c2c870bdde92c4b0cb0a4136c8d4ed7a",
                    "pca-SRR28679758-1_entropy.pkl:md5,7f51d0b495f0d8f040b50ea6279bb3d2",
                    "pca-SRR28679758-1_leiden.pkl:md5,b1a1a8bcac5e57a4897f5ab1acdd7b7d"
                ],
                "obsm": [
                    "X_pca-SRR28679756_umap.pkl:md5,6bf827fcb507c4f31235eb0be142a3a8",
                    "X_pca-SRR28679757_umap.pkl:md5,b4275b1c781b1cb9263d7ca63bfe1d0b",
                    "X_pca-SRR28679758_umap.pkl:md5,750c607f6602cf2dd77e24f2db9b6321"
                ],
                "versions": [
                    "versions.yml:md5,00481df7b86576c609ed93fa9d297e81",
                    "versions.yml:md5,00481df7b86576c609ed93fa9d297e81",
                    "versions.yml:md5,00481df7b86576c609ed93fa9d297e81",
                    "versions.yml:md5,2f7549e9e9e0e7ab3634c545780bb4cc",
                    "versions.yml:md5,2f7549e9e9e0e7ab3634c545780bb4cc",
                    "versions.yml:md5,2f7549e9e9e0e7ab3634c545780bb4cc",
                    "versions.yml:md5,2f7549e9e9e0e7ab3634c545780bb4cc",
                    "versions.yml:md5,2f7549e9e9e0e7ab3634c545780bb4cc",
                    "versions.yml:md5,2f7549e9e9e0e7ab3634c545780bb4cc",
                    "versions.yml:md5,e0d92d9e4b6d784243b392c05182d214",
                    "versions.yml:md5,e0d92d9e4b6d784243b392c05182d214",
                    "versions.yml:md5,e0d92d9e4b6d784243b392c05182d214",
                    "versions.yml:md5,e0d92d9e4b6d784243b392c05182d214",
                    "versions.yml:md5,e0d92d9e4b6d784243b392c05182d214",
                    "versions.yml:md5,e0d92d9e4b6d784243b392c05182d214",
                    "versions.yml:md5,e790be1df36172abb1c2da730c97a47e",
                    "versions.yml:md5,e790be1df36172abb1c2da730c97a47e",
                    "versions.yml:md5,e790be1df36172abb1c2da730c97a47e",
                    "versions.yml:md5,fc65da4f71706b7e6bd041a4e2f970cd"
                ]
            }
        ],
        "timestamp": "2026-03-16T16:35:05.124915191",
        "meta": {
            "nf-test": "0.9.4",
            "nextflow": "25.10.4"
        }
    },
    "Should run without failures - both": {
        "content": [
            {
                "0": [
                    "pca-SRR28679756-0.5_entropy.pkl:md5,55c6b3186fc00c7a5fd1ced46b838ed0",
                    "pca-SRR28679756-0.5_leiden.pkl:md5,cf41750fa5f9ff4be026032f0ea55d5a",
                    "pca-SRR28679756-1_entropy.pkl:md5,9e244da3a054956b9c233bf5511d8bed",
                    "pca-SRR28679756-1_leiden.pkl:md5,070763ccb88b902b5e5a6d19b92b1fc6",
                    "pca-SRR28679757-0.5_entropy.pkl:md5,96aef03a506908e8ebfb13f7710c4914",
                    "pca-SRR28679757-0.5_leiden.pkl:md5,fe6068a2ae98816e6c82c3d2434f6f75",
                    "pca-SRR28679757-1_entropy.pkl:md5,594b0d4dbf8d6d31645867330d5e8836",
                    "pca-SRR28679757-1_leiden.pkl:md5,b16e1d2fca09f3cd9950afc35ff0fa35",
                    "pca-SRR28679758-0.5_entropy.pkl:md5,6db5031d13e3805376136080fe6ed01f",
                    "pca-SRR28679758-0.5_leiden.pkl:md5,c2c870bdde92c4b0cb0a4136c8d4ed7a",
                    "pca-SRR28679758-1_entropy.pkl:md5,7f51d0b495f0d8f040b50ea6279bb3d2",
                    "pca-SRR28679758-1_leiden.pkl:md5,b1a1a8bcac5e57a4897f5ab1acdd7b7d",
                    "pca-global-0.5_entropy.pkl:md5,78bc74c5017b6707679ff6e85009c94b",
                    "pca-global-0.5_leiden.pkl:md5,e6f875fd364566820fe94d5c26a458d1",
                    "pca-global-1_entropy.pkl:md5,2b625c6a85fa295ee4e17e9cc88c6f89",
                    "pca-global-1_leiden.pkl:md5,5c1cf597bc4b744e6076bedec11ace89"
                ],
                "1": [
                    "X_pca-SRR28679756_umap.pkl:md5,6bf827fcb507c4f31235eb0be142a3a8",
                    "X_pca-SRR28679757_umap.pkl:md5,b4275b1c781b1cb9263d7ca63bfe1d0b",
                    "X_pca-SRR28679758_umap.pkl:md5,750c607f6602cf2dd77e24f2db9b6321",
                    "X_pca-global_umap.pkl:md5,c272ede6c131011937c9174472b60fb9"
                ],
                "2": [
                    [
                        {
                            "id": "pca-SRR28679756",
                            "integration": "pca",
                            "subset": "SRR28679756"
                        },
                        "pca-SRR28679756_neighbors.h5ad:md5,dc3af109f4a4536e43dc88be23b7d672"
                    ],
                    [
                        {
                            "id": "pca-SRR28679757",
                            "integration": "pca",
                            "subset": "SRR28679757"
                        },
                        "pca-SRR28679757_neighbors.h5ad:md5,07e34a241497c44282304ba114280e8d"
                    ],
                    [
                        {
                            "id": "pca-SRR28679758",
                            "integration": "pca",
                            "subset": "SRR28679758"
                        },
                        "pca-SRR28679758_neighbors.h5ad:md5,459924be193bf0f27a0170be4213632c"
                    ],
                    [
                        {
                            "id": "pca-global",
                            "integration": "pca",
                            "subset": "global"
                        },
                        "pca-global_neighbors.h5ad:md5,4a7495e00ff671138ec3ba5b63cf54bc"
                    ]
                ],
                "3": [
                    [
                        {
                            "id": "pca-SRR28679756-0.5",
                            "integration": "pca",
                            "subset": "SRR28679756",
                            "resolution": "0.5"
                        },
                        "pca-SRR28679756-0.5_leiden.h5ad:md5,a0e5c3689f481b785e749837937a3aed"
                    ],
                    [
                        {
                            "id": "pca-SRR28679756-1",
                            "integration": "pca",
                            "subset": "SRR28679756",
                            "resolution": "1"
                        },
                        "pca-SRR28679756-1_leiden.h5ad:md5,81822a3abd385d0854effd80b7bb3b74"
                    ],
                    [
                        {
                            "id": "pca-SRR28679757-0.5",
                            "integration": "pca",
                            "subset": "SRR28679757",
                            "resolution": "0.5"
                        },
                        "pca-SRR28679757-0.5_leiden.h5ad:md5,7c880783e9cebc0d4569ccd0caf7869e"
                    ],
                    [
                        {
                            "id": "pca-SRR28679757-1",
                            "integration": "pca",
                            "subset": "SRR28679757",
                            "resolution": "1"
                        },
                        "pca-SRR28679757-1_leiden.h5ad:md5,c62ff5870139422045a5a37656221987"
                    ],
                    [
                        {
                            "id": "pca-SRR28679758-0.5",
                            "integration": "pca",
                            "subset": "SRR28679758",
                            "resolution": "0.5"
                        },
                        "pca-SRR28679758-0.5_leiden.h5ad:md5,90894230f25a243285345f4e49a372fb"
                    ],
                    [
                        {
                            "id": "pca-SRR28679758-1",
                            "integration": "pca",
                            "subset": "SRR28679758",
                            "resolution": "1"
                        },
                        "pca-SRR28679758-1_leiden.h5ad:md5,185b17e61d619febc7380dde719de6cf"
                    ],
                    [
                        {
                            "id": "pca-global-0.5",
                            "integration": "pca",
                            "subset": "global",
                            "resolution": "0.5"
                        },
                        "pca-global-0.5_leiden.h5ad:md5,ff5b8b52deb5de921806a7aa52555465"
                    ],
                    [
                        {
                            "id": "pca-global-1",
                            "integration": "pca",
                            "subset": "global",
                            "resolution": "1"
                        },
                        "pca-global-1_leiden.h5ad:md5,3a82d1437a97b62d283486017cf73d6e"
                    ]
                ],
                "4": [
                    "pca-SRR28679756-0.5_entropy_mqc.json:md5,cd198e78d2f0680a2858348a2c41dd1e",
                    "pca-SRR28679756-0.5_leiden_mqc.json:md5,ab2dcdcdc8ee43d9144ea4c7d37cda9d",
                    "pca-SRR28679756-1_entropy_mqc.json:md5,f64d55c31d446f08a307746342c50cf5",
                    "pca-SRR28679756-1_leiden_mqc.json:md5,53ff71b781d04826b2fcfe47c3f78592",
                    "pca-SRR28679757-0.5_entropy_mqc.json:md5,7abf6399423e8ec72cefde07d46a3706",
                    "pca-SRR28679757-0.5_leiden_mqc.json:md5,f03589b7cd38658c20d196c6bf4eb701",
                    "pca-SRR28679757-1_entropy_mqc.json:md5,e8809a8793c1d884985d9ca3b9e7021c",
                    "pca-SRR28679757-1_leiden_mqc.json:md5,4ff472fb1db11e31b07906e2ad0c0b5b",
                    "pca-SRR28679758-0.5_entropy_mqc.json:md5,0e0f53cd2c0e47a3837e32182a846418",
                    "pca-SRR28679758-0.5_leiden_mqc.json:md5,b941037f03f3dd241453835de64e3c70",
                    "pca-SRR28679758-1_entropy_mqc.json:md5,e56f429eb4362280f4d1e40f45cc5a65",
                    "pca-SRR28679758-1_leiden_mqc.json:md5,646d081dcc83a9a3f081d06d339d5660",
                    "pca-global-0.5_entropy_mqc.json:md5,00a8dd5258ae6b32d55d5df663f5108c",
                    "pca-global-0.5_leiden_mqc.json:md5,493f3389e0d1a8da3cfdf805615e5cb4",
                    "pca-global-1_entropy_mqc.json:md5,85c88dcd1706b7a6ccdde28c9b2b704b",
                    "pca-global-1_leiden_mqc.json:md5,989703692937cca2fde9771eeaca5672"
                ],
                "5": [
                    "versions.yml:md5,00481df7b86576c609ed93fa9d297e81",
                    "versions.yml:md5,00481df7b86576c609ed93fa9d297e81",
                    "versions.yml:md5,00481df7b86576c609ed93fa9d297e81",
                    "versions.yml:md5,00481df7b86576c609ed93fa9d297e81",
                    "versions.yml:md5,2f7549e9e9e0e7ab3634c545780bb4cc",
                    "versions.yml:md5,2f7549e9e9e0e7ab3634c545780bb4cc",
                    "versions.yml:md5,2f7549e9e9e0e7ab3634c545780bb4cc",
                    "versions.yml:md5,2f7549e9e9e0e7ab3634c545780bb4cc",
                    "versions.yml:md5,2f7549e9e9e0e7ab3634c545780bb4cc",
                    "versions.yml:md5,2f7549e9e9e0e7ab3634c545780bb4cc",
                    "versions.yml:md5,2f7549e9e9e0e7ab3634c545780bb4cc",
                    "versions.yml:md5,2f7549e9e9e0e7ab3634c545780bb4cc",
                    "versions.yml:md5,e0d92d9e4b6d784243b392c05182d214",
                    "versions.yml:md5,e0d92d9e4b6d784243b392c05182d214",
                    "versions.yml:md5,e0d92d9e4b6d784243b392c05182d214",
                    "versions.yml:md5,e0d92d9e4b6d784243b392c05182d214",
                    "versions.yml:md5,e0d92d9e4b6d784243b392c05182d214",
                    "versions.yml:md5,e0d92d9e4b6d784243b392c05182d214",
                    "versions.yml:md5,e0d92d9e4b6d784243b392c05182d214",
                    "versions.yml:md5,e0d92d9e4b6d784243b392c05182d214",
                    "versions.yml:md5,e790be1df36172abb1c2da730c97a47e",
                    "versions.yml:md5,e790be1df36172abb1c2da730c97a47e",
                    "versions.yml:md5,e790be1df36172abb1c2da730c97a47e",
                    "versions.yml:md5,e790be1df36172abb1c2da730c97a47e",
                    "versions.yml:md5,fc65da4f71706b7e6bd041a4e2f970cd"
                ],
                "h5ad_clustering": [
                    [
                        {
                            "id": "pca-SRR28679756-0.5",
                            "integration": "pca",
                            "subset": "SRR28679756",
                            "resolution": "0.5"
                        },
                        "pca-SRR28679756-0.5_leiden.h5ad:md5,a0e5c3689f481b785e749837937a3aed"
                    ],
                    [
                        {
                            "id": "pca-SRR28679756-1",
                            "integration": "pca",
                            "subset": "SRR28679756",
                            "resolution": "1"
                        },
                        "pca-SRR28679756-1_leiden.h5ad:md5,81822a3abd385d0854effd80b7bb3b74"
                    ],
                    [
                        {
                            "id": "pca-SRR28679757-0.5",
                            "integration": "pca",
                            "subset": "SRR28679757",
                            "resolution": "0.5"
                        },
                        "pca-SRR28679757-0.5_leiden.h5ad:md5,7c880783e9cebc0d4569ccd0caf7869e"
                    ],
                    [
                        {
                            "id": "pca-SRR28679757-1",
                            "integration": "pca",
                            "subset": "SRR28679757",
                            "resolution": "1"
                        },
                        "pca-SRR28679757-1_leiden.h5ad:md5,c62ff5870139422045a5a37656221987"
                    ],
                    [
                        {
                            "id": "pca-SRR28679758-0.5",
                            "integration": "pca",
                            "subset": "SRR28679758",
                            "resolution": "0.5"
                        },
                        "pca-SRR28679758-0.5_leiden.h5ad:md5,90894230f25a243285345f4e49a372fb"
                    ],
                    [
                        {
                            "id": "pca-SRR28679758-1",
                            "integration": "pca",
                            "subset": "SRR28679758",
                            "resolution": "1"
                        },
                        "pca-SRR28679758-1_leiden.h5ad:md5,185b17e61d619febc7380dde719de6cf"
                    ],
                    [
                        {
                            "id": "pca-global-0.5",
                            "integration": "pca",
                            "subset": "global",
                            "resolution": "0.5"
                        },
                        "pca-global-0.5_leiden.h5ad:md5,ff5b8b52deb5de921806a7aa52555465"
                    ],
                    [
                        {
                            "id": "pca-global-1",
                            "integration": "pca",
                            "subset": "global",
                            "resolution": "1"
                        },
                        "pca-global-1_leiden.h5ad:md5,3a82d1437a97b62d283486017cf73d6e"
                    ]
                ],
                "h5ad_neighbors": [
                    [
                        {
                            "id": "pca-SRR28679756",
                            "integration": "pca",
                            "subset": "SRR28679756"
                        },
                        "pca-SRR28679756_neighbors.h5ad:md5,dc3af109f4a4536e43dc88be23b7d672"
                    ],
                    [
                        {
                            "id": "pca-SRR28679757",
                            "integration": "pca",
                            "subset": "SRR28679757"
                        },
                        "pca-SRR28679757_neighbors.h5ad:md5,07e34a241497c44282304ba114280e8d"
                    ],
                    [
                        {
                            "id": "pca-SRR28679758",
                            "integration": "pca",
                            "subset": "SRR28679758"
                        },
                        "pca-SRR28679758_neighbors.h5ad:md5,459924be193bf0f27a0170be4213632c"
                    ],
                    [
                        {
                            "id": "pca-global",
                            "integration": "pca",
                            "subset": "global"
                        },
                        "pca-global_neighbors.h5ad:md5,4a7495e00ff671138ec3ba5b63cf54bc"
                    ]
                ],
                "multiqc_files": [
                    "pca-SRR28679756-0.5_entropy_mqc.json:md5,cd198e78d2f0680a2858348a2c41dd1e",
                    "pca-SRR28679756-0.5_leiden_mqc.json:md5,ab2dcdcdc8ee43d9144ea4c7d37cda9d",
                    "pca-SRR28679756-1_entropy_mqc.json:md5,f64d55c31d446f08a307746342c50cf5",
                    "pca-SRR28679756-1_leiden_mqc.json:md5,53ff71b781d04826b2fcfe47c3f78592",
                    "pca-SRR28679757-0.5_entropy_mqc.json:md5,7abf6399423e8ec72cefde07d46a3706",
                    "pca-SRR28679757-0.5_leiden_mqc.json:md5,f03589b7cd38658c20d196c6bf4eb701",
                    "pca-SRR28679757-1_entropy_mqc.json:md5,e8809a8793c1d884985d9ca3b9e7021c",
                    "pca-SRR28679757-1_leiden_mqc.json:md5,4ff472fb1db11e31b07906e2ad0c0b5b",
                    "pca-SRR28679758-0.5_entropy_mqc.json:md5,0e0f53cd2c0e47a3837e32182a846418",
                    "pca-SRR28679758-0.5_leiden_mqc.json:md5,b941037f03f3dd241453835de64e3c70",
                    "pca-SRR28679758-1_entropy_mqc.json:md5,e56f429eb4362280f4d1e40f45cc5a65",
                    "pca-SRR28679758-1_leiden_mqc.json:md5,646d081dcc83a9a3f081d06d339d5660",
                    "pca-global-0.5_entropy_mqc.json:md5,00a8dd5258ae6b32d55d5df663f5108c",
                    "pca-global-0.5_leiden_mqc.json:md5,493f3389e0d1a8da3cfdf805615e5cb4",
                    "pca-global-1_entropy_mqc.json:md5,85c88dcd1706b7a6ccdde28c9b2b704b",
                    "pca-global-1_leiden_mqc.json:md5,989703692937cca2fde9771eeaca5672"
                ],
                "obs": [
                    "pca-SRR28679756-0.5_entropy.pkl:md5,55c6b3186fc00c7a5fd1ced46b838ed0",
                    "pca-SRR28679756-0.5_leiden.pkl:md5,cf41750fa5f9ff4be026032f0ea55d5a",
                    "pca-SRR28679756-1_entropy.pkl:md5,9e244da3a054956b9c233bf5511d8bed",
                    "pca-SRR28679756-1_leiden.pkl:md5,070763ccb88b902b5e5a6d19b92b1fc6",
                    "pca-SRR28679757-0.5_entropy.pkl:md5,96aef03a506908e8ebfb13f7710c4914",
                    "pca-SRR28679757-0.5_leiden.pkl:md5,fe6068a2ae98816e6c82c3d2434f6f75",
                    "pca-SRR28679757-1_entropy.pkl:md5,594b0d4dbf8d6d31645867330d5e8836",
                    "pca-SRR28679757-1_leiden.pkl:md5,b16e1d2fca09f3cd9950afc35ff0fa35",
                    "pca-SRR28679758-0.5_entropy.pkl:md5,6db5031d13e3805376136080fe6ed01f",
                    "pca-SRR28679758-0.5_leiden.pkl:md5,c2c870bdde92c4b0cb0a4136c8d4ed7a",
                    "pca-SRR28679758-1_entropy.pkl:md5,7f51d0b495f0d8f040b50ea6279bb3d2",
                    "pca-SRR28679758-1_leiden.pkl:md5,b1a1a8bcac5e57a4897f5ab1acdd7b7d",
                    "pca-global-0.5_entropy.pkl:md5,78bc74c5017b6707679ff6e85009c94b",
                    "pca-global-0.5_leiden.pkl:md5,e6f875fd364566820fe94d5c26a458d1",
                    "pca-global-1_entropy.pkl:md5,2b625c6a85fa295ee4e17e9cc88c6f89",
                    "pca-global-1_leiden.pkl:md5,5c1cf597bc4b744e6076bedec11ace89"
                ],
                "obsm": [
                    "X_pca-SRR28679756_umap.pkl:md5,6bf827fcb507c4f31235eb0be142a3a8",
                    "X_pca-SRR28679757_umap.pkl:md5,b4275b1c781b1cb9263d7ca63bfe1d0b",
                    "X_pca-SRR28679758_umap.pkl:md5,750c607f6602cf2dd77e24f2db9b6321",
                    "X_pca-global_umap.pkl:md5,c272ede6c131011937c9174472b60fb9"
                ],
                "versions": [
                    "versions.yml:md5,00481df7b86576c609ed93fa9d297e81",
                    "versions.yml:md5,00481df7b86576c609ed93fa9d297e81",
                    "versions.yml:md5,00481df7b86576c609ed93fa9d297e81",
                    "versions.yml:md5,00481df7b86576c609ed93fa9d297e81",
                    "versions.yml:md5,2f7549e9e9e0e7ab3634c545780bb4cc",
                    "versions.yml:md5,2f7549e9e9e0e7ab3634c545780bb4cc",
                    "versions.yml:md5,2f7549e9e9e0e7ab3634c545780bb4cc",
                    "versions.yml:md5,2f7549e9e9e0e7ab3634c545780bb4cc",
                    "versions.yml:md5,2f7549e9e9e0e7ab3634c545780bb4cc",
                    "versions.yml:md5,2f7549e9e9e0e7ab3634c545780bb4cc",
                    "versions.yml:md5,2f7549e9e9e0e7ab3634c545780bb4cc",
                    "versions.yml:md5,2f7549e9e9e0e7ab3634c545780bb4cc",
                    "versions.yml:md5,e0d92d9e4b6d784243b392c05182d214",
                    "versions.yml:md5,e0d92d9e4b6d784243b392c05182d214",
                    "versions.yml:md5,e0d92d9e4b6d784243b392c05182d214",
                    "versions.yml:md5,e0d92d9e4b6d784243b392c05182d214",
                    "versions.yml:md5,e0d92d9e4b6d784243b392c05182d214",
                    "versions.yml:md5,e0d92d9e4b6d784243b392c05182d214",
                    "versions.yml:md5,e0d92d9e4b6d784243b392c05182d214",
                    "versions.yml:md5,e0d92d9e4b6d784243b392c05182d214",
                    "versions.yml:md5,e790be1df36172abb1c2da730c97a47e",
                    "versions.yml:md5,e790be1df36172abb1c2da730c97a47e",
                    "versions.yml:md5,e790be1df36172abb1c2da730c97a47e",
                    "versions.yml:md5,e790be1df36172abb1c2da730c97a47e",
                    "versions.yml:md5,fc65da4f71706b7e6bd041a4e2f970cd"
                ]
            }
        ],
        "timestamp": "2026-03-16T16:39:29.213113289",
        "meta": {
            "nf-test": "0.9.4",
            "nextflow": "25.10.4"
        }
    }
}