{
    "Should run without failures - per-label - stub": {
        "content": [
            {
                "0": [
                    "pca-A-0.5_entropy.pkl:md5,d41d8cd98f00b204e9800998ecf8427e",
                    "pca-A-0.5_leiden.pkl:md5,d41d8cd98f00b204e9800998ecf8427e",
                    "pca-A-1_entropy.pkl:md5,d41d8cd98f00b204e9800998ecf8427e",
                    "pca-A-1_leiden.pkl:md5,d41d8cd98f00b204e9800998ecf8427e",
                    "pca-B-0.5_entropy.pkl:md5,d41d8cd98f00b204e9800998ecf8427e",
                    "pca-B-0.5_leiden.pkl:md5,d41d8cd98f00b204e9800998ecf8427e",
                    "pca-B-1_entropy.pkl:md5,d41d8cd98f00b204e9800998ecf8427e",
                    "pca-B-1_leiden.pkl:md5,d41d8cd98f00b204e9800998ecf8427e"
                ],
                "1": [
                    "X_pca-A_umap.pkl:md5,d41d8cd98f00b204e9800998ecf8427e",
                    "X_pca-B_umap.pkl:md5,d41d8cd98f00b204e9800998ecf8427e"
                ],
                "2": [
                    [
                        {
                            "id": "pca-A",
                            "integration": "pca",
                            "subset": "A"
                        },
                        "pca-A_neighbors.h5ad:md5,d41d8cd98f00b204e9800998ecf8427e"
                    ],
                    [
                        {
                            "id": "pca-B",
                            "integration": "pca",
                            "subset": "B"
                        },
                        "pca-B_neighbors.h5ad:md5,d41d8cd98f00b204e9800998ecf8427e"
                    ]
                ],
                "3": [
                    [
                        {
                            "id": "pca-A-0.5",
                            "integration": "pca",
                            "subset": "A",
                            "resolution": "0.5"
                        },
                        "pca-A-0.5_leiden.h5ad:md5,d41d8cd98f00b204e9800998ecf8427e"
                    ],
                    [
                        {
                            "id": "pca-A-1",
                            "integration": "pca",
                            "subset": "A",
                            "resolution": "1"
                        },
                        "pca-A-1_leiden.h5ad:md5,d41d8cd98f00b204e9800998ecf8427e"
                    ],
                    [
                        {
                            "id": "pca-B-0.5",
                            "integration": "pca",
                            "subset": "B",
                            "resolution": "0.5"
                        },
                        "pca-B-0.5_leiden.h5ad:md5,d41d8cd98f00b204e9800998ecf8427e"
                    ],
                    [
                        {
                            "id": "pca-B-1",
                            "integration": "pca",
                            "subset": "B",
                            "resolution": "1"
                        },
                        "pca-B-1_leiden.h5ad:md5,d41d8cd98f00b204e9800998ecf8427e"
                    ]
                ],
                "4": [
                    "pca-A-0.5_entropy_mqc.json:md5,d41d8cd98f00b204e9800998ecf8427e",
                    "pca-A-0.5_leiden_mqc.json:md5,d41d8cd98f00b204e9800998ecf8427e",
                    "pca-A-1_entropy_mqc.json:md5,d41d8cd98f00b204e9800998ecf8427e",
                    "pca-A-1_leiden_mqc.json:md5,d41d8cd98f00b204e9800998ecf8427e",
                    "pca-B-0.5_entropy_mqc.json:md5,d41d8cd98f00b204e9800998ecf8427e",
                    "pca-B-0.5_leiden_mqc.json:md5,d41d8cd98f00b204e9800998ecf8427e",
                    "pca-B-1_entropy_mqc.json:md5,d41d8cd98f00b204e9800998ecf8427e",
                    "pca-B-1_leiden_mqc.json:md5,d41d8cd98f00b204e9800998ecf8427e"
                ],
                "5": [
                    "versions.yml:md5,d41d8cd98f00b204e9800998ecf8427e",
                    "versions.yml:md5,d41d8cd98f00b204e9800998ecf8427e",
                    "versions.yml:md5,d41d8cd98f00b204e9800998ecf8427e",
                    "versions.yml:md5,d41d8cd98f00b204e9800998ecf8427e",
                    "versions.yml:md5,d41d8cd98f00b204e9800998ecf8427e",
                    "versions.yml:md5,d41d8cd98f00b204e9800998ecf8427e",
                    "versions.yml:md5,d41d8cd98f00b204e9800998ecf8427e",
                    "versions.yml:md5,d41d8cd98f00b204e9800998ecf8427e",
                    "versions.yml:md5,d41d8cd98f00b204e9800998ecf8427e",
                    "versions.yml:md5,d41d8cd98f00b204e9800998ecf8427e",
                    "versions.yml:md5,d41d8cd98f00b204e9800998ecf8427e",
                    "versions.yml:md5,d41d8cd98f00b204e9800998ecf8427e",
                    "versions.yml:md5,d41d8cd98f00b204e9800998ecf8427e"
                ],
                "h5ad_clustering": [
                    [
                        {
                            "id": "pca-A-0.5",
                            "integration": "pca",
                            "subset": "A",
                            "resolution": "0.5"
                        },
                        "pca-A-0.5_leiden.h5ad:md5,d41d8cd98f00b204e9800998ecf8427e"
                    ],
                    [
                        {
                            "id": "pca-A-1",
                            "integration": "pca",
                            "subset": "A",
                            "resolution": "1"
                        },
                        "pca-A-1_leiden.h5ad:md5,d41d8cd98f00b204e9800998ecf8427e"
                    ],
                    [
                        {
                            "id": "pca-B-0.5",
                            "integration": "pca",
                            "subset": "B",
                            "resolution": "0.5"
                        },
                        "pca-B-0.5_leiden.h5ad:md5,d41d8cd98f00b204e9800998ecf8427e"
                    ],
                    [
                        {
                            "id": "pca-B-1",
                            "integration": "pca",
                            "subset": "B",
                            "resolution": "1"
                        },
                        "pca-B-1_leiden.h5ad:md5,d41d8cd98f00b204e9800998ecf8427e"
                    ]
                ],
                "h5ad_neighbors": [
                    [
                        {
                            "id": "pca-A",
                            "integration": "pca",
                            "subset": "A"
                        },
                        "pca-A_neighbors.h5ad:md5,d41d8cd98f00b204e9800998ecf8427e"
                    ],
                    [
                        {
                            "id": "pca-B",
                            "integration": "pca",
                            "subset": "B"
                        },
                        "pca-B_neighbors.h5ad:md5,d41d8cd98f00b204e9800998ecf8427e"
                    ]
                ],
                "multiqc_files": [
                    "pca-A-0.5_entropy_mqc.json:md5,d41d8cd98f00b204e9800998ecf8427e",
                    "pca-A-0.5_leiden_mqc.json:md5,d41d8cd98f00b204e9800998ecf8427e",
                    "pca-A-1_entropy_mqc.json:md5,d41d8cd98f00b204e9800998ecf8427e",
                    "pca-A-1_leiden_mqc.json:md5,d41d8cd98f00b204e9800998ecf8427e",
                    "pca-B-0.5_entropy_mqc.json:md5,d41d8cd98f00b204e9800998ecf8427e",
                    "pca-B-0.5_leiden_mqc.json:md5,d41d8cd98f00b204e9800998ecf8427e",
                    "pca-B-1_entropy_mqc.json:md5,d41d8cd98f00b204e9800998ecf8427e",
                    "pca-B-1_leiden_mqc.json:md5,d41d8cd98f00b204e9800998ecf8427e"
                ],
                "obs": [
                    "pca-A-0.5_entropy.pkl:md5,d41d8cd98f00b204e9800998ecf8427e",
                    "pca-A-0.5_leiden.pkl:md5,d41d8cd98f00b204e9800998ecf8427e",
                    "pca-A-1_entropy.pkl:md5,d41d8cd98f00b204e9800998ecf8427e",
                    "pca-A-1_leiden.pkl:md5,d41d8cd98f00b204e9800998ecf8427e",
                    "pca-B-0.5_entropy.pkl:md5,d41d8cd98f00b204e9800998ecf8427e",
                    "pca-B-0.5_leiden.pkl:md5,d41d8cd98f00b204e9800998ecf8427e",
                    "pca-B-1_entropy.pkl:md5,d41d8cd98f00b204e9800998ecf8427e",
                    "pca-B-1_leiden.pkl:md5,d41d8cd98f00b204e9800998ecf8427e"
                ],
                "obsm": [
                    "X_pca-A_umap.pkl:md5,d41d8cd98f00b204e9800998ecf8427e",
                    "X_pca-B_umap.pkl:md5,d41d8cd98f00b204e9800998ecf8427e"
                ],
                "versions": [
                    "versions.yml:md5,d41d8cd98f00b204e9800998ecf8427e",
                    "versions.yml:md5,d41d8cd98f00b204e9800998ecf8427e",
                    "versions.yml:md5,d41d8cd98f00b204e9800998ecf8427e",
                    "versions.yml:md5,d41d8cd98f00b204e9800998ecf8427e",
                    "versions.yml:md5,d41d8cd98f00b204e9800998ecf8427e",
                    "versions.yml:md5,d41d8cd98f00b204e9800998ecf8427e",
                    "versions.yml:md5,d41d8cd98f00b204e9800998ecf8427e",
                    "versions.yml:md5,d41d8cd98f00b204e9800998ecf8427e",
                    "versions.yml:md5,d41d8cd98f00b204e9800998ecf8427e",
                    "versions.yml:md5,d41d8cd98f00b204e9800998ecf8427e",
                    "versions.yml:md5,d41d8cd98f00b204e9800998ecf8427e",
                    "versions.yml:md5,d41d8cd98f00b204e9800998ecf8427e",
                    "versions.yml:md5,d41d8cd98f00b204e9800998ecf8427e"
                ]
            }
        ],
        "meta": {
            "nf-test": "0.9.0",
            "nextflow": "25.04.2"
        },
        "timestamp": "2025-06-03T08:39:56.19859115"
    },
    "Should run without failures - global - stub": {
        "content": [
            {
                "0": [
                    "pca-global-0.5_entropy.pkl:md5,d41d8cd98f00b204e9800998ecf8427e",
                    "pca-global-0.5_leiden.pkl:md5,d41d8cd98f00b204e9800998ecf8427e",
                    "pca-global-1_entropy.pkl:md5,d41d8cd98f00b204e9800998ecf8427e",
                    "pca-global-1_leiden.pkl:md5,d41d8cd98f00b204e9800998ecf8427e"
                ],
                "1": [
                    "X_pca-global_umap.pkl:md5,d41d8cd98f00b204e9800998ecf8427e"
                ],
                "2": [
                    [
                        {
                            "id": "pca-global",
                            "integration": "pca",
                            "subset": "global"
                        },
                        "pca-global_neighbors.h5ad:md5,d41d8cd98f00b204e9800998ecf8427e"
                    ]
                ],
                "3": [
                    [
                        {
                            "id": "pca-global-0.5",
                            "integration": "pca",
                            "subset": "global",
                            "resolution": "0.5"
                        },
                        "pca-global-0.5_leiden.h5ad:md5,d41d8cd98f00b204e9800998ecf8427e"
                    ],
                    [
                        {
                            "id": "pca-global-1",
                            "integration": "pca",
                            "subset": "global",
                            "resolution": "1"
                        },
                        "pca-global-1_leiden.h5ad:md5,d41d8cd98f00b204e9800998ecf8427e"
                    ]
                ],
                "4": [
                    "pca-global-0.5_entropy_mqc.json:md5,d41d8cd98f00b204e9800998ecf8427e",
                    "pca-global-0.5_leiden_mqc.json:md5,d41d8cd98f00b204e9800998ecf8427e",
                    "pca-global-1_entropy_mqc.json:md5,d41d8cd98f00b204e9800998ecf8427e",
                    "pca-global-1_leiden_mqc.json:md5,d41d8cd98f00b204e9800998ecf8427e"
                ],
                "5": [
                    "versions.yml:md5,d41d8cd98f00b204e9800998ecf8427e",
                    "versions.yml:md5,d41d8cd98f00b204e9800998ecf8427e",
                    "versions.yml:md5,d41d8cd98f00b204e9800998ecf8427e",
                    "versions.yml:md5,d41d8cd98f00b204e9800998ecf8427e",
                    "versions.yml:md5,d41d8cd98f00b204e9800998ecf8427e",
                    "versions.yml:md5,d41d8cd98f00b204e9800998ecf8427e"
                ],
                "h5ad_clustering": [
                    [
                        {
                            "id": "pca-global-0.5",
                            "integration": "pca",
                            "subset": "global",
                            "resolution": "0.5"
                        },
                        "pca-global-0.5_leiden.h5ad:md5,d41d8cd98f00b204e9800998ecf8427e"
                    ],
                    [
                        {
                            "id": "pca-global-1",
                            "integration": "pca",
                            "subset": "global",
                            "resolution": "1"
                        },
                        "pca-global-1_leiden.h5ad:md5,d41d8cd98f00b204e9800998ecf8427e"
                    ]
                ],
                "h5ad_neighbors": [
                    [
                        {
                            "id": "pca-global",
                            "integration": "pca",
                            "subset": "global"
                        },
                        "pca-global_neighbors.h5ad:md5,d41d8cd98f00b204e9800998ecf8427e"
                    ]
                ],
                "multiqc_files": [
                    "pca-global-0.5_entropy_mqc.json:md5,d41d8cd98f00b204e9800998ecf8427e",
                    "pca-global-0.5_leiden_mqc.json:md5,d41d8cd98f00b204e9800998ecf8427e",
                    "pca-global-1_entropy_mqc.json:md5,d41d8cd98f00b204e9800998ecf8427e",
                    "pca-global-1_leiden_mqc.json:md5,d41d8cd98f00b204e9800998ecf8427e"
                ],
                "obs": [
                    "pca-global-0.5_entropy.pkl:md5,d41d8cd98f00b204e9800998ecf8427e",
                    "pca-global-0.5_leiden.pkl:md5,d41d8cd98f00b204e9800998ecf8427e",
                    "pca-global-1_entropy.pkl:md5,d41d8cd98f00b204e9800998ecf8427e",
                    "pca-global-1_leiden.pkl:md5,d41d8cd98f00b204e9800998ecf8427e"
                ],
                "obsm": [
                    "X_pca-global_umap.pkl:md5,d41d8cd98f00b204e9800998ecf8427e"
                ],
                "versions": [
                    "versions.yml:md5,d41d8cd98f00b204e9800998ecf8427e",
                    "versions.yml:md5,d41d8cd98f00b204e9800998ecf8427e",
                    "versions.yml:md5,d41d8cd98f00b204e9800998ecf8427e",
                    "versions.yml:md5,d41d8cd98f00b204e9800998ecf8427e",
                    "versions.yml:md5,d41d8cd98f00b204e9800998ecf8427e",
                    "versions.yml:md5,d41d8cd98f00b204e9800998ecf8427e"
                ]
            }
        ],
        "meta": {
            "nf-test": "0.9.0",
            "nextflow": "25.04.2"
        },
        "timestamp": "2025-06-03T08:37:10.116538526"
    },
    "Should run without failures - global": {
        "content": [
            {
                "0": [
                    "pca-global-0.5_entropy.pkl:md5,fb9b6d5568f4f0cf0cd36e66e73d4d86",
                    "pca-global-0.5_leiden.pkl:md5,1b37eb021ee407366c29bad95ada178c",
                    "pca-global-1_entropy.pkl:md5,52af4754db4ca7b8b3ae2bb128c71743",
                    "pca-global-1_leiden.pkl:md5,d3f745a3c3b9805a64b476a9c42e5c0d"
                ],
                "1": [
                    "X_pca-global_umap.pkl:md5,93788baff05cdb8368271dab29485f20"
                ],
                "2": [
                    [
                        {
                            "id": "pca-global",
                            "integration": "pca",
                            "subset": "global"
                        },
                        "pca-global_neighbors.h5ad:md5,d4306ac2ed919eba3ea3279c76438523"
                    ]
                ],
                "3": [
                    [
                        {
                            "id": "pca-global-0.5",
                            "integration": "pca",
                            "subset": "global",
                            "resolution": "0.5"
                        },
                        "pca-global-0.5_leiden.h5ad:md5,eeda00c0b04f8de80d4f744a26248b51"
                    ],
                    [
                        {
                            "id": "pca-global-1",
                            "integration": "pca",
                            "subset": "global",
                            "resolution": "1"
                        },
                        "pca-global-1_leiden.h5ad:md5,fe972e07a2d2321c91c70f27ca406fb0"
                    ]
                ],
                "4": [
                    "pca-global-0.5_entropy_mqc.json:md5,f91a13d387f9caec35d54a41605a902c",
                    "pca-global-0.5_leiden_mqc.json:md5,b208816ea02611aae96356efab092daf",
                    "pca-global-1_entropy_mqc.json:md5,bcdf01e1c522feac868553306b43215b",
                    "pca-global-1_leiden_mqc.json:md5,911db58904fe18de072f5e97d960b50e"
                ],
                "5": [
                    "versions.yml:md5,6a842ca07b6aa3c3d241aeb4f14e78ef",
                    "versions.yml:md5,71308492f6b0774e6c3236e7a9537663",
                    "versions.yml:md5,71308492f6b0774e6c3236e7a9537663",
                    "versions.yml:md5,7a41b3efa8ff7c6b3f4d554e8a96bfd8",
                    "versions.yml:md5,7a41b3efa8ff7c6b3f4d554e8a96bfd8",
                    "versions.yml:md5,fef5bde4d5e63f2d266d8b0d2d158a0d"
                ],
                "h5ad_clustering": [
                    [
                        {
                            "id": "pca-global-0.5",
                            "integration": "pca",
                            "subset": "global",
                            "resolution": "0.5"
                        },
                        "pca-global-0.5_leiden.h5ad:md5,eeda00c0b04f8de80d4f744a26248b51"
                    ],
                    [
                        {
                            "id": "pca-global-1",
                            "integration": "pca",
                            "subset": "global",
                            "resolution": "1"
                        },
                        "pca-global-1_leiden.h5ad:md5,fe972e07a2d2321c91c70f27ca406fb0"
                    ]
                ],
                "h5ad_neighbors": [
                    [
                        {
                            "id": "pca-global",
                            "integration": "pca",
                            "subset": "global"
                        },
                        "pca-global_neighbors.h5ad:md5,d4306ac2ed919eba3ea3279c76438523"
                    ]
                ],
                "multiqc_files": [
                    "pca-global-0.5_entropy_mqc.json:md5,f91a13d387f9caec35d54a41605a902c",
                    "pca-global-0.5_leiden_mqc.json:md5,b208816ea02611aae96356efab092daf",
                    "pca-global-1_entropy_mqc.json:md5,bcdf01e1c522feac868553306b43215b",
                    "pca-global-1_leiden_mqc.json:md5,911db58904fe18de072f5e97d960b50e"
                ],
                "obs": [
                    "pca-global-0.5_entropy.pkl:md5,fb9b6d5568f4f0cf0cd36e66e73d4d86",
                    "pca-global-0.5_leiden.pkl:md5,1b37eb021ee407366c29bad95ada178c",
                    "pca-global-1_entropy.pkl:md5,52af4754db4ca7b8b3ae2bb128c71743",
                    "pca-global-1_leiden.pkl:md5,d3f745a3c3b9805a64b476a9c42e5c0d"
                ],
                "obsm": [
                    "X_pca-global_umap.pkl:md5,93788baff05cdb8368271dab29485f20"
                ],
                "versions": [
                    "versions.yml:md5,6a842ca07b6aa3c3d241aeb4f14e78ef",
                    "versions.yml:md5,71308492f6b0774e6c3236e7a9537663",
                    "versions.yml:md5,71308492f6b0774e6c3236e7a9537663",
                    "versions.yml:md5,7a41b3efa8ff7c6b3f4d554e8a96bfd8",
                    "versions.yml:md5,7a41b3efa8ff7c6b3f4d554e8a96bfd8",
                    "versions.yml:md5,fef5bde4d5e63f2d266d8b0d2d158a0d"
                ]
            }
        ],
        "meta": {
            "nf-test": "0.9.2",
            "nextflow": "25.10.4"
        },
        "timestamp": "2026-03-16T20:45:02.803179973"
    },
    "Should run without failures - both - stub": {
        "content": [
            {
                "0": [
                    "pca-A-0.5_entropy.pkl:md5,d41d8cd98f00b204e9800998ecf8427e",
                    "pca-A-0.5_leiden.pkl:md5,d41d8cd98f00b204e9800998ecf8427e",
                    "pca-A-1_entropy.pkl:md5,d41d8cd98f00b204e9800998ecf8427e",
                    "pca-A-1_leiden.pkl:md5,d41d8cd98f00b204e9800998ecf8427e",
                    "pca-B-0.5_entropy.pkl:md5,d41d8cd98f00b204e9800998ecf8427e",
                    "pca-B-0.5_leiden.pkl:md5,d41d8cd98f00b204e9800998ecf8427e",
                    "pca-B-1_entropy.pkl:md5,d41d8cd98f00b204e9800998ecf8427e",
                    "pca-B-1_leiden.pkl:md5,d41d8cd98f00b204e9800998ecf8427e",
                    "pca-global-0.5_entropy.pkl:md5,d41d8cd98f00b204e9800998ecf8427e",
                    "pca-global-0.5_leiden.pkl:md5,d41d8cd98f00b204e9800998ecf8427e",
                    "pca-global-1_entropy.pkl:md5,d41d8cd98f00b204e9800998ecf8427e",
                    "pca-global-1_leiden.pkl:md5,d41d8cd98f00b204e9800998ecf8427e"
                ],
                "1": [
                    "X_pca-A_umap.pkl:md5,d41d8cd98f00b204e9800998ecf8427e",
                    "X_pca-B_umap.pkl:md5,d41d8cd98f00b204e9800998ecf8427e",
                    "X_pca-global_umap.pkl:md5,d41d8cd98f00b204e9800998ecf8427e"
                ],
                "2": [
                    [
                        {
                            "id": "pca-A",
                            "integration": "pca",
                            "subset": "A"
                        },
                        "pca-A_neighbors.h5ad:md5,d41d8cd98f00b204e9800998ecf8427e"
                    ],
                    [
                        {
                            "id": "pca-B",
                            "integration": "pca",
                            "subset": "B"
                        },
                        "pca-B_neighbors.h5ad:md5,d41d8cd98f00b204e9800998ecf8427e"
                    ],
                    [
                        {
                            "id": "pca-global",
                            "integration": "pca",
                            "subset": "global"
                        },
                        "pca-global_neighbors.h5ad:md5,d41d8cd98f00b204e9800998ecf8427e"
                    ]
                ],
                "3": [
                    [
                        {
                            "id": "pca-A-0.5",
                            "integration": "pca",
                            "subset": "A",
                            "resolution": "0.5"
                        },
                        "pca-A-0.5_leiden.h5ad:md5,d41d8cd98f00b204e9800998ecf8427e"
                    ],
                    [
                        {
                            "id": "pca-A-1",
                            "integration": "pca",
                            "subset": "A",
                            "resolution": "1"
                        },
                        "pca-A-1_leiden.h5ad:md5,d41d8cd98f00b204e9800998ecf8427e"
                    ],
                    [
                        {
                            "id": "pca-B-0.5",
                            "integration": "pca",
                            "subset": "B",
                            "resolution": "0.5"
                        },
                        "pca-B-0.5_leiden.h5ad:md5,d41d8cd98f00b204e9800998ecf8427e"
                    ],
                    [
                        {
                            "id": "pca-B-1",
                            "integration": "pca",
                            "subset": "B",
                            "resolution": "1"
                        },
                        "pca-B-1_leiden.h5ad:md5,d41d8cd98f00b204e9800998ecf8427e"
                    ],
                    [
                        {
                            "id": "pca-global-0.5",
                            "integration": "pca",
                            "subset": "global",
                            "resolution": "0.5"
                        },
                        "pca-global-0.5_leiden.h5ad:md5,d41d8cd98f00b204e9800998ecf8427e"
                    ],
                    [
                        {
                            "id": "pca-global-1",
                            "integration": "pca",
                            "subset": "global",
                            "resolution": "1"
                        },
                        "pca-global-1_leiden.h5ad:md5,d41d8cd98f00b204e9800998ecf8427e"
                    ]
                ],
                "4": [
                    "pca-A-0.5_entropy_mqc.json:md5,d41d8cd98f00b204e9800998ecf8427e",
                    "pca-A-0.5_leiden_mqc.json:md5,d41d8cd98f00b204e9800998ecf8427e",
                    "pca-A-1_entropy_mqc.json:md5,d41d8cd98f00b204e9800998ecf8427e",
                    "pca-A-1_leiden_mqc.json:md5,d41d8cd98f00b204e9800998ecf8427e",
                    "pca-B-0.5_entropy_mqc.json:md5,d41d8cd98f00b204e9800998ecf8427e",
                    "pca-B-0.5_leiden_mqc.json:md5,d41d8cd98f00b204e9800998ecf8427e",
                    "pca-B-1_entropy_mqc.json:md5,d41d8cd98f00b204e9800998ecf8427e",
                    "pca-B-1_leiden_mqc.json:md5,d41d8cd98f00b204e9800998ecf8427e",
                    "pca-global-0.5_entropy_mqc.json:md5,d41d8cd98f00b204e9800998ecf8427e",
                    "pca-global-0.5_leiden_mqc.json:md5,d41d8cd98f00b204e9800998ecf8427e",
                    "pca-global-1_entropy_mqc.json:md5,d41d8cd98f00b204e9800998ecf8427e",
                    "pca-global-1_leiden_mqc.json:md5,d41d8cd98f00b204e9800998ecf8427e"
                ],
                "5": [
                    "versions.yml:md5,d41d8cd98f00b204e9800998ecf8427e",
                    "versions.yml:md5,d41d8cd98f00b204e9800998ecf8427e",
                    "versions.yml:md5,d41d8cd98f00b204e9800998ecf8427e",
                    "versions.yml:md5,d41d8cd98f00b204e9800998ecf8427e",
                    "versions.yml:md5,d41d8cd98f00b204e9800998ecf8427e",
                    "versions.yml:md5,d41d8cd98f00b204e9800998ecf8427e",
                    "versions.yml:md5,d41d8cd98f00b204e9800998ecf8427e",
                    "versions.yml:md5,d41d8cd98f00b204e9800998ecf8427e",
                    "versions.yml:md5,d41d8cd98f00b204e9800998ecf8427e",
                    "versions.yml:md5,d41d8cd98f00b204e9800998ecf8427e",
                    "versions.yml:md5,d41d8cd98f00b204e9800998ecf8427e",
                    "versions.yml:md5,d41d8cd98f00b204e9800998ecf8427e",
                    "versions.yml:md5,d41d8cd98f00b204e9800998ecf8427e",
                    "versions.yml:md5,d41d8cd98f00b204e9800998ecf8427e",
                    "versions.yml:md5,d41d8cd98f00b204e9800998ecf8427e",
                    "versions.yml:md5,d41d8cd98f00b204e9800998ecf8427e",
                    "versions.yml:md5,d41d8cd98f00b204e9800998ecf8427e",
                    "versions.yml:md5,d41d8cd98f00b204e9800998ecf8427e",
                    "versions.yml:md5,d41d8cd98f00b204e9800998ecf8427e"
                ],
                "h5ad_clustering": [
                    [
                        {
                            "id": "pca-A-0.5",
                            "integration": "pca",
                            "subset": "A",
                            "resolution": "0.5"
                        },
                        "pca-A-0.5_leiden.h5ad:md5,d41d8cd98f00b204e9800998ecf8427e"
                    ],
                    [
                        {
                            "id": "pca-A-1",
                            "integration": "pca",
                            "subset": "A",
                            "resolution": "1"
                        },
                        "pca-A-1_leiden.h5ad:md5,d41d8cd98f00b204e9800998ecf8427e"
                    ],
                    [
                        {
                            "id": "pca-B-0.5",
                            "integration": "pca",
                            "subset": "B",
                            "resolution": "0.5"
                        },
                        "pca-B-0.5_leiden.h5ad:md5,d41d8cd98f00b204e9800998ecf8427e"
                    ],
                    [
                        {
                            "id": "pca-B-1",
                            "integration": "pca",
                            "subset": "B",
                            "resolution": "1"
                        },
                        "pca-B-1_leiden.h5ad:md5,d41d8cd98f00b204e9800998ecf8427e"
                    ],
                    [
                        {
                            "id": "pca-global-0.5",
                            "integration": "pca",
                            "subset": "global",
                            "resolution": "0.5"
                        },
                        "pca-global-0.5_leiden.h5ad:md5,d41d8cd98f00b204e9800998ecf8427e"
                    ],
                    [
                        {
                            "id": "pca-global-1",
                            "integration": "pca",
                            "subset": "global",
                            "resolution": "1"
                        },
                        "pca-global-1_leiden.h5ad:md5,d41d8cd98f00b204e9800998ecf8427e"
                    ]
                ],
                "h5ad_neighbors": [
                    [
                        {
                            "id": "pca-A",
                            "integration": "pca",
                            "subset": "A"
                        },
                        "pca-A_neighbors.h5ad:md5,d41d8cd98f00b204e9800998ecf8427e"
                    ],
                    [
                        {
                            "id": "pca-B",
                            "integration": "pca",
                            "subset": "B"
                        },
                        "pca-B_neighbors.h5ad:md5,d41d8cd98f00b204e9800998ecf8427e"
                    ],
                    [
                        {
                            "id": "pca-global",
                            "integration": "pca",
                            "subset": "global"
                        },
                        "pca-global_neighbors.h5ad:md5,d41d8cd98f00b204e9800998ecf8427e"
                    ]
                ],
                "multiqc_files": [
                    "pca-A-0.5_entropy_mqc.json:md5,d41d8cd98f00b204e9800998ecf8427e",
                    "pca-A-0.5_leiden_mqc.json:md5,d41d8cd98f00b204e9800998ecf8427e",
                    "pca-A-1_entropy_mqc.json:md5,d41d8cd98f00b204e9800998ecf8427e",
                    "pca-A-1_leiden_mqc.json:md5,d41d8cd98f00b204e9800998ecf8427e",
                    "pca-B-0.5_entropy_mqc.json:md5,d41d8cd98f00b204e9800998ecf8427e",
                    "pca-B-0.5_leiden_mqc.json:md5,d41d8cd98f00b204e9800998ecf8427e",
                    "pca-B-1_entropy_mqc.json:md5,d41d8cd98f00b204e9800998ecf8427e",
                    "pca-B-1_leiden_mqc.json:md5,d41d8cd98f00b204e9800998ecf8427e",
                    "pca-global-0.5_entropy_mqc.json:md5,d41d8cd98f00b204e9800998ecf8427e",
                    "pca-global-0.5_leiden_mqc.json:md5,d41d8cd98f00b204e9800998ecf8427e",
                    "pca-global-1_entropy_mqc.json:md5,d41d8cd98f00b204e9800998ecf8427e",
                    "pca-global-1_leiden_mqc.json:md5,d41d8cd98f00b204e9800998ecf8427e"
                ],
                "obs": [
                    "pca-A-0.5_entropy.pkl:md5,d41d8cd98f00b204e9800998ecf8427e",
                    "pca-A-0.5_leiden.pkl:md5,d41d8cd98f00b204e9800998ecf8427e",
                    "pca-A-1_entropy.pkl:md5,d41d8cd98f00b204e9800998ecf8427e",
                    "pca-A-1_leiden.pkl:md5,d41d8cd98f00b204e9800998ecf8427e",
                    "pca-B-0.5_entropy.pkl:md5,d41d8cd98f00b204e9800998ecf8427e",
                    "pca-B-0.5_leiden.pkl:md5,d41d8cd98f00b204e9800998ecf8427e",
                    "pca-B-1_entropy.pkl:md5,d41d8cd98f00b204e9800998ecf8427e",
                    "pca-B-1_leiden.pkl:md5,d41d8cd98f00b204e9800998ecf8427e",
                    "pca-global-0.5_entropy.pkl:md5,d41d8cd98f00b204e9800998ecf8427e",
                    "pca-global-0.5_leiden.pkl:md5,d41d8cd98f00b204e9800998ecf8427e",
                    "pca-global-1_entropy.pkl:md5,d41d8cd98f00b204e9800998ecf8427e",
                    "pca-global-1_leiden.pkl:md5,d41d8cd98f00b204e9800998ecf8427e"
                ],
                "obsm": [
                    "X_pca-A_umap.pkl:md5,d41d8cd98f00b204e9800998ecf8427e",
                    "X_pca-B_umap.pkl:md5,d41d8cd98f00b204e9800998ecf8427e",
                    "X_pca-global_umap.pkl:md5,d41d8cd98f00b204e9800998ecf8427e"
                ],
                "versions": [
                    "versions.yml:md5,d41d8cd98f00b204e9800998ecf8427e",
                    "versions.yml:md5,d41d8cd98f00b204e9800998ecf8427e",
                    "versions.yml:md5,d41d8cd98f00b204e9800998ecf8427e",
                    "versions.yml:md5,d41d8cd98f00b204e9800998ecf8427e",
                    "versions.yml:md5,d41d8cd98f00b204e9800998ecf8427e",
                    "versions.yml:md5,d41d8cd98f00b204e9800998ecf8427e",
                    "versions.yml:md5,d41d8cd98f00b204e9800998ecf8427e",
                    "versions.yml:md5,d41d8cd98f00b204e9800998ecf8427e",
                    "versions.yml:md5,d41d8cd98f00b204e9800998ecf8427e",
                    "versions.yml:md5,d41d8cd98f00b204e9800998ecf8427e",
                    "versions.yml:md5,d41d8cd98f00b204e9800998ecf8427e",
                    "versions.yml:md5,d41d8cd98f00b204e9800998ecf8427e",
                    "versions.yml:md5,d41d8cd98f00b204e9800998ecf8427e",
                    "versions.yml:md5,d41d8cd98f00b204e9800998ecf8427e",
                    "versions.yml:md5,d41d8cd98f00b204e9800998ecf8427e",
                    "versions.yml:md5,d41d8cd98f00b204e9800998ecf8427e",
                    "versions.yml:md5,d41d8cd98f00b204e9800998ecf8427e",
                    "versions.yml:md5,d41d8cd98f00b204e9800998ecf8427e",
                    "versions.yml:md5,d41d8cd98f00b204e9800998ecf8427e"
                ]
            }
        ],
        "meta": {
            "nf-test": "0.9.0",
            "nextflow": "25.04.2"
        },
        "timestamp": "2025-06-03T08:42:18.041010001"
    },
    "Should run without failures - per-label": {
        "content": [
            {
                "0": [
                    "pca-SRR28679756-0.5_entropy.pkl:md5,55c6b3186fc00c7a5fd1ced46b838ed0",
                    "pca-SRR28679756-0.5_leiden.pkl:md5,aaf6664a245daf07940165f9aff03222",
                    "pca-SRR28679756-1_entropy.pkl:md5,9e244da3a054956b9c233bf5511d8bed",
                    "pca-SRR28679756-1_leiden.pkl:md5,d197a6e094d36fb2da78b3d208c9e01a",
                    "pca-SRR28679757-0.5_entropy.pkl:md5,96aef03a506908e8ebfb13f7710c4914",
                    "pca-SRR28679757-0.5_leiden.pkl:md5,219ee579949d1f7a5a4e5be785da9c8f",
                    "pca-SRR28679757-1_entropy.pkl:md5,594b0d4dbf8d6d31645867330d5e8836",
                    "pca-SRR28679757-1_leiden.pkl:md5,313aace6918a88b878d8be9b7bd454f2",
                    "pca-SRR28679758-0.5_entropy.pkl:md5,6db5031d13e3805376136080fe6ed01f",
                    "pca-SRR28679758-0.5_leiden.pkl:md5,bd1b75aad9d740155cfe09f12f552c85",
                    "pca-SRR28679758-1_entropy.pkl:md5,7f51d0b495f0d8f040b50ea6279bb3d2",
                    "pca-SRR28679758-1_leiden.pkl:md5,85373289794fc6299ecd1f9091f5132d"
                ],
                "1": [
                    "X_pca-SRR28679756_umap.pkl:md5,c18dd0eb7adbb0536a84cb9e3961f2e6",
                    "X_pca-SRR28679757_umap.pkl:md5,ce27fb14305cece6b1deaa38c7f4b115",
                    "X_pca-SRR28679758_umap.pkl:md5,f6b2131fc19d4e2d3e70a43df9e0139b"
                ],
                "2": [
                    [
                        {
                            "id": "pca-SRR28679756",
                            "integration": "pca",
                            "subset": "SRR28679756"
                        },
                        "pca-SRR28679756_neighbors.h5ad:md5,b18fdef8e98aa25a8cdc1584de75fda9"
                    ],
                    [
                        {
                            "id": "pca-SRR28679757",
                            "integration": "pca",
                            "subset": "SRR28679757"
                        },
                        "pca-SRR28679757_neighbors.h5ad:md5,082d18c2f2af698d11877ead9a4123b6"
                    ],
                    [
                        {
                            "id": "pca-SRR28679758",
                            "integration": "pca",
                            "subset": "SRR28679758"
                        },
                        "pca-SRR28679758_neighbors.h5ad:md5,c42354824680191bf467e291f1f6e133"
                    ]
                ],
                "3": [
                    [
                        {
                            "id": "pca-SRR28679756-0.5",
                            "integration": "pca",
                            "subset": "SRR28679756",
                            "resolution": "0.5"
                        },
                        "pca-SRR28679756-0.5_leiden.h5ad:md5,c84bc1f8a827b48e1069a975dbbae8c9"
                    ],
                    [
                        {
                            "id": "pca-SRR28679756-1",
                            "integration": "pca",
                            "subset": "SRR28679756",
                            "resolution": "1"
                        },
                        "pca-SRR28679756-1_leiden.h5ad:md5,0c1e622bb126536ccdb0f10e626d0dca"
                    ],
                    [
                        {
                            "id": "pca-SRR28679757-0.5",
                            "integration": "pca",
                            "subset": "SRR28679757",
                            "resolution": "0.5"
                        },
                        "pca-SRR28679757-0.5_leiden.h5ad:md5,3c5071e68f79f412c0fc33a9a83a7df6"
                    ],
                    [
                        {
                            "id": "pca-SRR28679757-1",
                            "integration": "pca",
                            "subset": "SRR28679757",
                            "resolution": "1"
                        },
                        "pca-SRR28679757-1_leiden.h5ad:md5,6a3c44d44942dcdbe775f8f8af1d6a32"
                    ],
                    [
                        {
                            "id": "pca-SRR28679758-0.5",
                            "integration": "pca",
                            "subset": "SRR28679758",
                            "resolution": "0.5"
                        },
                        "pca-SRR28679758-0.5_leiden.h5ad:md5,6339646cdaca4d655d288dc999c8d8ff"
                    ],
                    [
                        {
                            "id": "pca-SRR28679758-1",
                            "integration": "pca",
                            "subset": "SRR28679758",
                            "resolution": "1"
                        },
                        "pca-SRR28679758-1_leiden.h5ad:md5,bf4b52375c7f7af7a0f6da5b5ec1c4a1"
                    ]
                ],
                "4": [
                    "pca-SRR28679756-0.5_entropy_mqc.json:md5,cd198e78d2f0680a2858348a2c41dd1e",
                    "pca-SRR28679756-0.5_leiden_mqc.json:md5,42970e91e6e09dbd1acfb9bdb94929e3",
                    "pca-SRR28679756-1_entropy_mqc.json:md5,f64d55c31d446f08a307746342c50cf5",
                    "pca-SRR28679756-1_leiden_mqc.json:md5,c92b1ab6ac21e28894e814db91d32ebb",
                    "pca-SRR28679757-0.5_entropy_mqc.json:md5,7abf6399423e8ec72cefde07d46a3706",
                    "pca-SRR28679757-0.5_leiden_mqc.json:md5,6dd3ea06b105e692c367e126923470f7",
                    "pca-SRR28679757-1_entropy_mqc.json:md5,e8809a8793c1d884985d9ca3b9e7021c",
                    "pca-SRR28679757-1_leiden_mqc.json:md5,c19058b244ff23adddfebd896dc3f5af",
                    "pca-SRR28679758-0.5_entropy_mqc.json:md5,0e0f53cd2c0e47a3837e32182a846418",
                    "pca-SRR28679758-0.5_leiden_mqc.json:md5,b773e9ee416c76f4b02f20b8fe002d96",
                    "pca-SRR28679758-1_entropy_mqc.json:md5,e56f429eb4362280f4d1e40f45cc5a65",
                    "pca-SRR28679758-1_leiden_mqc.json:md5,79445dafc5696a041a944c44d6236e2e"
                ],
                "5": [
                    "versions.yml:md5,6a842ca07b6aa3c3d241aeb4f14e78ef",
                    "versions.yml:md5,6a842ca07b6aa3c3d241aeb4f14e78ef",
                    "versions.yml:md5,6a842ca07b6aa3c3d241aeb4f14e78ef",
                    "versions.yml:md5,71308492f6b0774e6c3236e7a9537663",
                    "versions.yml:md5,71308492f6b0774e6c3236e7a9537663",
                    "versions.yml:md5,71308492f6b0774e6c3236e7a9537663",
                    "versions.yml:md5,71308492f6b0774e6c3236e7a9537663",
                    "versions.yml:md5,71308492f6b0774e6c3236e7a9537663",
                    "versions.yml:md5,71308492f6b0774e6c3236e7a9537663",
                    "versions.yml:md5,7a41b3efa8ff7c6b3f4d554e8a96bfd8",
                    "versions.yml:md5,7a41b3efa8ff7c6b3f4d554e8a96bfd8",
                    "versions.yml:md5,7a41b3efa8ff7c6b3f4d554e8a96bfd8",
                    "versions.yml:md5,7a41b3efa8ff7c6b3f4d554e8a96bfd8",
                    "versions.yml:md5,7a41b3efa8ff7c6b3f4d554e8a96bfd8",
                    "versions.yml:md5,7a41b3efa8ff7c6b3f4d554e8a96bfd8",
                    "versions.yml:md5,9ddeac82619f47bf04dd5b85733bb467",
                    "versions.yml:md5,fef5bde4d5e63f2d266d8b0d2d158a0d",
                    "versions.yml:md5,fef5bde4d5e63f2d266d8b0d2d158a0d",
                    "versions.yml:md5,fef5bde4d5e63f2d266d8b0d2d158a0d"
                ],
                "h5ad_clustering": [
                    [
                        {
                            "id": "pca-SRR28679756-0.5",
                            "integration": "pca",
                            "subset": "SRR28679756",
                            "resolution": "0.5"
                        },
                        "pca-SRR28679756-0.5_leiden.h5ad:md5,c84bc1f8a827b48e1069a975dbbae8c9"
                    ],
                    [
                        {
                            "id": "pca-SRR28679756-1",
                            "integration": "pca",
                            "subset": "SRR28679756",
                            "resolution": "1"
                        },
                        "pca-SRR28679756-1_leiden.h5ad:md5,0c1e622bb126536ccdb0f10e626d0dca"
                    ],
                    [
                        {
                            "id": "pca-SRR28679757-0.5",
                            "integration": "pca",
                            "subset": "SRR28679757",
                            "resolution": "0.5"
                        },
                        "pca-SRR28679757-0.5_leiden.h5ad:md5,3c5071e68f79f412c0fc33a9a83a7df6"
                    ],
                    [
                        {
                            "id": "pca-SRR28679757-1",
                            "integration": "pca",
                            "subset": "SRR28679757",
                            "resolution": "1"
                        },
                        "pca-SRR28679757-1_leiden.h5ad:md5,6a3c44d44942dcdbe775f8f8af1d6a32"
                    ],
                    [
                        {
                            "id": "pca-SRR28679758-0.5",
                            "integration": "pca",
                            "subset": "SRR28679758",
                            "resolution": "0.5"
                        },
                        "pca-SRR28679758-0.5_leiden.h5ad:md5,6339646cdaca4d655d288dc999c8d8ff"
                    ],
                    [
                        {
                            "id": "pca-SRR28679758-1",
                            "integration": "pca",
                            "subset": "SRR28679758",
                            "resolution": "1"
                        },
                        "pca-SRR28679758-1_leiden.h5ad:md5,bf4b52375c7f7af7a0f6da5b5ec1c4a1"
                    ]
                ],
                "h5ad_neighbors": [
                    [
                        {
                            "id": "pca-SRR28679756",
                            "integration": "pca",
                            "subset": "SRR28679756"
                        },
                        "pca-SRR28679756_neighbors.h5ad:md5,b18fdef8e98aa25a8cdc1584de75fda9"
                    ],
                    [
                        {
                            "id": "pca-SRR28679757",
                            "integration": "pca",
                            "subset": "SRR28679757"
                        },
                        "pca-SRR28679757_neighbors.h5ad:md5,082d18c2f2af698d11877ead9a4123b6"
                    ],
                    [
                        {
                            "id": "pca-SRR28679758",
                            "integration": "pca",
                            "subset": "SRR28679758"
                        },
                        "pca-SRR28679758_neighbors.h5ad:md5,c42354824680191bf467e291f1f6e133"
                    ]
                ],
                "multiqc_files": [
                    "pca-SRR28679756-0.5_entropy_mqc.json:md5,cd198e78d2f0680a2858348a2c41dd1e",
                    "pca-SRR28679756-0.5_leiden_mqc.json:md5,42970e91e6e09dbd1acfb9bdb94929e3",
                    "pca-SRR28679756-1_entropy_mqc.json:md5,f64d55c31d446f08a307746342c50cf5",
                    "pca-SRR28679756-1_leiden_mqc.json:md5,c92b1ab6ac21e28894e814db91d32ebb",
                    "pca-SRR28679757-0.5_entropy_mqc.json:md5,7abf6399423e8ec72cefde07d46a3706",
                    "pca-SRR28679757-0.5_leiden_mqc.json:md5,6dd3ea06b105e692c367e126923470f7",
                    "pca-SRR28679757-1_entropy_mqc.json:md5,e8809a8793c1d884985d9ca3b9e7021c",
                    "pca-SRR28679757-1_leiden_mqc.json:md5,c19058b244ff23adddfebd896dc3f5af",
                    "pca-SRR28679758-0.5_entropy_mqc.json:md5,0e0f53cd2c0e47a3837e32182a846418",
                    "pca-SRR28679758-0.5_leiden_mqc.json:md5,b773e9ee416c76f4b02f20b8fe002d96",
                    "pca-SRR28679758-1_entropy_mqc.json:md5,e56f429eb4362280f4d1e40f45cc5a65",
                    "pca-SRR28679758-1_leiden_mqc.json:md5,79445dafc5696a041a944c44d6236e2e"
                ],
                "obs": [
                    "pca-SRR28679756-0.5_entropy.pkl:md5,55c6b3186fc00c7a5fd1ced46b838ed0",
                    "pca-SRR28679756-0.5_leiden.pkl:md5,aaf6664a245daf07940165f9aff03222",
                    "pca-SRR28679756-1_entropy.pkl:md5,9e244da3a054956b9c233bf5511d8bed",
                    "pca-SRR28679756-1_leiden.pkl:md5,d197a6e094d36fb2da78b3d208c9e01a",
                    "pca-SRR28679757-0.5_entropy.pkl:md5,96aef03a506908e8ebfb13f7710c4914",
                    "pca-SRR28679757-0.5_leiden.pkl:md5,219ee579949d1f7a5a4e5be785da9c8f",
                    "pca-SRR28679757-1_entropy.pkl:md5,594b0d4dbf8d6d31645867330d5e8836",
                    "pca-SRR28679757-1_leiden.pkl:md5,313aace6918a88b878d8be9b7bd454f2",
                    "pca-SRR28679758-0.5_entropy.pkl:md5,6db5031d13e3805376136080fe6ed01f",
                    "pca-SRR28679758-0.5_leiden.pkl:md5,bd1b75aad9d740155cfe09f12f552c85",
                    "pca-SRR28679758-1_entropy.pkl:md5,7f51d0b495f0d8f040b50ea6279bb3d2",
                    "pca-SRR28679758-1_leiden.pkl:md5,85373289794fc6299ecd1f9091f5132d"
                ],
                "obsm": [
                    "X_pca-SRR28679756_umap.pkl:md5,c18dd0eb7adbb0536a84cb9e3961f2e6",
                    "X_pca-SRR28679757_umap.pkl:md5,ce27fb14305cece6b1deaa38c7f4b115",
                    "X_pca-SRR28679758_umap.pkl:md5,f6b2131fc19d4e2d3e70a43df9e0139b"
                ],
                "versions": [
                    "versions.yml:md5,6a842ca07b6aa3c3d241aeb4f14e78ef",
                    "versions.yml:md5,6a842ca07b6aa3c3d241aeb4f14e78ef",
                    "versions.yml:md5,6a842ca07b6aa3c3d241aeb4f14e78ef",
                    "versions.yml:md5,71308492f6b0774e6c3236e7a9537663",
                    "versions.yml:md5,71308492f6b0774e6c3236e7a9537663",
                    "versions.yml:md5,71308492f6b0774e6c3236e7a9537663",
                    "versions.yml:md5,71308492f6b0774e6c3236e7a9537663",
                    "versions.yml:md5,71308492f6b0774e6c3236e7a9537663",
                    "versions.yml:md5,71308492f6b0774e6c3236e7a9537663",
                    "versions.yml:md5,7a41b3efa8ff7c6b3f4d554e8a96bfd8",
                    "versions.yml:md5,7a41b3efa8ff7c6b3f4d554e8a96bfd8",
                    "versions.yml:md5,7a41b3efa8ff7c6b3f4d554e8a96bfd8",
                    "versions.yml:md5,7a41b3efa8ff7c6b3f4d554e8a96bfd8",
                    "versions.yml:md5,7a41b3efa8ff7c6b3f4d554e8a96bfd8",
                    "versions.yml:md5,7a41b3efa8ff7c6b3f4d554e8a96bfd8",
                    "versions.yml:md5,9ddeac82619f47bf04dd5b85733bb467",
                    "versions.yml:md5,fef5bde4d5e63f2d266d8b0d2d158a0d",
                    "versions.yml:md5,fef5bde4d5e63f2d266d8b0d2d158a0d",
                    "versions.yml:md5,fef5bde4d5e63f2d266d8b0d2d158a0d"
                ]
            }
        ],
        "meta": {
            "nf-test": "0.9.2",
            "nextflow": "25.10.4"
        },
        "timestamp": "2026-03-16T20:47:11.608810141"
    },
    "Should run without failures - both": {
        "content": [
            {
                "0": [
                    "pca-SRR28679756-0.5_entropy.pkl:md5,55c6b3186fc00c7a5fd1ced46b838ed0",
                    "pca-SRR28679756-0.5_leiden.pkl:md5,aaf6664a245daf07940165f9aff03222",
                    "pca-SRR28679756-1_entropy.pkl:md5,9e244da3a054956b9c233bf5511d8bed",
                    "pca-SRR28679756-1_leiden.pkl:md5,d197a6e094d36fb2da78b3d208c9e01a",
                    "pca-SRR28679757-0.5_entropy.pkl:md5,96aef03a506908e8ebfb13f7710c4914",
                    "pca-SRR28679757-0.5_leiden.pkl:md5,219ee579949d1f7a5a4e5be785da9c8f",
                    "pca-SRR28679757-1_entropy.pkl:md5,594b0d4dbf8d6d31645867330d5e8836",
                    "pca-SRR28679757-1_leiden.pkl:md5,313aace6918a88b878d8be9b7bd454f2",
                    "pca-SRR28679758-0.5_entropy.pkl:md5,6db5031d13e3805376136080fe6ed01f",
                    "pca-SRR28679758-0.5_leiden.pkl:md5,bd1b75aad9d740155cfe09f12f552c85",
                    "pca-SRR28679758-1_entropy.pkl:md5,7f51d0b495f0d8f040b50ea6279bb3d2",
                    "pca-SRR28679758-1_leiden.pkl:md5,85373289794fc6299ecd1f9091f5132d",
                    "pca-global-0.5_entropy.pkl:md5,fb9b6d5568f4f0cf0cd36e66e73d4d86",
                    "pca-global-0.5_leiden.pkl:md5,1b37eb021ee407366c29bad95ada178c",
                    "pca-global-1_entropy.pkl:md5,52af4754db4ca7b8b3ae2bb128c71743",
                    "pca-global-1_leiden.pkl:md5,d3f745a3c3b9805a64b476a9c42e5c0d"
                ],
                "1": [
                    "X_pca-SRR28679756_umap.pkl:md5,c18dd0eb7adbb0536a84cb9e3961f2e6",
                    "X_pca-SRR28679757_umap.pkl:md5,ce27fb14305cece6b1deaa38c7f4b115",
                    "X_pca-SRR28679758_umap.pkl:md5,f6b2131fc19d4e2d3e70a43df9e0139b",
                    "X_pca-global_umap.pkl:md5,93788baff05cdb8368271dab29485f20"
                ],
                "2": [
                    [
                        {
                            "id": "pca-SRR28679756",
                            "integration": "pca",
                            "subset": "SRR28679756"
                        },
                        "pca-SRR28679756_neighbors.h5ad:md5,b18fdef8e98aa25a8cdc1584de75fda9"
                    ],
                    [
                        {
                            "id": "pca-SRR28679757",
                            "integration": "pca",
                            "subset": "SRR28679757"
                        },
                        "pca-SRR28679757_neighbors.h5ad:md5,082d18c2f2af698d11877ead9a4123b6"
                    ],
                    [
                        {
                            "id": "pca-SRR28679758",
                            "integration": "pca",
                            "subset": "SRR28679758"
                        },
                        "pca-SRR28679758_neighbors.h5ad:md5,c42354824680191bf467e291f1f6e133"
                    ],
                    [
                        {
                            "id": "pca-global",
                            "integration": "pca",
                            "subset": "global"
                        },
                        "pca-global_neighbors.h5ad:md5,d4306ac2ed919eba3ea3279c76438523"
                    ]
                ],
                "3": [
                    [
                        {
                            "id": "pca-SRR28679756-0.5",
                            "integration": "pca",
                            "subset": "SRR28679756",
                            "resolution": "0.5"
                        },
                        "pca-SRR28679756-0.5_leiden.h5ad:md5,c84bc1f8a827b48e1069a975dbbae8c9"
                    ],
                    [
                        {
                            "id": "pca-SRR28679756-1",
                            "integration": "pca",
                            "subset": "SRR28679756",
                            "resolution": "1"
                        },
                        "pca-SRR28679756-1_leiden.h5ad:md5,0c1e622bb126536ccdb0f10e626d0dca"
                    ],
                    [
                        {
                            "id": "pca-SRR28679757-0.5",
                            "integration": "pca",
                            "subset": "SRR28679757",
                            "resolution": "0.5"
                        },
                        "pca-SRR28679757-0.5_leiden.h5ad:md5,3c5071e68f79f412c0fc33a9a83a7df6"
                    ],
                    [
                        {
                            "id": "pca-SRR28679757-1",
                            "integration": "pca",
                            "subset": "SRR28679757",
                            "resolution": "1"
                        },
                        "pca-SRR28679757-1_leiden.h5ad:md5,6a3c44d44942dcdbe775f8f8af1d6a32"
                    ],
                    [
                        {
                            "id": "pca-SRR28679758-0.5",
                            "integration": "pca",
                            "subset": "SRR28679758",
                            "resolution": "0.5"
                        },
                        "pca-SRR28679758-0.5_leiden.h5ad:md5,6339646cdaca4d655d288dc999c8d8ff"
                    ],
                    [
                        {
                            "id": "pca-SRR28679758-1",
                            "integration": "pca",
                            "subset": "SRR28679758",
                            "resolution": "1"
                        },
                        "pca-SRR28679758-1_leiden.h5ad:md5,bf4b52375c7f7af7a0f6da5b5ec1c4a1"
                    ],
                    [
                        {
                            "id": "pca-global-0.5",
                            "integration": "pca",
                            "subset": "global",
                            "resolution": "0.5"
                        },
                        "pca-global-0.5_leiden.h5ad:md5,eeda00c0b04f8de80d4f744a26248b51"
                    ],
                    [
                        {
                            "id": "pca-global-1",
                            "integration": "pca",
                            "subset": "global",
                            "resolution": "1"
                        },
                        "pca-global-1_leiden.h5ad:md5,fe972e07a2d2321c91c70f27ca406fb0"
                    ]
                ],
                "4": [
                    "pca-SRR28679756-0.5_entropy_mqc.json:md5,cd198e78d2f0680a2858348a2c41dd1e",
                    "pca-SRR28679756-0.5_leiden_mqc.json:md5,42970e91e6e09dbd1acfb9bdb94929e3",
                    "pca-SRR28679756-1_entropy_mqc.json:md5,f64d55c31d446f08a307746342c50cf5",
                    "pca-SRR28679756-1_leiden_mqc.json:md5,c92b1ab6ac21e28894e814db91d32ebb",
                    "pca-SRR28679757-0.5_entropy_mqc.json:md5,7abf6399423e8ec72cefde07d46a3706",
                    "pca-SRR28679757-0.5_leiden_mqc.json:md5,6dd3ea06b105e692c367e126923470f7",
                    "pca-SRR28679757-1_entropy_mqc.json:md5,e8809a8793c1d884985d9ca3b9e7021c",
                    "pca-SRR28679757-1_leiden_mqc.json:md5,c19058b244ff23adddfebd896dc3f5af",
                    "pca-SRR28679758-0.5_entropy_mqc.json:md5,0e0f53cd2c0e47a3837e32182a846418",
                    "pca-SRR28679758-0.5_leiden_mqc.json:md5,b773e9ee416c76f4b02f20b8fe002d96",
                    "pca-SRR28679758-1_entropy_mqc.json:md5,e56f429eb4362280f4d1e40f45cc5a65",
                    "pca-SRR28679758-1_leiden_mqc.json:md5,79445dafc5696a041a944c44d6236e2e",
                    "pca-global-0.5_entropy_mqc.json:md5,f91a13d387f9caec35d54a41605a902c",
                    "pca-global-0.5_leiden_mqc.json:md5,b208816ea02611aae96356efab092daf",
                    "pca-global-1_entropy_mqc.json:md5,bcdf01e1c522feac868553306b43215b",
                    "pca-global-1_leiden_mqc.json:md5,911db58904fe18de072f5e97d960b50e"
                ],
                "5": [
                    "versions.yml:md5,6a842ca07b6aa3c3d241aeb4f14e78ef",
                    "versions.yml:md5,6a842ca07b6aa3c3d241aeb4f14e78ef",
                    "versions.yml:md5,6a842ca07b6aa3c3d241aeb4f14e78ef",
                    "versions.yml:md5,6a842ca07b6aa3c3d241aeb4f14e78ef",
                    "versions.yml:md5,71308492f6b0774e6c3236e7a9537663",
                    "versions.yml:md5,71308492f6b0774e6c3236e7a9537663",
                    "versions.yml:md5,71308492f6b0774e6c3236e7a9537663",
                    "versions.yml:md5,71308492f6b0774e6c3236e7a9537663",
                    "versions.yml:md5,71308492f6b0774e6c3236e7a9537663",
                    "versions.yml:md5,71308492f6b0774e6c3236e7a9537663",
                    "versions.yml:md5,71308492f6b0774e6c3236e7a9537663",
                    "versions.yml:md5,71308492f6b0774e6c3236e7a9537663",
                    "versions.yml:md5,7a41b3efa8ff7c6b3f4d554e8a96bfd8",
                    "versions.yml:md5,7a41b3efa8ff7c6b3f4d554e8a96bfd8",
                    "versions.yml:md5,7a41b3efa8ff7c6b3f4d554e8a96bfd8",
                    "versions.yml:md5,7a41b3efa8ff7c6b3f4d554e8a96bfd8",
                    "versions.yml:md5,7a41b3efa8ff7c6b3f4d554e8a96bfd8",
                    "versions.yml:md5,7a41b3efa8ff7c6b3f4d554e8a96bfd8",
                    "versions.yml:md5,7a41b3efa8ff7c6b3f4d554e8a96bfd8",
                    "versions.yml:md5,7a41b3efa8ff7c6b3f4d554e8a96bfd8",
                    "versions.yml:md5,9ddeac82619f47bf04dd5b85733bb467",
                    "versions.yml:md5,fef5bde4d5e63f2d266d8b0d2d158a0d",
                    "versions.yml:md5,fef5bde4d5e63f2d266d8b0d2d158a0d",
                    "versions.yml:md5,fef5bde4d5e63f2d266d8b0d2d158a0d",
                    "versions.yml:md5,fef5bde4d5e63f2d266d8b0d2d158a0d"
                ],
                "h5ad_clustering": [
                    [
                        {
                            "id": "pca-SRR28679756-0.5",
                            "integration": "pca",
                            "subset": "SRR28679756",
                            "resolution": "0.5"
                        },
                        "pca-SRR28679756-0.5_leiden.h5ad:md5,c84bc1f8a827b48e1069a975dbbae8c9"
                    ],
                    [
                        {
                            "id": "pca-SRR28679756-1",
                            "integration": "pca",
                            "subset": "SRR28679756",
                            "resolution": "1"
                        },
                        "pca-SRR28679756-1_leiden.h5ad:md5,0c1e622bb126536ccdb0f10e626d0dca"
                    ],
                    [
                        {
                            "id": "pca-SRR28679757-0.5",
                            "integration": "pca",
                            "subset": "SRR28679757",
                            "resolution": "0.5"
                        },
                        "pca-SRR28679757-0.5_leiden.h5ad:md5,3c5071e68f79f412c0fc33a9a83a7df6"
                    ],
                    [
                        {
                            "id": "pca-SRR28679757-1",
                            "integration": "pca",
                            "subset": "SRR28679757",
                            "resolution": "1"
                        },
                        "pca-SRR28679757-1_leiden.h5ad:md5,6a3c44d44942dcdbe775f8f8af1d6a32"
                    ],
                    [
                        {
                            "id": "pca-SRR28679758-0.5",
                            "integration": "pca",
                            "subset": "SRR28679758",
                            "resolution": "0.5"
                        },
                        "pca-SRR28679758-0.5_leiden.h5ad:md5,6339646cdaca4d655d288dc999c8d8ff"
                    ],
                    [
                        {
                            "id": "pca-SRR28679758-1",
                            "integration": "pca",
                            "subset": "SRR28679758",
                            "resolution": "1"
                        },
                        "pca-SRR28679758-1_leiden.h5ad:md5,bf4b52375c7f7af7a0f6da5b5ec1c4a1"
                    ],
                    [
                        {
                            "id": "pca-global-0.5",
                            "integration": "pca",
                            "subset": "global",
                            "resolution": "0.5"
                        },
                        "pca-global-0.5_leiden.h5ad:md5,eeda00c0b04f8de80d4f744a26248b51"
                    ],
                    [
                        {
                            "id": "pca-global-1",
                            "integration": "pca",
                            "subset": "global",
                            "resolution": "1"
                        },
                        "pca-global-1_leiden.h5ad:md5,fe972e07a2d2321c91c70f27ca406fb0"
                    ]
                ],
                "h5ad_neighbors": [
                    [
                        {
                            "id": "pca-SRR28679756",
                            "integration": "pca",
                            "subset": "SRR28679756"
                        },
                        "pca-SRR28679756_neighbors.h5ad:md5,b18fdef8e98aa25a8cdc1584de75fda9"
                    ],
                    [
                        {
                            "id": "pca-SRR28679757",
                            "integration": "pca",
                            "subset": "SRR28679757"
                        },
                        "pca-SRR28679757_neighbors.h5ad:md5,082d18c2f2af698d11877ead9a4123b6"
                    ],
                    [
                        {
                            "id": "pca-SRR28679758",
                            "integration": "pca",
                            "subset": "SRR28679758"
                        },
                        "pca-SRR28679758_neighbors.h5ad:md5,c42354824680191bf467e291f1f6e133"
                    ],
                    [
                        {
                            "id": "pca-global",
                            "integration": "pca",
                            "subset": "global"
                        },
                        "pca-global_neighbors.h5ad:md5,d4306ac2ed919eba3ea3279c76438523"
                    ]
                ],
                "multiqc_files": [
                    "pca-SRR28679756-0.5_entropy_mqc.json:md5,cd198e78d2f0680a2858348a2c41dd1e",
                    "pca-SRR28679756-0.5_leiden_mqc.json:md5,42970e91e6e09dbd1acfb9bdb94929e3",
                    "pca-SRR28679756-1_entropy_mqc.json:md5,f64d55c31d446f08a307746342c50cf5",
                    "pca-SRR28679756-1_leiden_mqc.json:md5,c92b1ab6ac21e28894e814db91d32ebb",
                    "pca-SRR28679757-0.5_entropy_mqc.json:md5,7abf6399423e8ec72cefde07d46a3706",
                    "pca-SRR28679757-0.5_leiden_mqc.json:md5,6dd3ea06b105e692c367e126923470f7",
                    "pca-SRR28679757-1_entropy_mqc.json:md5,e8809a8793c1d884985d9ca3b9e7021c",
                    "pca-SRR28679757-1_leiden_mqc.json:md5,c19058b244ff23adddfebd896dc3f5af",
                    "pca-SRR28679758-0.5_entropy_mqc.json:md5,0e0f53cd2c0e47a3837e32182a846418",
                    "pca-SRR28679758-0.5_leiden_mqc.json:md5,b773e9ee416c76f4b02f20b8fe002d96",
                    "pca-SRR28679758-1_entropy_mqc.json:md5,e56f429eb4362280f4d1e40f45cc5a65",
                    "pca-SRR28679758-1_leiden_mqc.json:md5,79445dafc5696a041a944c44d6236e2e",
                    "pca-global-0.5_entropy_mqc.json:md5,f91a13d387f9caec35d54a41605a902c",
                    "pca-global-0.5_leiden_mqc.json:md5,b208816ea02611aae96356efab092daf",
                    "pca-global-1_entropy_mqc.json:md5,bcdf01e1c522feac868553306b43215b",
                    "pca-global-1_leiden_mqc.json:md5,911db58904fe18de072f5e97d960b50e"
                ],
                "obs": [
                    "pca-SRR28679756-0.5_entropy.pkl:md5,55c6b3186fc00c7a5fd1ced46b838ed0",
                    "pca-SRR28679756-0.5_leiden.pkl:md5,aaf6664a245daf07940165f9aff03222",
                    "pca-SRR28679756-1_entropy.pkl:md5,9e244da3a054956b9c233bf5511d8bed",
                    "pca-SRR28679756-1_leiden.pkl:md5,d197a6e094d36fb2da78b3d208c9e01a",
                    "pca-SRR28679757-0.5_entropy.pkl:md5,96aef03a506908e8ebfb13f7710c4914",
                    "pca-SRR28679757-0.5_leiden.pkl:md5,219ee579949d1f7a5a4e5be785da9c8f",
                    "pca-SRR28679757-1_entropy.pkl:md5,594b0d4dbf8d6d31645867330d5e8836",
                    "pca-SRR28679757-1_leiden.pkl:md5,313aace6918a88b878d8be9b7bd454f2",
                    "pca-SRR28679758-0.5_entropy.pkl:md5,6db5031d13e3805376136080fe6ed01f",
                    "pca-SRR28679758-0.5_leiden.pkl:md5,bd1b75aad9d740155cfe09f12f552c85",
                    "pca-SRR28679758-1_entropy.pkl:md5,7f51d0b495f0d8f040b50ea6279bb3d2",
                    "pca-SRR28679758-1_leiden.pkl:md5,85373289794fc6299ecd1f9091f5132d",
                    "pca-global-0.5_entropy.pkl:md5,fb9b6d5568f4f0cf0cd36e66e73d4d86",
                    "pca-global-0.5_leiden.pkl:md5,1b37eb021ee407366c29bad95ada178c",
                    "pca-global-1_entropy.pkl:md5,52af4754db4ca7b8b3ae2bb128c71743",
                    "pca-global-1_leiden.pkl:md5,d3f745a3c3b9805a64b476a9c42e5c0d"
                ],
                "obsm": [
                    "X_pca-SRR28679756_umap.pkl:md5,c18dd0eb7adbb0536a84cb9e3961f2e6",
                    "X_pca-SRR28679757_umap.pkl:md5,ce27fb14305cece6b1deaa38c7f4b115",
                    "X_pca-SRR28679758_umap.pkl:md5,f6b2131fc19d4e2d3e70a43df9e0139b",
                    "X_pca-global_umap.pkl:md5,93788baff05cdb8368271dab29485f20"
                ],
                "versions": [
                    "versions.yml:md5,6a842ca07b6aa3c3d241aeb4f14e78ef",
                    "versions.yml:md5,6a842ca07b6aa3c3d241aeb4f14e78ef",
                    "versions.yml:md5,6a842ca07b6aa3c3d241aeb4f14e78ef",
                    "versions.yml:md5,6a842ca07b6aa3c3d241aeb4f14e78ef",
                    "versions.yml:md5,71308492f6b0774e6c3236e7a9537663",
                    "versions.yml:md5,71308492f6b0774e6c3236e7a9537663",
                    "versions.yml:md5,71308492f6b0774e6c3236e7a9537663",
                    "versions.yml:md5,71308492f6b0774e6c3236e7a9537663",
                    "versions.yml:md5,71308492f6b0774e6c3236e7a9537663",
                    "versions.yml:md5,71308492f6b0774e6c3236e7a9537663",
                    "versions.yml:md5,71308492f6b0774e6c3236e7a9537663",
                    "versions.yml:md5,71308492f6b0774e6c3236e7a9537663",
                    "versions.yml:md5,7a41b3efa8ff7c6b3f4d554e8a96bfd8",
                    "versions.yml:md5,7a41b3efa8ff7c6b3f4d554e8a96bfd8",
                    "versions.yml:md5,7a41b3efa8ff7c6b3f4d554e8a96bfd8",
                    "versions.yml:md5,7a41b3efa8ff7c6b3f4d554e8a96bfd8",
                    "versions.yml:md5,7a41b3efa8ff7c6b3f4d554e8a96bfd8",
                    "versions.yml:md5,7a41b3efa8ff7c6b3f4d554e8a96bfd8",
                    "versions.yml:md5,7a41b3efa8ff7c6b3f4d554e8a96bfd8",
                    "versions.yml:md5,7a41b3efa8ff7c6b3f4d554e8a96bfd8",
                    "versions.yml:md5,9ddeac82619f47bf04dd5b85733bb467",
                    "versions.yml:md5,fef5bde4d5e63f2d266d8b0d2d158a0d",
                    "versions.yml:md5,fef5bde4d5e63f2d266d8b0d2d158a0d",
                    "versions.yml:md5,fef5bde4d5e63f2d266d8b0d2d158a0d",
                    "versions.yml:md5,fef5bde4d5e63f2d266d8b0d2d158a0d"
                ]
            }
        ],
        "meta": {
            "nf-test": "0.9.2",
            "nextflow": "25.10.4"
        },
        "timestamp": "2026-03-16T20:49:58.271128001"
    }
}