{
    "Should run without failures - stub": {
        "content": [
            {
                "0": [
                    [
                        {
                            "id": "test"
                        },
                        "test.h5ad:md5,d41d8cd98f00b204e9800998ecf8427e"
                    ]
                ],
                "1": [
                    "test.pkl:md5,d41d8cd98f00b204e9800998ecf8427e"
                ],
                "2": [
                    "test.npy:md5,d41d8cd98f00b204e9800998ecf8427e"
                ],
                "3": [
                    "versions.yml:md5,d41d8cd98f00b204e9800998ecf8427e"
                ],
                "h5ad": [
                    [
                        {
                            "id": "test"
                        },
                        "test.h5ad:md5,d41d8cd98f00b204e9800998ecf8427e"
                    ]
                ],
                "layers": [
                    "test.npy:md5,d41d8cd98f00b204e9800998ecf8427e"
                ],
                "obsm": [
                    "test.pkl:md5,d41d8cd98f00b204e9800998ecf8427e"
                ],
                "versions": [
                    "versions.yml:md5,d41d8cd98f00b204e9800998ecf8427e"
                ]
            }
        ],
        "timestamp": "2025-06-03T07:48:07.847500785",
        "meta": {
            "nf-test": "0.9.0",
            "nextflow": "25.04.2"
        }
    },
    "Should run without failures": {
        "content": [
            {
                "0": [
                    [
                        {
                            "id": "test"
                        },
                        "test.h5ad:md5,7aa13728a4d39b7b4eb8c875aff90d0f"
                    ]
                ],
                "1": [
                    "X_test.pkl:md5,8997a5b3f6b3e7cbfc21f8c1e4dff221"
                ],
                "2": [
                    "test.npy:md5,5f2ff24403d91d7ed811542e97092393"
                ],
                "3": [
                    "versions.yml:md5,9e3850fe91d236b81ba7557c47344e64"
                ],
                "h5ad": [
                    [
                        {
                            "id": "test"
                        },
                        "test.h5ad:md5,7aa13728a4d39b7b4eb8c875aff90d0f"
                    ]
                ],
                "layers": [
                    "test.npy:md5,5f2ff24403d91d7ed811542e97092393"
                ],
                "obsm": [
                    "X_test.pkl:md5,8997a5b3f6b3e7cbfc21f8c1e4dff221"
                ],
                "versions": [
                    "versions.yml:md5,9e3850fe91d236b81ba7557c47344e64"
                ]
            }
        ],
        "timestamp": "2026-03-23T16:42:35.154195",
        "meta": {
            "nf-test": "0.9.5",
            "nextflow": "25.10.4"
        }
    }
}