{
    "Should run without failures - stub": {
        "content": [
            {
                "0": [
                    [
                        {
                            "id": "test"
                        },
                        "test.h5ad:md5,d41d8cd98f00b204e9800998ecf8427e"
                    ]
                ],
                "1": [
                    "test.pkl:md5,d41d8cd98f00b204e9800998ecf8427e"
                ],
                "2": [
                    "test.npy:md5,d41d8cd98f00b204e9800998ecf8427e"
                ],
                "3": [
                    "versions.yml:md5,d41d8cd98f00b204e9800998ecf8427e"
                ],
                "h5ad": [
                    [
                        {
                            "id": "test"
                        },
                        "test.h5ad:md5,d41d8cd98f00b204e9800998ecf8427e"
                    ]
                ],
                "layers": [
                    "test.npy:md5,d41d8cd98f00b204e9800998ecf8427e"
                ],
                "obsm": [
                    "test.pkl:md5,d41d8cd98f00b204e9800998ecf8427e"
                ],
                "versions": [
                    "versions.yml:md5,d41d8cd98f00b204e9800998ecf8427e"
                ]
            }
        ],
        "timestamp": "2025-06-03T07:48:07.847500785",
        "meta": {
            "nf-test": "0.9.0",
            "nextflow": "25.04.2"
        }
    },
    "Should run without failures": {
        "content": [
            {
                "0": [
                    [
                        {
                            "id": "test"
                        },
                        "test.h5ad:md5,d5207a70b52e74b1e06c3a744624a1d4"
                    ]
                ],
                "1": [
                    "X_test.pkl:md5,a4514f01ec3ff2b587036e4b5bfb8c94"
                ],
                "2": [
                    "test.npy:md5,5f2ff24403d91d7ed811542e97092393"
                ],
                "3": [
                    "versions.yml:md5,9e3850fe91d236b81ba7557c47344e64"
                ],
                "h5ad": [
                    [
                        {
                            "id": "test"
                        },
                        "test.h5ad:md5,d5207a70b52e74b1e06c3a744624a1d4"
                    ]
                ],
                "layers": [
                    "test.npy:md5,5f2ff24403d91d7ed811542e97092393"
                ],
                "obsm": [
                    "X_test.pkl:md5,a4514f01ec3ff2b587036e4b5bfb8c94"
                ],
                "versions": [
                    "versions.yml:md5,9e3850fe91d236b81ba7557c47344e64"
                ]
            }
        ],
        "timestamp": "2026-03-22T10:41:30.932202067",
        "meta": {
            "nf-test": "0.9.4",
            "nextflow": "25.10.2"
        }
    }
}