{
    "Should run without failures - stub": {
        "content": [
            {
                "0": [
                    [
                        {
                            "id": "test"
                        },
                        "test.h5ad:md5,d41d8cd98f00b204e9800998ecf8427e"
                    ]
                ],
                "1": [
                    "test.pkl:md5,d41d8cd98f00b204e9800998ecf8427e"
                ],
                "2": [
                    "test.npy:md5,d41d8cd98f00b204e9800998ecf8427e"
                ],
                "3": [
                    "versions.yml:md5,d41d8cd98f00b204e9800998ecf8427e"
                ],
                "h5ad": [
                    [
                        {
                            "id": "test"
                        },
                        "test.h5ad:md5,d41d8cd98f00b204e9800998ecf8427e"
                    ]
                ],
                "layers": [
                    "test.npy:md5,d41d8cd98f00b204e9800998ecf8427e"
                ],
                "obsm": [
                    "test.pkl:md5,d41d8cd98f00b204e9800998ecf8427e"
                ],
                "versions": [
                    "versions.yml:md5,d41d8cd98f00b204e9800998ecf8427e"
                ]
            }
        ],
        "timestamp": "2026-03-25T15:44:57.270966951",
        "meta": {
            "nf-test": "0.9.4",
            "nextflow": "25.10.2"
        }
    },
    "Should run without failures": {
        "content": [
            {
                "SCANPY_COMBAT": {
                    "numpy": "2.3.5",
                    "pandas": "2.3.3",
                    "python": "3.13.12",
                    "scanpy": "1.12"
                }
            },
            "n_obs: 38234\nn_vars: 100\nobs:\n  index: _index\n  columns:\n    - sample\nvar:\n  index: _index\n  columns:\n    - dispersions\n    - dispersions_norm\n    - highly_variable\n    - means\nlayers:\nobsm:\n  - X_emb\n  - X_pca\nvarm:\n  - PCs\nobsp:\nvarp:\nuns:\n  - hvg\n  - log1p\n  - pca\n"
        ],
        "timestamp": "2026-03-25T15:44:41.450577055",
        "meta": {
            "nf-test": "0.9.4",
            "nextflow": "25.10.2"
        }
    }
}