{
    "Should run without failures - harmony - stub": {
        "content": [
            {
                "0": [
                    [
                        {
                            "id": "harmony"
                        },
                        "harmony.h5ad:md5,d41d8cd98f00b204e9800998ecf8427e"
                    ]
                ],
                "1": [
                    
                ],
                "2": [
                    "X_harmony.pkl:md5,d41d8cd98f00b204e9800998ecf8427e"
                ],
                "3": [
                    "versions.yml:md5,d41d8cd98f00b204e9800998ecf8427e",
                    "versions.yml:md5,d41d8cd98f00b204e9800998ecf8427e",
                    "versions.yml:md5,d41d8cd98f00b204e9800998ecf8427e"
                ],
                "integrations": [
                    [
                        {
                            "id": "harmony"
                        },
                        "harmony.h5ad:md5,d41d8cd98f00b204e9800998ecf8427e"
                    ]
                ],
                "obs": [
                    
                ],
                "obsm": [
                    "X_harmony.pkl:md5,d41d8cd98f00b204e9800998ecf8427e"
                ],
                "var": [
                    
                ],
                "versions": [
                    "versions.yml:md5,d41d8cd98f00b204e9800998ecf8427e",
                    "versions.yml:md5,d41d8cd98f00b204e9800998ecf8427e",
                    "versions.yml:md5,d41d8cd98f00b204e9800998ecf8427e"
                ]
            }
        ],
        "timestamp": "2026-03-25T15:45:28.18158151",
        "meta": {
            "nf-test": "0.9.4",
            "nextflow": "25.10.2"
        }
    },
    "Should run without failures - bbknn - stub": {
        "content": [
            {
                "0": [
                    [
                        {
                            "id": "bbknn"
                        },
                        "bbknn.h5ad:md5,d41d8cd98f00b204e9800998ecf8427e"
                    ]
                ],
                "1": [
                    
                ],
                "2": [
                    
                ],
                "3": [
                    
                ],
                "4": [
                    "versions.yml:md5,d41d8cd98f00b204e9800998ecf8427e",
                    "versions.yml:md5,d41d8cd98f00b204e9800998ecf8427e",
                    "versions.yml:md5,d41d8cd98f00b204e9800998ecf8427e"
                ],
                "integrations": [
                    [
                        {
                            "id": "bbknn"
                        },
                        "bbknn.h5ad:md5,d41d8cd98f00b204e9800998ecf8427e"
                    ]
                ],
                "obs": [
                    
                ],
                "obsm": [
                    
                ],
                "var": [
                    
                ],
                "versions": [
                    "versions.yml:md5,d41d8cd98f00b204e9800998ecf8427e",
                    "versions.yml:md5,d41d8cd98f00b204e9800998ecf8427e",
                    "versions.yml:md5,d41d8cd98f00b204e9800998ecf8427e"
                ]
            }
        ],
        "timestamp": "2026-03-25T15:47:40.215608271",
        "meta": {
            "nf-test": "0.9.4",
            "nextflow": "25.10.2"
        }
    },
    "Should run without failures - combat": {
        "content": [
            [
                "versions.yml:md5,20020d8c9cf585aaa75dd5a14aa5d3ae",
                "versions.yml:md5,a6c1e0a77e0d31423a9d77edba85127d",
                "versions.yml:md5,d28b65c4c18c54e1abc34040b584b823"
            ],
            "n_obs: 12940\nn_vars: 2077\nobs:\n  index: _index\n  columns:\n    - batch\n    - n_counts\n    - n_genes\n    - n_genes_by_counts\n    - pct_counts_mt\n    - total_counts\n    - total_counts_mt\nvar:\n  index: _index\n  columns:\n    - dispersions\n    - dispersions_norm\n    - highly_variable\n    - mean_counts\n    - means\n    - mt\n    - n_cells\n    - n_cells_by_counts\n    - n_counts\n    - pct_dropout_by_counts\n    - symbols\n    - total_counts\nlayers:\n  - counts\nobsm:\n  - X_emb\n  - X_pca\nvarm:\n  - PCs\nobsp:\nvarp:\nuns:\n  - hvg\n  - log1p\n  - pca\n"
        ],
        "timestamp": "2026-03-25T15:50:43.745384682",
        "meta": {
            "nf-test": "0.9.4",
            "nextflow": "25.10.2"
        }
    },
    "Should run without failures - extension mode - stub": {
        "content": [
            {
                "0": [
                    [
                        {
                            "id": "harmony"
                        },
                        "harmony.h5ad:md5,d41d8cd98f00b204e9800998ecf8427e"
                    ]
                ],
                "1": [
                    
                ],
                "2": [
                    "X_harmony.pkl:md5,d41d8cd98f00b204e9800998ecf8427e"
                ],
                "3": [
                    "versions.yml:md5,d41d8cd98f00b204e9800998ecf8427e"
                ],
                "integrations": [
                    [
                        {
                            "id": "harmony"
                        },
                        "harmony.h5ad:md5,d41d8cd98f00b204e9800998ecf8427e"
                    ]
                ],
                "obs": [
                    
                ],
                "obsm": [
                    "X_harmony.pkl:md5,d41d8cd98f00b204e9800998ecf8427e"
                ],
                "var": [
                    
                ],
                "versions": [
                    "versions.yml:md5,d41d8cd98f00b204e9800998ecf8427e"
                ]
            }
        ],
        "timestamp": "2026-03-25T15:50:57.251962289",
        "meta": {
            "nf-test": "0.9.4",
            "nextflow": "25.10.2"
        }
    },
    "Should run without failures - combat - stub": {
        "content": [
            {
                "0": [
                    [
                        {
                            "id": "combat"
                        },
                        "combat.h5ad:md5,d41d8cd98f00b204e9800998ecf8427e"
                    ]
                ],
                "1": [
                    
                ],
                "2": [
                    
                ],
                "3": [
                    "combat.pkl:md5,d41d8cd98f00b204e9800998ecf8427e"
                ],
                "4": [
                    "versions.yml:md5,d41d8cd98f00b204e9800998ecf8427e",
                    "versions.yml:md5,d41d8cd98f00b204e9800998ecf8427e",
                    "versions.yml:md5,d41d8cd98f00b204e9800998ecf8427e"
                ],
                "integrations": [
                    [
                        {
                            "id": "combat"
                        },
                        "combat.h5ad:md5,d41d8cd98f00b204e9800998ecf8427e"
                    ]
                ],
                "obs": [
                    
                ],
                "obsm": [
                    "combat.pkl:md5,d41d8cd98f00b204e9800998ecf8427e"
                ],
                "var": [
                    
                ],
                "versions": [
                    "versions.yml:md5,d41d8cd98f00b204e9800998ecf8427e",
                    "versions.yml:md5,d41d8cd98f00b204e9800998ecf8427e",
                    "versions.yml:md5,d41d8cd98f00b204e9800998ecf8427e"
                ]
            }
        ],
        "timestamp": "2026-03-25T15:49:26.334091777",
        "meta": {
            "nf-test": "0.9.4",
            "nextflow": "25.10.2"
        }
    },
    "Should run without failures - harmony": {
        "content": [
            [
                "versions.yml:md5,20020d8c9cf585aaa75dd5a14aa5d3ae",
                "versions.yml:md5,d28b65c4c18c54e1abc34040b584b823",
                "versions.yml:md5,f838f281f13db0dd578a991df1d8b57c"
            ],
            "n_obs: 12940\nn_vars: 2077\nobs:\n  index: _index\n  columns:\n    - batch\n    - n_counts\n    - n_genes\n    - n_genes_by_counts\n    - pct_counts_mt\n    - total_counts\n    - total_counts_mt\nvar:\n  index: _index\n  columns:\n    - dispersions\n    - dispersions_norm\n    - highly_variable\n    - mean_counts\n    - means\n    - mt\n    - n_cells\n    - n_cells_by_counts\n    - n_counts\n    - pct_dropout_by_counts\n    - symbols\n    - total_counts\nlayers:\n  - counts\nobsm:\n  - X_emb\nvarm:\nobsp:\nvarp:\nuns:\n  - hvg\n  - log1p\n"
        ],
        "timestamp": "2026-03-25T15:47:16.180497374",
        "meta": {
            "nf-test": "0.9.4",
            "nextflow": "25.10.2"
        }
    },
    "Should run without failures - bbknn": {
        "content": [
            [
                "versions.yml:md5,20020d8c9cf585aaa75dd5a14aa5d3ae",
                "versions.yml:md5,ccf730637c4c61a84ac4a002bf9832e0",
                "versions.yml:md5,d28b65c4c18c54e1abc34040b584b823"
            ],
            "n_obs: 12940\nn_vars: 2077\nobs:\n  index: _index\n  columns:\n    - batch\n    - n_counts\n    - n_genes\n    - n_genes_by_counts\n    - pct_counts_mt\n    - total_counts\n    - total_counts_mt\nvar:\n  index: _index\n  columns:\n    - dispersions\n    - dispersions_norm\n    - highly_variable\n    - mean_counts\n    - means\n    - mt\n    - n_cells\n    - n_cells_by_counts\n    - n_counts\n    - pct_dropout_by_counts\n    - symbols\n    - total_counts\nlayers:\n  - counts\nobsm:\n  - X_pca\nvarm:\n  - PCs\nobsp:\n  - connectivities\n  - distances\nvarp:\nuns:\n  - hvg\n  - log1p\n  - neighbors\n  - pca\n"
        ],
        "timestamp": "2026-03-25T15:49:08.65878862",
        "meta": {
            "nf-test": "0.9.4",
            "nextflow": "25.10.2"
        }
    }
}