{
    "Should run without failures - stub": {
        "content": [
            {
                "0": [
                    [
                        {
                            "id": "test"
                        },
                        "test.h5ad:md5,d41d8cd98f00b204e9800998ecf8427e"
                    ]
                ],
                "1": [
                    "test.pkl:md5,d41d8cd98f00b204e9800998ecf8427e"
                ],
                "2": [
                    "test.npy:md5,d41d8cd98f00b204e9800998ecf8427e"
                ],
                "3": [
                    "versions.yml:md5,d41d8cd98f00b204e9800998ecf8427e"
                ],
                "h5ad": [
                    [
                        {
                            "id": "test"
                        },
                        "test.h5ad:md5,d41d8cd98f00b204e9800998ecf8427e"
                    ]
                ],
                "layers": [
                    "test.npy:md5,d41d8cd98f00b204e9800998ecf8427e"
                ],
                "obsm": [
                    "test.pkl:md5,d41d8cd98f00b204e9800998ecf8427e"
                ],
                "versions": [
                    "versions.yml:md5,d41d8cd98f00b204e9800998ecf8427e"
                ]
            }
        ],
        "meta": {
            "nf-test": "0.9.0",
            "nextflow": "25.04.2"
        },
        "timestamp": "2025-06-03T07:48:07.847500785"
    },
    "Should run without failures": {
        "content": [
            {
                "0": [
                    [
                        {
                            "id": "test"
                        },
                        "test.h5ad:md5,57bf39219a16681b766144910dcfcbea"
                    ]
                ],
                "1": [
                    "X_test.pkl:md5,ba64ec38ad8fa0a310c683579b2d231b"
                ],
                "2": [
                    "test.npy:md5,0be99b86fae136531e0862a50d613b15"
                ],
                "3": [
                    "versions.yml:md5,18e6151255e6e40e1d9d4923d89f6a78"
                ],
                "h5ad": [
                    [
                        {
                            "id": "test"
                        },
                        "test.h5ad:md5,57bf39219a16681b766144910dcfcbea"
                    ]
                ],
                "layers": [
                    "test.npy:md5,0be99b86fae136531e0862a50d613b15"
                ],
                "obsm": [
                    "X_test.pkl:md5,ba64ec38ad8fa0a310c683579b2d231b"
                ],
                "versions": [
                    "versions.yml:md5,18e6151255e6e40e1d9d4923d89f6a78"
                ]
            }
        ],
        "meta": {
            "nf-test": "0.9.0",
            "nextflow": "25.04.2"
        },
        "timestamp": "2025-06-05T00:22:48.361850349"
    }
}